15:41:39  Acquired tunnel connection to device.
15:41:39  Enabling developer disk image services.
15:41:39  Acquired usage assertion.
Launched application with kz.salemx.msg bundle identifier.
Waiting for the application to terminate…
2026-04-22T10:41:46.185444Z  INFO matrix_sdk_ffi::platform: Logging has been set up env_filter="panic=error,hyper=warn,matrix_sdk_ffi=info,matrix_sdk=info,matrix_sdk::client=trace,matrix_sdk_crypto=debug,matrix_sdk_crypto::olm::account=trace,matrix_sdk::oidc=trace,matrix_sdk::http_client=debug,matrix_sdk::sliding_sync=info,matrix_sdk_base::sliding_sync=info,matrix_sdk_ui::timeline=info,matrix_sdk::send_queue=info,matrix_sdk::event_cache=info,matrix_sdk::latest_events=info,matrix_sdk_base::event_cache=info,matrix_sdk_sqlite::event_cache_store=info,matrix_sdk_common::cross_process_lock=warn,matrix_sdk_common::deserialized_responses=info,matrix_sdk_base::store::ambiguity_map=warn,matrix_sdk_ui::notification_client=info,matrix_sdk_base::response_processors=debug,elementx=info" | bindings/matrix-sdk-ffi/src/platform/mod.rs:602
2026-04-22T10:41:46.193643Z  INFO elementx: SalemX 26.03.4 (1) | AppCoordinator.swift:91 | spans: root
2026-04-22T10:41:46.228043Z  INFO elementx: NavigationRootCoordinator(SalemX.SplashScreenCoordinator Set root: SalemX.SplashScreenCoordinator | NavigationRootCoordinator.swift:153 | spans: root
2026-04-22T10:41:46.269213Z  INFO elementx: Sentry configured (enabled: false) | AppCoordinator.swift:1026 | spans: root
2026-04-22T10:41:46.273517Z  INFO elementx: App setting 'enableNotifications' is 'true' | NotificationManager.swift:51 | spans: root
2026-04-22T10:41:46.273833Z  INFO elementx: [CALL-END-TRACE][CANARY-APP-LAUNCH] local_trace_id=app_launch room_id=n/a widget_id=n/a callkit_id=n/a | AppCoordinator.swift:162 | spans: root
2026-04-22T10:41:46.275423Z  INFO elementx: Register background app refresh with result: true | AppCoordinator.swift:1205 | spans: root
2026-04-22T10:41:46.372797Z  INFO elementx: Network reachability changed to reachable | NetworkMonitor.swift:30 | spans: root
2026-04-22T10:41:46.381808Z  INFO elementx: Transitioning from `initial` to `restoringSession` with event `startWithExistingSession` | AppCoordinatorStateMachine.swift:93 | spans: root
2026-04-22T10:41:46.387201Z  INFO elementx: No global proxy configured. | URL.swift:113 | spans: root > Global proxy
spawning a multithreaded tokio runtime
2026-04-22T10:41:46.395518Z DEBUG matrix_sdk::client::builder: Starting to build the Client | crates/matrix-sdk/src/client/builder/mod.rs:533 | spans: root > build
2026-04-22T10:41:46.586679Z  INFO elementx: Application did become active | AppCoordinator.swift:1178 | spans: root
2026-04-22T10:41:46.646246Z  INFO matrix_sdk::client::builder: selected sliding sync version version=None | crates/matrix-sdk/src/client/builder/mod.rs:585 | spans: root > build{homeserver=HomeserverUrl("https://matrix.mertis.kz/")}
2026-04-22T10:41:46.649910Z DEBUG matrix_sdk::client::thread_subscriptions: Thread subscriptions catchup not enabled, not starting the catchup task | crates/matrix-sdk/src/client/thread_subscriptions.rs:161
2026-04-22T10:41:46.650053Z DEBUG matrix_sdk::client::builder: Done building the Client | crates/matrix-sdk/src/client/builder/mod.rs:637 | spans: root > build{homeserver=HomeserverUrl("https://matrix.mertis.kz/")}
2026-04-22T10:41:46.669258Z DEBUG matrix_sdk_crypto::machine: Restored an Olm account | crates/matrix-sdk-crypto/src/machine/mod.rs:330 | spans: root > restore_session_with > with_store{user_id="@test2:mertis.kz" device_id="Z4J1wfeukl" ed25519_key=YBVytjQtW7p4YXBJoNbTH+now14oHD2Y4+X/t53VPzE curve25519_key=WN4Ll6tmb1nN1pN/+KQTWEHeSBBpkeJcmfJM74EgNB4}
2026-04-22T10:41:46.672104Z DEBUG matrix_sdk_crypto::machine: Restored the cross signing identity master_key=Some("ed25519:9yIZ9iFkLpNrF0D0Q6QiBzAzecWulE9Gcf2F5Aez9+0") | crates/matrix-sdk-crypto/src/machine/mod.rs:374 | spans: root > restore_session_with > with_store{user_id="@test2:mertis.kz" device_id="Z4J1wfeukl" ed25519_key=YBVytjQtW7p4YXBJoNbTH+now14oHD2Y4+X/t53VPzE curve25519_key=WN4Ll6tmb1nN1pN/+KQTWEHeSBBpkeJcmfJM74EgNB4}
2026-04-22T10:41:46.676277Z  INFO elementx: Set up session for user @test2:mertis.kz at: Data: /private/var/mobile/Containers/Shared/AppGroup/99D73CAD-D41E-4571-937C-CDF4CB70AA29/Library/Application Support/kz.salemx.msg/Sessions/F3D999A9-6A6E-4670-84CA-C6CF7685EAA0 Caches: /private/var/mobile/Containers/Shared/AppGroup/99D73CAD-D41E-4571-937C-CDF4CB70AA29/Library/Caches/kz.salemx.msg/Sessions/F3D999A9-6A6E-4670-84CA-C6CF7685EAA0 | UserSessionStore.swift:145 | spans: root
2026-04-22T10:41:46.680924Z  INFO matrix_sdk::encryption::backups: Setting up secret listeners and trying to resume backups | crates/matrix-sdk/src/encryption/backups/mod.rs:752
2026-04-22T10:41:46.681735Z  INFO matrix_sdk_crypto::backups: Activated a backup backup_key=MegolmV1BackupKey { key: "f8Iv7vPv1UF2NyrwUIzJCOpy+qhU01pXFaR3uSgjul4", version: Some("1") } | crates/matrix-sdk-crypto/src/backups/mod.rs:389
2026-04-22T10:41:46.681767Z  INFO matrix_sdk::encryption::backups: Backup state changed from Unknown to Enabled | crates/matrix-sdk/src/encryption/backups/mod.rs:527
2026-04-22T10:41:46.681798Z  INFO matrix_sdk::encryption::recovery: Setting up account data listeners and trying to setup recovery | crates/matrix-sdk/src/encryption/recovery/mod.rs:610
2026-04-22T10:41:46.683068Z  INFO elementx: Checking if backup exists on the server | SecureBackupController.swift:196 | spans: root
2026-04-22T10:41:46.683262Z  INFO elementx: Recovery state changed to: unknown, setting local state to unknown | SecureBackupController.swift:80 | spans: root
2026-04-22T10:41:46.683374Z  INFO elementx: Key backup state changed to: enabled, setting local state to enabled | SecureBackupController.swift:59 | spans: root
2026-04-22T10:41:46.685159Z DEBUG matrix_sdk::http_client::native: Sending request num_attempt=1 | crates/matrix-sdk/src/http_client/native.rs:78 | spans: root > send{request_id="REQ-1" method=GET uri="https://matrix.mertis.kz/_matrix/client/v3/room_keys/version"}
2026-04-22T10:41:46.685167Z DEBUG matrix_sdk::http_client::native: Sending request num_attempt=1 | crates/matrix-sdk/src/http_client/native.rs:78 | spans: send{request_id="REQ-0" method=GET uri="https://matrix.mertis.kz/_matrix/client/v3/user/@test2:mertis.kz/account_data/m.secret_storage.default_key"}
2026-04-22T10:41:46.689291Z DEBUG matrix_sdk::http_client::native: Sending request num_attempt=1 | crates/matrix-sdk/src/http_client/native.rs:78 | spans: send{request_id="REQ-2" method=GET uri="https://matrix.mertis.kz/_matrix/client/v3/user/@test2:mertis.kz/account_data/m.secret_storage.default_key"}
2026-04-22T10:41:46.694148Z DEBUG matrix_sdk_crypto::machine: Initialising crypto store generation at 9 | crates/matrix-sdk-crypto/src/machine/mod.rs:2852 | spans: root
2026-04-22T10:41:46.699418Z  INFO elementx: AlternateAllRooms: Received state update: loaded(maximumNumberOfRooms: Optional(4)) | RoomSummaryProvider.swift:105 | spans: root
2026-04-22T10:41:46.699441Z  INFO elementx: AllRooms: Received state update: loaded(maximumNumberOfRooms: Optional(4)) | RoomSummaryProvider.swift:105 | spans: root
2026-04-22T10:41:46.699737Z  INFO elementx: StaticAllRooms: Received state update: loaded(maximumNumberOfRooms: Optional(4)) | RoomSummaryProvider.swift:105 | spans: root
2026-04-22T10:41:46.703604Z  INFO elementx: Application will resign active | AppCoordinator.swift:1153 | spans: root
2026-04-22T10:41:46.706759Z  INFO elementx: Session security state changed, verificationState: verified, recoveryState: unknown | UserSession.swift:48 | spans: root
2026-04-22T10:41:46.747322Z ERROR elementx: Received background task early termination | ClientProxy.swift:247 | spans: root
2026-04-22T10:41:46.747468Z ERROR elementx: Received background task early termination | ClientProxy.swift:247 | spans: root
2026-04-22T10:41:46.747486Z ERROR elementx: Received background task early termination | ClientProxy.swift:247 | spans: root
2026-04-22T10:41:46.760915Z  INFO elementx: Successfully scheduled background app refresh task | AppCoordinator.swift:1216 | spans: root
2026-04-22T10:41:46.761428Z  INFO elementx: AllRooms: Updating visible range: 0..<0 | RoomSummaryProvider.swift:166 | spans: root
2026-04-22T10:41:46.761887Z  INFO elementx: AlternateAllRooms: Updating visible range: 0..<0 | RoomSummaryProvider.swift:166 | spans: root
2026-04-22T10:41:46.762129Z  INFO elementx: StaticAllRooms: Updating visible range: 0..<0 | RoomSummaryProvider.swift:166 | spans: root
2026-04-22T10:41:46.762600Z  INFO elementx: Starting sync | ClientProxy.swift:442 | spans: root
2026-04-22T10:41:46.763498Z  INFO elementx: Starting sync | ClientProxy.swift:442 | spans: root
2026-04-22T10:41:46.763594Z  INFO elementx: Transitioning from `restoringSession` to `signedIn` with event `createdUserSession` | AppCoordinatorStateMachine.swift:93 | spans: root
2026-04-22T10:41:46.763637Z  INFO elementx: Received sync service update: running | ClientProxy.swift:1106 | spans: root
2026-04-22T10:41:46.763796Z DEBUG matrix_sdk::http_client::native: Sending request num_attempt=1 | crates/matrix-sdk/src/http_client/native.rs:78 | spans: root > send{request_id="REQ-3" method=GET uri="https://matrix.mertis.kz/_matrix/client/unstable/org.matrix.msc2965/auth_metadata"}
2026-04-22T10:41:46.765073Z  INFO elementx: NavigationRootCoordinator(NavigationTabCoordinator(Empty) Set root: NavigationTabCoordinator(Empty) | NavigationRootCoordinator.swift:153 | spans: root
2026-04-22T10:41:46.765130Z  INFO elementx: Notification sound enabled: false | NotificationManager.swift:106 | spans: root
2026-04-22T10:41:46.766001Z  INFO elementx: NavigationSplitCoordinator(NavigationStackCoordinator(Empty) | Empty) Set sidebar: NavigationStackCoordinator(Empty) | NavigationCoordinators.swift:302 | spans: root
2026-04-22T10:41:46.766474Z  INFO matrix_sdk::sliding_sync: Marking all tracked users as dirty | crates/matrix-sdk/src/sliding_sync/mod.rs:479 | spans: root > next_sync_with_lock{store_generation=9} > sync_once{conn_id="encryption"}
2026-04-22T10:41:46.767300Z DEBUG matrix_sdk::http_client::native: Sending request num_attempt=1 | crates/matrix-sdk/src/http_client/native.rs:78 | spans: sync_once{conn_id="room-list" pos="581/s1125_6524_62_153_270_1_276_234_0_1_1_1" timeout=0} > send{request_id="REQ-4" method=POST uri="https://matrix.mertis.kz/_matrix/client/unstable/org.matrix.simplified_msc3575/sync" request_size="647B"}
2026-04-22T10:41:46.767307Z DEBUG matrix_sdk::http_client::native: Sending request num_attempt=1 | crates/matrix-sdk/src/http_client/native.rs:78 | spans: root > next_sync_with_lock{store_generation=9} > sync_once{conn_id="encryption"  timeout=30000} > send{request_id="REQ-5" method=POST uri="https://matrix.mertis.kz/_matrix/client/unstable/org.matrix.simplified_msc3575/sync" request_size="106B"}
2026-04-22T10:41:46.767757Z DEBUG matrix_sdk_crypto::session_manager::sessions: Collected user/device pairs that are missing an Olm session missing_session_devices_by_user={} timed_out_devices_by_user={} | crates/matrix-sdk-crypto/src/session_manager/sessions.rs:285 | spans: root > next_sync_with_lock{store_generation=9} > sync_once{conn_id="encryption"  timeout=30000} > send_outgoing_requests > get_missing_sessions
2026-04-22T10:41:46.769549Z  INFO elementx: Transitioning from `initial` to `roomList(detailState: nil)` with event `start` | ChatsTabFlowCoordinatorStateMachine.swift:229 | spans: root
2026-04-22T10:41:46.770078Z DEBUG matrix_sdk_crypto::identities::manager: Created a /keys/query request request_id="0b95dbb3db644fee98875323fcd1eb89" users=["@aktau:mertis.kz", "@alm:mertis.kz", "@astana:mertis.kz", "@test2:mertis.kz"] | crates/matrix-sdk-crypto/src/identities/manager.rs:877 | spans: root > next_sync_with_lock{store_generation=9} > sync_once{conn_id="encryption"  timeout=30000} > send_outgoing_requests
2026-04-22T10:41:46.771091Z DEBUG matrix_sdk::http_client::native: Sending request num_attempt=1 | crates/matrix-sdk/src/http_client/native.rs:78 | spans: root > next_sync_with_lock{store_generation=9} > sync_once{conn_id="encryption"  timeout=30000} > send_outgoing_requests > keys_query{request_id="0b95dbb3db644fee98875323fcd1eb89"} > send{request_id="REQ-6" method=POST uri="https://matrix.mertis.kz/_matrix/client/v3/keys/query" request_size="104B"}
2026-04-22T10:41:46.774330Z  INFO elementx: NavigationStackCoordinator(SalemX.HomeScreenCoordinator) Set root: SalemX.HomeScreenCoordinator | NavigationCoordinators.swift:686 | spans: root
2026-04-22T10:41:46.774613Z  INFO elementx: NavigationStackCoordinator(SalemX.CallsScreenCoordinator) Set root: SalemX.CallsScreenCoordinator | NavigationCoordinators.swift:686 | spans: root
2026-04-22T10:41:46.775415Z  INFO elementx: NavigationStackCoordinator(SalemX.StartChatScreenCoordinator) Set root: SalemX.StartChatScreenCoordinator | NavigationCoordinators.swift:686 | spans: root
2026-04-22T10:41:46.775935Z  INFO elementx: NavigationStackCoordinator(SalemX.SettingsScreenCoordinator) Set root: SalemX.SettingsScreenCoordinator | NavigationCoordinators.swift:686 | spans: root
2026-04-22T10:41:46.775950Z  INFO elementx: Security state is still unknown, waiting before deciding post-login flow | UserSessionFlowCoordinator.swift:385 | spans: root
2026-04-22T10:41:46.867748Z  INFO elementx: Security state is still unknown, waiting before deciding post-login flow | UserSessionFlowCoordinator.swift:385 | spans: root
2026-04-22T10:41:46.868033Z  INFO elementx: Homeserver reachability: reachable | UserSessionFlowCoordinator.swift:275 | spans: root
2026-04-22T10:41:46.868929Z  INFO elementx: Received room summary provider update, setting view room list mode to "Showing rooms" | HomeScreenViewModel.swift:345 | spans: root
2026-04-22T10:41:46.870298Z DEBUG matrix_sdk::http_client::native: Sending request num_attempt=1 | crates/matrix-sdk/src/http_client/native.rs:78 | spans: root > send{request_id="REQ-7" method=GET uri="https://matrix.mertis.kz/_matrix/client/v3/profile/@test2:mertis.kz/avatar_url"}
2026-04-22T10:41:46.870560Z ERROR elementx: Transaction not started or already finished | Signposter.swift:82 | spans: root
2026-04-22T10:41:46.874165Z ERROR elementx: Received background task early termination | ClientProxy.swift:247 | spans: root
2026-04-22T10:41:46.874976Z ERROR elementx: Received background task early termination | ClientProxy.swift:247 | spans: root
2026-04-22T10:41:46.914621Z DEBUG matrix_sdk::http_client::native: Sending request num_attempt=1 | crates/matrix-sdk/src/http_client/native.rs:78 | spans: send{request_id="REQ-8" method=GET uri="https://matrix.mertis.kz/_matrix/client/v3/profile/@test2:mertis.kz/avatar_url"}
2026-04-22T10:41:47.506801Z  INFO elementx: Application did become active | AppCoordinator.swift:1178 | spans: root
2026-04-22T10:41:47.506904Z  INFO elementx: Ending background task. | AppCoordinator.swift:1188 | spans: root
2026-04-22T10:41:47.507905Z  INFO elementx: Starting sync | ClientProxy.swift:442 | spans: root
2026-04-22T10:41:47.517846Z DEBUG matrix_sdk::http_client: Got response | crates/matrix-sdk/src/http_client/mod.rs:214 | spans: send{request_id="REQ-0" method=GET uri="https://matrix.mertis.kz/_matrix/client/v3/user/@test2:mertis.kz/account_data/m.secret_storage.default_key" status=200 response_size="42B" request_duration=832.479375ms}
2026-04-22T10:41:47.518711Z  INFO matrix_sdk::encryption::recovery: Recovery state changed from Unknown to Enabled | crates/matrix-sdk/src/encryption/recovery/mod.rs:686 | spans: root
2026-04-22T10:41:47.519285Z  INFO elementx: Session security state changed, verificationState: verified, recoveryState: enabled | UserSession.swift:48 | spans: root
2026-04-22T10:41:47.519393Z  INFO elementx: Recovery state changed to: enabled, setting local state to enabled | SecureBackupController.swift:80 | spans: root
2026-04-22T10:41:47.565931Z  INFO elementx: Recovery is enabled, skipping onboarding and opening chats directly | UserSessionFlowCoordinator.swift:395 | spans: root
2026-04-22T10:41:47.611004Z DEBUG matrix_sdk::http_client: Got response | crates/matrix-sdk/src/http_client/mod.rs:214 | spans: root > send{request_id="REQ-1" method=GET uri="https://matrix.mertis.kz/_matrix/client/v3/room_keys/version" status=200 response_size="453B" request_duration=925.693416ms}
2026-04-22T10:41:47.616399Z DEBUG matrix_sdk::http_client: Got response | crates/matrix-sdk/src/http_client/mod.rs:214 | spans: root > next_sync_with_lock{store_generation=9} > sync_once{conn_id="encryption"  timeout=30000} > send{request_id="REQ-5" method=POST uri="https://matrix.mertis.kz/_matrix/client/unstable/org.matrix.simplified_msc3575/sync" request_size="106B" status=200 response_size="242B" request_duration=848.663375ms}
2026-04-22T10:41:47.689709Z DEBUG matrix_sdk::http_client: Got response | crates/matrix-sdk/src/http_client/mod.rs:214 | spans: sync_once{conn_id="room-list" pos="581/s1125_6524_62_153_270_1_276_234_0_1_1_1" timeout=0} > send{request_id="REQ-4" method=POST uri="https://matrix.mertis.kz/_matrix/client/unstable/org.matrix.simplified_msc3575/sync" request_size="647B" status=200 response_size="377B" request_duration=920.813ms}
2026-04-22T10:41:47.692560Z  INFO elementx: Received room list update: settingUp | ClientProxy.swift:1143 | spans: root
2026-04-22T10:41:47.692594Z  INFO elementx: AllRooms: Received state update: loaded(maximumNumberOfRooms: Optional(4)) | RoomSummaryProvider.swift:105 | spans: root
2026-04-22T10:41:47.693159Z  INFO elementx: StaticAllRooms: Received state update: loaded(maximumNumberOfRooms: Optional(4)) | RoomSummaryProvider.swift:105 | spans: root
2026-04-22T10:41:47.693181Z  INFO elementx: AlternateAllRooms: Received state update: loaded(maximumNumberOfRooms: Optional(4)) | RoomSummaryProvider.swift:105 | spans: root
2026-04-22T10:41:47.693211Z DEBUG matrix_sdk::http_client::native: Sending request num_attempt=1 | crates/matrix-sdk/src/http_client/native.rs:78 | spans: root > send{request_id="REQ-9" method=GET uri="https://matrix.mertis.kz/_matrix/client/v3/user/@test2:mertis.kz/account_data/m.ignored_user_list"}
2026-04-22T10:41:47.693576Z DEBUG matrix_sdk::http_client::native: Sending request num_attempt=1 | crates/matrix-sdk/src/http_client/native.rs:78 | spans: root > sync_once{conn_id="room-list" pos="581/s1125_6524_62_153_270_1_276_234_0_1_1_1" timeout=0} > send{request_id="REQ-10" method=POST uri="https://matrix.mertis.kz/_matrix/client/unstable/org.matrix.simplified_msc3575/sync" request_size="646B"}
2026-04-22T10:41:47.706503Z DEBUG matrix_sdk::http_client: Got response | crates/matrix-sdk/src/http_client/mod.rs:214 | spans: root > next_sync_with_lock{store_generation=9} > sync_once{conn_id="encryption"  timeout=30000} > send_outgoing_requests > keys_query{request_id="0b95dbb3db644fee98875323fcd1eb89"} > send{request_id="REQ-6" method=POST uri="https://matrix.mertis.kz/_matrix/client/v3/keys/query" request_size="104B" status=200 response_size="36.3k" request_duration=934.951667ms}
2026-04-22T10:41:47.706612Z DEBUG matrix_sdk::http_client: Got response | crates/matrix-sdk/src/http_client/mod.rs:214 | spans: root > send{request_id="REQ-7" method=GET uri="https://matrix.mertis.kz/_matrix/client/v3/profile/@test2:mertis.kz/avatar_url" status=200 response_size="57B" request_duration=836.223042ms}
2026-04-22T10:41:47.706795Z DEBUG matrix_sdk::http_client: Got response | crates/matrix-sdk/src/http_client/mod.rs:214 | spans: root > send{request_id="REQ-3" method=GET uri="https://matrix.mertis.kz/_matrix/client/unstable/org.matrix.msc2965/auth_metadata" status=200 response_size="2.6k" request_duration=942.853625ms}
2026-04-22T10:41:47.706931Z DEBUG matrix_sdk_crypto::identities::manager: Handling a `/keys/query` response request_id="0b95dbb3db644fee98875323fcd1eb89" users={"@aktau:mertis.kz", "@alm:mertis.kz", "@astana:mertis.kz", "@test2:mertis.kz"} failures={} | crates/matrix-sdk-crypto/src/identities/manager.rs:135 | spans: root > next_sync_with_lock{store_generation=9} > sync_once{conn_id="encryption"  timeout=30000} > send_outgoing_requests > keys_query{request_id="0b95dbb3db644fee98875323fcd1eb89"}
2026-04-22T10:41:47.709311Z DEBUG matrix_sdk::http_client::native: Sending request num_attempt=1 | crates/matrix-sdk/src/http_client/native.rs:78 | spans: send{request_id="REQ-11" method=GET uri="https://matrix.mertis.kz/_matrix/client/v3/profile/@test2:mertis.kz/displayname"}
2026-04-22T10:41:47.710243Z DEBUG matrix_sdk::http_client: Got response | crates/matrix-sdk/src/http_client/mod.rs:214 | spans: send{request_id="REQ-2" method=GET uri="https://matrix.mertis.kz/_matrix/client/v3/user/@test2:mertis.kz/account_data/m.secret_storage.default_key" status=200 response_size="42B" request_duration=1.017774042s}
2026-04-22T10:41:47.712820Z  INFO elementx: Session security state changed, verificationState: verified, recoveryState: enabled | UserSession.swift:48 | spans: root
2026-04-22T10:41:47.712863Z  INFO elementx: Recovery state changed to: enabled, setting local state to enabled | SecureBackupController.swift:80 | spans: root
2026-04-22T10:41:47.715873Z DEBUG matrix_sdk::http_client: Got response | crates/matrix-sdk/src/http_client/mod.rs:214 | spans: send{request_id="REQ-8" method=GET uri="https://matrix.mertis.kz/_matrix/client/v3/profile/@test2:mertis.kz/avatar_url" status=200 response_size="57B" request_duration=801.160042ms}
2026-04-22T10:41:47.719361Z DEBUG matrix_sdk::http_client::native: Sending request num_attempt=1 | crates/matrix-sdk/src/http_client/native.rs:78 | spans: send{request_id="REQ-12" method=GET uri="https://matrix.mertis.kz/_matrix/client/v3/profile/@test2:mertis.kz/displayname"}
2026-04-22T10:41:47.732659Z DEBUG matrix_sdk_crypto::identities::manager: Finished handling of the `/keys/query` response request_id="0b95dbb3db644fee98875323fcd1eb89" new_devices={} changed_devices={} deleted_devices={} new_identities={} changed_identities={} | crates/matrix-sdk-crypto/src/identities/manager.rs:1205 | spans: root > next_sync_with_lock{store_generation=9} > sync_once{conn_id="encryption"  timeout=30000} > send_outgoing_requests > keys_query{request_id="0b95dbb3db644fee98875323fcd1eb89"}
2026-04-22T10:41:47.732886Z DEBUG matrix_sdk::http_client::native: Sending request num_attempt=1 | crates/matrix-sdk/src/http_client/native.rs:78 | spans: root > next_sync_with_lock{store_generation=9} > sync_once{conn_id="encryption"  timeout=30000} > send_outgoing_requests > keys_query{request_id="0b95dbb3db644fee98875323fcd1eb89"} > update_state_after_keys_query > send{request_id="REQ-13" method=GET uri="https://matrix.mertis.kz/_matrix/client/v3/user/@test2:mertis.kz/account_data/m.secret_storage.default_key"}
2026-04-22T10:41:47.758302Z ERROR matrix_sdk::http_client: Error while sending request: Api(Server(ClientApi(Error { status_code: 404, body: Standard(StandardErrorBody { kind: NotFound, message: "Account data not found" }) }))) | crates/matrix-sdk/src/http_client/mod.rs:218 | spans: root > send{request_id="REQ-9" method=GET uri="https://matrix.mertis.kz/_matrix/client/v3/user/@test2:mertis.kz/account_data/m.ignored_user_list" status=404 response_size="58B" request_duration=64.774292ms}
2026-04-22T10:41:47.764440Z  INFO elementx: Send queue status changed to enabled: false, homeserver reachability: reachable | ClientProxy.swift:295 | spans: root
2026-04-22T10:41:47.764460Z  INFO elementx: Enabling all send queues | ClientProxy.swift:298 | spans: root
2026-04-22T10:41:47.766988Z DEBUG matrix_sdk::http_client: Got response | crates/matrix-sdk/src/http_client/mod.rs:214 | spans: root > sync_once{conn_id="room-list" pos="581/s1125_6524_62_153_270_1_276_234_0_1_1_1" timeout=0} > send{request_id="REQ-10" method=POST uri="https://matrix.mertis.kz/_matrix/client/unstable/org.matrix.simplified_msc3575/sync" request_size="646B" status=200 response_size="376B" request_duration=73.148083ms}
2026-04-22T10:41:47.767398Z  INFO elementx: Received room list update: running | ClientProxy.swift:1143 | spans: root
2026-04-22T10:41:47.767754Z DEBUG matrix_sdk::http_client::native: Sending request num_attempt=1 | crates/matrix-sdk/src/http_client/native.rs:78 | spans: root > sync_once{conn_id="room-list" pos="581/s1125_6524_62_153_270_1_276_234_0_1_1_1" timeout=30000} > send{request_id="REQ-14" method=POST uri="https://matrix.mertis.kz/_matrix/client/unstable/org.matrix.simplified_msc3575/sync" request_size="646B"}
2026-04-22T10:41:47.781955Z DEBUG matrix_sdk::http_client: Got response | crates/matrix-sdk/src/http_client/mod.rs:214 | spans: send{request_id="REQ-11" method=GET uri="https://matrix.mertis.kz/_matrix/client/v3/profile/@test2:mertis.kz/displayname" status=200 response_size="23B" request_duration=72.414584ms}
2026-04-22T10:41:47.782053Z DEBUG matrix_sdk::http_client: Got response | crates/matrix-sdk/src/http_client/mod.rs:214 | spans: root > next_sync_with_lock{store_generation=9} > sync_once{conn_id="encryption"  timeout=30000} > send_outgoing_requests > keys_query{request_id="0b95dbb3db644fee98875323fcd1eb89"} > update_state_after_keys_query > send{request_id="REQ-13" method=GET uri="https://matrix.mertis.kz/_matrix/client/v3/user/@test2:mertis.kz/account_data/m.secret_storage.default_key" status=200 response_size="42B" request_duration=48.839042ms}
2026-04-22T10:41:47.782571Z  INFO elementx: Session security state changed, verificationState: verified, recoveryState: enabled | UserSession.swift:48 | spans: root
2026-04-22T10:41:47.782604Z  INFO elementx: Recovery state changed to: enabled, setting local state to enabled | SecureBackupController.swift:80 | spans: root
2026-04-22T10:41:47.783053Z  INFO elementx: Session security state changed, verificationState: verified, recoveryState: enabled | UserSession.swift:48 | spans: root
2026-04-22T10:41:47.785607Z DEBUG matrix_sdk::http_client::native: Sending request num_attempt=1 | crates/matrix-sdk/src/http_client/native.rs:78 | spans: root > next_sync_with_lock{store_generation=9} > sync_once{conn_id="encryption" pos="0/s1125_6524_62_153_270_1_276_234_0_1_1_1" timeout=30000} > send{request_id="REQ-15" method=POST uri="https://matrix.mertis.kz/_matrix/client/unstable/org.matrix.simplified_msc3575/sync" request_size="106B"}
2026-04-22T10:41:47.785751Z DEBUG matrix_sdk_crypto::session_manager::sessions: Collected user/device pairs that are missing an Olm session missing_session_devices_by_user={} timed_out_devices_by_user={} | crates/matrix-sdk-crypto/src/session_manager/sessions.rs:285 | spans: root > next_sync_with_lock{store_generation=9} > sync_once{conn_id="encryption" pos="0/s1125_6524_62_153_270_1_276_234_0_1_1_1" timeout=30000} > send_outgoing_requests > get_missing_sessions
2026-04-22T10:41:47.785960Z DEBUG matrix_sdk::http_client: Got response | crates/matrix-sdk/src/http_client/mod.rs:214 | spans: send{request_id="REQ-12" method=GET uri="https://matrix.mertis.kz/_matrix/client/v3/profile/@test2:mertis.kz/displayname" status=200 response_size="23B" request_duration=66.569208ms}
2026-04-22T10:41:53.555601Z  INFO elementx: Network reachability changed to reachable | NetworkMonitor.swift:30 | spans: root
2026-04-22T10:42:17.854979Z DEBUG matrix_sdk::http_client: Got response | crates/matrix-sdk/src/http_client/mod.rs:214 | spans: root > next_sync_with_lock{store_generation=9} > sync_once{conn_id="encryption" pos="0/s1125_6524_62_153_270_1_276_234_0_1_1_1" timeout=30000} > send{request_id="REQ-15" method=POST uri="https://matrix.mertis.kz/_matrix/client/unstable/org.matrix.simplified_msc3575/sync" request_size="106B" status=200 response_size="282B" request_duration=30.063928792s}
2026-04-22T10:42:17.855909Z DEBUG matrix_sdk::http_client: Got response | crates/matrix-sdk/src/http_client/mod.rs:214 | spans: root > sync_once{conn_id="room-list" pos="581/s1125_6524_62_153_270_1_276_234_0_1_1_1" timeout=30000} > send{request_id="REQ-14" method=POST uri="https://matrix.mertis.kz/_matrix/client/unstable/org.matrix.simplified_msc3575/sync" request_size="646B" status=200 response_size="376B" request_duration=30.082088333s}
2026-04-22T10:42:17.864236Z DEBUG matrix_sdk::http_client::native: Sending request num_attempt=1 | crates/matrix-sdk/src/http_client/native.rs:78 | spans: root > next_sync_with_lock{store_generation=9} > sync_once{conn_id="encryption" pos="0/s1125_6524_62_153_270_1_276_234_0_1_1_1" timeout=30000} > send{request_id="REQ-16" method=POST uri="https://matrix.mertis.kz/_matrix/client/unstable/org.matrix.simplified_msc3575/sync" request_size="106B"}
2026-04-22T10:42:17.864982Z DEBUG matrix_sdk_crypto::session_manager::sessions: Collected user/device pairs that are missing an Olm session missing_session_devices_by_user={} timed_out_devices_by_user={} | crates/matrix-sdk-crypto/src/session_manager/sessions.rs:285 | spans: root > next_sync_with_lock{store_generation=9} > sync_once{conn_id="encryption" pos="0/s1125_6524_62_153_270_1_276_234_0_1_1_1" timeout=30000} > send_outgoing_requests > get_missing_sessions
2026-04-22T10:42:17.865008Z  INFO elementx: Received room list update: running | ClientProxy.swift:1143 | spans: root
2026-04-22T10:42:17.865029Z DEBUG matrix_sdk::http_client::native: Sending request num_attempt=1 | crates/matrix-sdk/src/http_client/native.rs:78 | spans: root > sync_once{conn_id="room-list" pos="581/s1125_6524_62_153_270_1_276_234_0_1_1_1" timeout=30000} > send{request_id="REQ-17" method=POST uri="https://matrix.mertis.kz/_matrix/client/unstable/org.matrix.simplified_msc3575/sync" request_size="646B"}
2026-04-22T10:42:17.890695Z ERROR matrix_sdk::http_client: Error while sending request: Api(Server(ClientApi(Error { status_code: 401, body: Standard(StandardErrorBody { kind: UnknownToken(UnknownTokenErrorData { soft_logout: false }), message: "Token is not active" }) }))) | crates/matrix-sdk/src/http_client/mod.rs:218 | spans: root > sync_once{conn_id="room-list" pos="581/s1125_6524_62_153_270_1_276_234_0_1_1_1" timeout=30000} > send{request_id="REQ-17" method=POST uri="https://matrix.mertis.kz/_matrix/client/unstable/org.matrix.simplified_msc3575/sync" request_size="646B" status=401 response_size="79B" request_duration=24.703416ms}
2026-04-22T10:42:17.890756Z ERROR matrix_sdk::http_client: Error while sending request: Api(Server(ClientApi(Error { status_code: 401, body: Standard(StandardErrorBody { kind: UnknownToken(UnknownTokenErrorData { soft_logout: false }), message: "Token is not active" }) }))) | crates/matrix-sdk/src/http_client/mod.rs:218 | spans: root > next_sync_with_lock{store_generation=9} > sync_once{conn_id="encryption" pos="0/s1125_6524_62_153_270_1_276_234_0_1_1_1" timeout=30000} > send{request_id="REQ-16" method=POST uri="https://matrix.mertis.kz/_matrix/client/unstable/org.matrix.simplified_msc3575/sync" request_size="106B" status=401 response_size="79B" request_duration=25.634083ms}
2026-04-22T10:42:17.890827Z TRACE matrix_sdk::client::futures: Token refresh: Unknown token error received. | crates/matrix-sdk/src/client/futures.rs:103 | spans: root > next_sync_with_lock{store_generation=9} > sync_once{conn_id="encryption" pos="0/s1125_6524_62_153_270_1_276_234_0_1_1_1" timeout=30000}
2026-04-22T10:42:17.890869Z TRACE matrix_sdk::client::futures: Token refresh: Unknown token error received. | crates/matrix-sdk/src/client/futures.rs:103 | spans: root > sync_once{conn_id="room-list" pos="581/s1125_6524_62_153_270_1_276_234_0_1_1_1" timeout=30000}
2026-04-22T10:42:17.891009Z TRACE matrix_sdk::client: Token refresh: Using OAuth 2.0. | crates/matrix-sdk/src/client/mod.rs:1479 | spans: root > sync_once{conn_id="room-list" pos="581/s1125_6524_62_153_270_1_276_234_0_1_1_1" timeout=30000}
2026-04-22T10:42:17.890913Z TRACE matrix_sdk::client: Token refresh: Using OAuth 2.0. | crates/matrix-sdk/src/client/mod.rs:1479 | spans: root > next_sync_with_lock{store_generation=9} > sync_once{conn_id="encryption" pos="0/s1125_6524_62_153_270_1_276_234_0_1_1_1" timeout=30000}
2026-04-22T10:42:17.892123Z DEBUG matrix_sdk::http_client::native: Sending request num_attempt=1 | crates/matrix-sdk/src/http_client/native.rs:78 | spans: root > next_sync_with_lock{store_generation=9} > sync_once{conn_id="encryption" pos="0/s1125_6524_62_153_270_1_276_234_0_1_1_1" timeout=30000} > refresh_access_token > send{request_id="REQ-18" method=GET uri="https://matrix.mertis.kz/_matrix/client/unstable/org.matrix.msc2965/auth_metadata"}
2026-04-22T10:42:17.919824Z DEBUG matrix_sdk::http_client: Got response | crates/matrix-sdk/src/http_client/mod.rs:214 | spans: root > next_sync_with_lock{store_generation=9} > sync_once{conn_id="encryption" pos="0/s1125_6524_62_153_270_1_276_234_0_1_1_1" timeout=30000} > refresh_access_token > send{request_id="REQ-18" method=GET uri="https://matrix.mertis.kz/_matrix/client/unstable/org.matrix.msc2965/auth_metadata" status=200 response_size="2.6k" request_duration=27.538459ms}
2026-04-22T10:42:18.209426Z  INFO elementx: Saving session changes in the keychain. | KeychainController.swift:111 | spans: root
2026-04-22T10:42:18.276648Z TRACE matrix_sdk::client::futures: Token refresh: Refresh succeeded, retrying request. | crates/matrix-sdk/src/client/futures.rs:155 | spans: root > sync_once{conn_id="room-list" pos="581/s1125_6524_62_153_270_1_276_234_0_1_1_1" timeout=30000}
2026-04-22T10:42:18.276739Z TRACE matrix_sdk::client::futures: Token refresh: Refresh succeeded, retrying request. | crates/matrix-sdk/src/client/futures.rs:155 | spans: root > next_sync_with_lock{store_generation=9} > sync_once{conn_id="encryption" pos="0/s1125_6524_62_153_270_1_276_234_0_1_1_1" timeout=30000}
2026-04-22T10:42:18.276760Z DEBUG matrix_sdk::http_client::native: Sending request num_attempt=1 | crates/matrix-sdk/src/http_client/native.rs:78 | spans: root > sync_once{conn_id="room-list" pos="581/s1125_6524_62_153_270_1_276_234_0_1_1_1" timeout=30000} > send{request_id="REQ-19" method=POST uri="https://matrix.mertis.kz/_matrix/client/unstable/org.matrix.simplified_msc3575/sync" request_size="646B"}
2026-04-22T10:42:18.277661Z DEBUG matrix_sdk::http_client::native: Sending request num_attempt=1 | crates/matrix-sdk/src/http_client/native.rs:78 | spans: root > next_sync_with_lock{store_generation=9} > sync_once{conn_id="encryption" pos="0/s1125_6524_62_153_270_1_276_234_0_1_1_1" timeout=30000} > send{request_id="REQ-20" method=POST uri="https://matrix.mertis.kz/_matrix/client/unstable/org.matrix.simplified_msc3575/sync" request_size="106B"}
2026-04-22T10:42:19.183827Z DEBUG matrix_sdk::http_client: Got response | crates/matrix-sdk/src/http_client/mod.rs:214 | spans: root > next_sync_with_lock{store_generation=9} > sync_once{conn_id="encryption" pos="0/s1125_6524_62_153_270_1_276_234_0_1_1_1" timeout=30000} > send{request_id="REQ-20" method=POST uri="https://matrix.mertis.kz/_matrix/client/unstable/org.matrix.simplified_msc3575/sync" request_size="106B" status=200 response_size="282B" request_duration=904.797041ms}
2026-04-22T10:42:19.184891Z DEBUG matrix_sdk::http_client: Got response | crates/matrix-sdk/src/http_client/mod.rs:214 | spans: root > sync_once{conn_id="room-list" pos="581/s1125_6524_62_153_270_1_276_234_0_1_1_1" timeout=30000} > send{request_id="REQ-19" method=POST uri="https://matrix.mertis.kz/_matrix/client/unstable/org.matrix.simplified_msc3575/sync" request_size="646B" status=200 response_size="2.1k" request_duration=905.895125ms}
2026-04-22T10:42:19.194340Z  INFO matrix_sdk::latest_events: Timer _Creating `RoomLatestEvents` for "!jFGCYbgmpjrPGtgDqt:mertis.kz"_ finished in 430.542µs | crates/matrix-sdk/src/latest_events/mod.rs:342 | spans: root > sync_once{conn_id="room-list" pos="581/s1125_6524_62_153_270_1_276_234_0_1_1_1" timeout=30000} > handle_response > subscribe_to_room_latest_events
2026-04-22T10:42:19.194946Z DEBUG matrix_sdk::http_client::native: Sending request num_attempt=1 | crates/matrix-sdk/src/http_client/native.rs:78 | spans: root > next_sync_with_lock{store_generation=9} > sync_once{conn_id="encryption" pos="0/s1126_6524_62_153_270_1_276_234_0_1_1_1" timeout=30000} > send{request_id="REQ-21" method=POST uri="https://matrix.mertis.kz/_matrix/client/unstable/org.matrix.simplified_msc3575/sync" request_size="106B"}
2026-04-22T10:42:19.195277Z DEBUG matrix_sdk_crypto::session_manager::sessions: Collected user/device pairs that are missing an Olm session missing_session_devices_by_user={} timed_out_devices_by_user={} | crates/matrix-sdk-crypto/src/session_manager/sessions.rs:285 | spans: root > next_sync_with_lock{store_generation=9} > sync_once{conn_id="encryption" pos="0/s1126_6524_62_153_270_1_276_234_0_1_1_1" timeout=30000} > send_outgoing_requests > get_missing_sessions
2026-04-22T10:42:19.200128Z DEBUG matrix_sdk_base::response_processors::account_data::global: Found direct room data in the Store, applying it | crates/matrix-sdk-base/src/response_processors/account_data/global.rs:147 | spans: root > sync_once{conn_id="room-list" pos="581/s1125_6524_62_153_270_1_276_234_0_1_1_1" timeout=30000} > handle_response
2026-04-22T10:42:19.200599Z DEBUG matrix_sdk_base::response_processors::account_data::global: couldn't find room in state changes or store room=!XCYDoMZkcMWYQVRfHR:mertis.kz | crates/matrix-sdk-base/src/response_processors/account_data/global.rs:176 | spans: root > sync_once{conn_id="room-list" pos="581/s1125_6524_62_153_270_1_276_234_0_1_1_1" timeout=30000} > handle_response > process_direct_rooms
2026-04-22T10:42:19.206490Z  INFO elementx: Received room list update: running | ClientProxy.swift:1143 | spans: root
2026-04-22T10:42:19.207409Z DEBUG matrix_sdk::http_client::native: Sending request num_attempt=1 | crates/matrix-sdk/src/http_client/native.rs:78 | spans: root > sync_once{conn_id="room-list" pos="581/s1126_6524_62_153_270_1_276_234_0_1_1_1" timeout=30000} > send{request_id="REQ-22" method=POST uri="https://matrix.mertis.kz/_matrix/client/unstable/org.matrix.simplified_msc3575/sync" request_size="646B"}
2026-04-22T10:42:19.215966Z ERROR elementx: Received background task early termination | ClientProxy.swift:247 | spans: root
2026-04-22T10:42:19.216017Z ERROR elementx: Received background task early termination | ClientProxy.swift:247 | spans: root
2026-04-22T10:42:19.217557Z ERROR elementx: Received background task early termination | ClientProxy.swift:247 | spans: root
2026-04-22T10:42:19.217839Z  INFO elementx: Call session 7B06FF74-D8AE-416B-A911-F3AB1E6A6AF6 transition idle -> incoming_ringing on invite | ElementCallService.swift:948 | spans: root
2026-04-22T10:42:19.218391Z ERROR elementx: Transaction not started or already finished | Signposter.swift:82 | spans: root
2026-04-22T10:42:19.230256Z ERROR elementx: Received background task early termination | ClientProxy.swift:247 | spans: root
2026-04-22T10:42:19.230903Z ERROR elementx: Received background task early termination | ClientProxy.swift:247 | spans: root
2026-04-22T10:42:19.241090Z  INFO elementx: [CALL-END-TRACE][REMOTE-TERMINAL-FILTER] room_id=!jFGCYbgmpjrPGtgDqt:mertis.kz local_trace_id=unknown widget_id=unknown callkit_id=F0DA78BA-A024-4C7D-9C3C-9ECB7842D830 decision=rejected reason=timestamp_before_started_at_window event_ts=2026-04-22T10:33:22Z threshold_ts=2026-04-22T10:42:14Z | ElementCallService.swift:1826 | spans: root
2026-04-22T10:42:19.241650Z  INFO elementx: [CALL-END-TRACE][REMOTE-TERMINAL-FILTER] room_id=!jFGCYbgmpjrPGtgDqt:mertis.kz local_trace_id=unknown widget_id=unknown callkit_id=F0DA78BA-A024-4C7D-9C3C-9ECB7842D830 decision=rejected reason=timestamp_before_started_at_window event_ts=2026-04-22T10:32:28Z threshold_ts=2026-04-22T10:42:14Z | ElementCallService.swift:1826 | spans: root
2026-04-22T10:42:19.242173Z  INFO elementx: [CALL-END-TRACE][REMOTE-TERMINAL-FILTER] room_id=!jFGCYbgmpjrPGtgDqt:mertis.kz local_trace_id=unknown widget_id=unknown callkit_id=F0DA78BA-A024-4C7D-9C3C-9ECB7842D830 decision=rejected reason=timestamp_before_started_at_window event_ts=2026-04-22T10:24:52Z threshold_ts=2026-04-22T10:42:14Z | ElementCallService.swift:1826 | spans: root
2026-04-22T10:42:19.242708Z  INFO elementx: [CALL-END-TRACE][REMOTE-TERMINAL-FILTER] room_id=!jFGCYbgmpjrPGtgDqt:mertis.kz local_trace_id=unknown widget_id=unknown callkit_id=F0DA78BA-A024-4C7D-9C3C-9ECB7842D830 decision=rejected reason=timestamp_before_started_at_window event_ts=2026-04-22T10:03:38Z threshold_ts=2026-04-22T10:42:14Z | ElementCallService.swift:1826 | spans: root
2026-04-22T10:42:19.242924Z  WARN elementx: Decline: No RTC notification ID found for the incoming call. | ElementCallService.swift:1254 | spans: root
2026-04-22T10:42:19.250376Z DEBUG matrix_sdk::http_client: Got response | crates/matrix-sdk/src/http_client/mod.rs:214 | spans: root > next_sync_with_lock{store_generation=9} > sync_once{conn_id="encryption" pos="0/s1126_6524_62_153_270_1_276_234_0_1_1_1" timeout=30000} > send{request_id="REQ-21" method=POST uri="https://matrix.mertis.kz/_matrix/client/unstable/org.matrix.simplified_msc3575/sync" request_size="106B" status=200 response_size="282B" request_duration=55.3715ms}
2026-04-22T10:42:19.253039Z DEBUG matrix_sdk::http_client::native: Sending request num_attempt=1 | crates/matrix-sdk/src/http_client/native.rs:78 | spans: root > next_sync_with_lock{store_generation=9} > sync_once{conn_id="encryption" pos="0/s1127_6524_62_153_270_1_276_234_0_1_1_1" timeout=30000} > send{request_id="REQ-23" method=POST uri="https://matrix.mertis.kz/_matrix/client/unstable/org.matrix.simplified_msc3575/sync" request_size="106B"}
2026-04-22T10:42:19.253158Z DEBUG matrix_sdk_crypto::session_manager::sessions: Collected user/device pairs that are missing an Olm session missing_session_devices_by_user={} timed_out_devices_by_user={} | crates/matrix-sdk-crypto/src/session_manager/sessions.rs:285 | spans: root > next_sync_with_lock{store_generation=9} > sync_once{conn_id="encryption" pos="0/s1127_6524_62_153_270_1_276_234_0_1_1_1" timeout=30000} > send_outgoing_requests > get_missing_sessions
2026-04-22T10:42:19.268512Z DEBUG matrix_sdk::http_client: Got response | crates/matrix-sdk/src/http_client/mod.rs:214 | spans: root > sync_once{conn_id="room-list" pos="581/s1126_6524_62_153_270_1_276_234_0_1_1_1" timeout=30000} > send{request_id="REQ-22" method=POST uri="https://matrix.mertis.kz/_matrix/client/unstable/org.matrix.simplified_msc3575/sync" request_size="646B" status=200 response_size="1.6k" request_duration=61.0375ms}
2026-04-22T10:42:19.270049Z DEBUG matrix_sdk_base::response_processors::account_data::global: Found direct room data in the Store, applying it | crates/matrix-sdk-base/src/response_processors/account_data/global.rs:147 | spans: root > sync_once{conn_id="room-list" pos="581/s1126_6524_62_153_270_1_276_234_0_1_1_1" timeout=30000} > handle_response
2026-04-22T10:42:19.272071Z  INFO elementx: Received room list update: running | ClientProxy.swift:1143 | spans: root
2026-04-22T10:42:19.272316Z DEBUG matrix_sdk::http_client::native: Sending request num_attempt=1 | crates/matrix-sdk/src/http_client/native.rs:78 | spans: root > sync_once{conn_id="room-list" pos="581/s1127_6524_62_153_270_1_276_234_0_1_1_1" timeout=30000} > send{request_id="REQ-24" method=POST uri="https://matrix.mertis.kz/_matrix/client/unstable/org.matrix.simplified_msc3575/sync" request_size="646B"}
2026-04-22T10:42:19.282766Z ERROR elementx: Received background task early termination | ClientProxy.swift:247 | spans: root
2026-04-22T10:42:19.283392Z ERROR elementx: Received background task early termination | ClientProxy.swift:247 | spans: root
2026-04-22T10:42:19.283449Z ERROR elementx: Received background task early termination | ClientProxy.swift:247 | spans: root
2026-04-22T10:42:19.292608Z  INFO elementx: Starting sync | ClientProxy.swift:442 | spans: root
2026-04-22T10:42:21.727356Z  INFO elementx: Call session 7B06FF74-D8AE-416B-A911-F3AB1E6A6AF6 transition incoming_ringing -> accepted on accept | ElementCallService.swift:948 | spans: root
2026-04-22T10:42:21.919038Z  INFO elementx: Call provider did activate audio session | ElementCallService.swift:565 | spans: root
2026-04-22T10:42:22.777672Z ERROR elementx: Transaction not started or already finished | Signposter.swift:82 | spans: root
2026-04-22T10:42:22.836491Z ERROR elementx: Received background task early termination | ClientProxy.swift:247 | spans: root
2026-04-22T10:42:22.836487Z DEBUG matrix_sdk::http_client::native: Sending request num_attempt=1 | crates/matrix-sdk/src/http_client/native.rs:78 | spans: root > send{request_id="REQ-25" method=GET uri="https://matrix.mertis.kz/_matrix/client/v3/profile/@test2:mertis.kz"}
2026-04-22T10:42:22.866004Z DEBUG matrix_sdk::http_client: Got response | crates/matrix-sdk/src/http_client/mod.rs:214 | spans: root > send{request_id="REQ-25" method=GET uri="https://matrix.mertis.kz/_matrix/client/v3/profile/@test2:mertis.kz" status=200 response_size="79B" request_duration=29.390166ms}
2026-04-22T10:42:22.872796Z  INFO elementx: Call session 79E9CA74-D1EA-46B1-8867-49E34E7F4C73 transition idle -> incoming_ringing on invite | ElementCallService.swift:948 | spans: root
2026-04-22T10:42:22.872828Z  INFO elementx: Call session 79E9CA74-D1EA-46B1-8867-49E34E7F4C73 transition incoming_ringing -> accepted on accept | ElementCallService.swift:948 | spans: root
2026-04-22T10:42:22.875111Z ERROR elementx: Transaction not started or already finished | Signposter.swift:82 | spans: root
2026-04-22T10:42:22.885379Z  INFO elementx: Call provider did deactivate audio session | ElementCallService.swift:569 | spans: root
2026-04-22T10:42:22.888073Z ERROR elementx: Received background task early termination | ClientProxy.swift:247 | spans: root
2026-04-22T10:42:22.957968Z ERROR elementx: Accessed timeline item provider before subscribing for updates. | TimelineProxy.swift:32 | spans: root
2026-04-22T10:42:22.970342Z ERROR elementx: Accessed timeline item provider before subscribing for updates. | TimelineProxy.swift:32 | spans: root
2026-04-22T10:42:22.971381Z ERROR elementx: Transaction not started or already finished | Signposter.swift:82 | spans: root
2026-04-22T10:42:22.978085Z ERROR elementx: Accessed timeline item provider before subscribing for updates. | TimelineProxy.swift:32 | spans: root
2026-04-22T10:42:22.978123Z ERROR elementx: Received background task early termination | ClientProxy.swift:247 | spans: root
2026-04-22T10:42:22.978158Z ERROR elementx: Accessed timeline item provider before subscribing for updates. | TimelineProxy.swift:32 | spans: root
2026-04-22T10:42:23.104997Z  INFO elementx: URL changed to: file:///var/containers/Bundle/Application/6C46F673-542B-4BB5-86F8-2423552DBF16/SalemX.app/EmbeddedElementCall_EmbeddedElementCall.bundle/dist/index.html?controlledAudioDevices=false&header=none&showControls=false&hideScreensharing=true#?userId=@test2:mertis.kz&roomId=!jFGCYbgmpjrPGtgDqt:mertis.kz&widgetId=CB4E4049-7611-43D0-AEEC-3D89225BBEC0&displayName=test2&lang=ru-KZ&theme=dark&clientId=kz.salemx.msg&deviceId=Z4J1wfeukl&baseUrl=https://matrix.mertis.kz/&parentUrl=file:///var/containers/Bundle/Application/6C46F673-542B-4BB5-86F8-2423552DBF16/SalemX.app/EmbeddedElementCall_EmbeddedElementCall.bundle/dist/index.html&perParticipantE2EE=true&intent=start_call_dm&rageshakeSubmitUrl=https://rageshake.localhost/submit&controlledAudioDevices=false&header=none&showControls=false&hideScreensharing=true | CallScreenViewModel.swift:181 | spans: root
2026-04-22T10:42:23.249124Z  INFO elementx: [CALL-END-TRACE][SENDER-BRIDGE-ENTRY] method=ElementCallWidgetDriver.handleMessage room_id=!jFGCYbgmpjrPGtgDqt:mertis.kz local_trace_id=unknown widget_id=CB4E4049-7611-43D0-AEEC-3D89225BBEC0 callkit_id=unknown message_type=supported_api_versions message_direction=fromWidget | ElementCallWidgetDriver.swift:196 | spans: root
2026-04-22T10:42:23.262884Z  INFO elementx: [CALL-END-TRACE][SENDER-BRIDGE-ENTRY] method=ElementCallWidgetDriver.handleMessage room_id=!jFGCYbgmpjrPGtgDqt:mertis.kz local_trace_id=unknown widget_id=CB4E4049-7611-43D0-AEEC-3D89225BBEC0 callkit_id=unknown message_type=content_loaded message_direction=fromWidget | ElementCallWidgetDriver.swift:196 | spans: root
2026-04-22T10:42:23.293051Z  INFO elementx: [CALL-END-TRACE][SENDER-BRIDGE-ENTRY] method=ElementCallWidgetDriver.handleMessage room_id=!jFGCYbgmpjrPGtgDqt:mertis.kz local_trace_id=unknown widget_id=CB4E4049-7611-43D0-AEEC-3D89225BBEC0 callkit_id=unknown message_type=capabilities message_direction=toWidget | ElementCallWidgetDriver.swift:196 | spans: root
2026-04-22T10:42:23.304107Z  INFO elementx: [CALL-END-TRACE][SENDER-BRIDGE-ENTRY] method=ElementCallWidgetDriver.handleMessage room_id=!jFGCYbgmpjrPGtgDqt:mertis.kz local_trace_id=unknown widget_id=CB4E4049-7611-43D0-AEEC-3D89225BBEC0 callkit_id=unknown message_type=notify_capabilities message_direction=toWidget | ElementCallWidgetDriver.swift:196 | spans: root
2026-04-22T10:42:23.304124Z  INFO elementx: [CALL-END-TRACE][SENDER-BRIDGE-ENTRY] method=ElementCallWidgetDriver.handleMessage room_id=!jFGCYbgmpjrPGtgDqt:mertis.kz local_trace_id=unknown widget_id=CB4E4049-7611-43D0-AEEC-3D89225BBEC0 callkit_id=unknown message_type=update_state message_direction=toWidget | ElementCallWidgetDriver.swift:196 | spans: root
2026-04-22T10:42:23.644183Z  INFO elementx: [CALL-END-TRACE][SENDER-BRIDGE-ENTRY] method=ElementCallWidgetDriver.handleMessage room_id=!jFGCYbgmpjrPGtgDqt:mertis.kz local_trace_id=unknown widget_id=CB4E4049-7611-43D0-AEEC-3D89225BBEC0 callkit_id=unknown message_type=get_openid message_direction=fromWidget | ElementCallWidgetDriver.swift:196 | spans: root
2026-04-22T10:42:23.656621Z  INFO elementx: [CALL-END-TRACE][SENDER-BRIDGE-ENTRY] method=ElementCallWidgetDriver.handleMessage room_id=!jFGCYbgmpjrPGtgDqt:mertis.kz local_trace_id=unknown widget_id=CB4E4049-7611-43D0-AEEC-3D89225BBEC0 callkit_id=unknown message_type=get_openid message_direction=fromWidget | ElementCallWidgetDriver.swift:196 | spans: root
2026-04-22T10:42:23.661375Z DEBUG matrix_sdk::http_client::native: Sending request num_attempt=1 | crates/matrix-sdk/src/http_client/native.rs:78 | spans: send{request_id="REQ-26" method=POST uri="https://matrix.mertis.kz/_matrix/client/v3/user/@test2:mertis.kz/openid/request_token" request_size="2B"}
2026-04-22T10:42:23.661446Z  INFO elementx: [CALL-END-TRACE][SENDER-BRIDGE-ENTRY] method=ElementCallWidgetDriver.handleMessage room_id=!jFGCYbgmpjrPGtgDqt:mertis.kz local_trace_id=unknown widget_id=CB4E4049-7611-43D0-AEEC-3D89225BBEC0 callkit_id=unknown message_type=get_openid message_direction=fromWidget | ElementCallWidgetDriver.swift:196 | spans: root
2026-04-22T10:42:23.990108Z ERROR elementx: Accessed timeline item provider before subscribing for updates. | TimelineProxy.swift:32 | spans: root
2026-04-22T10:42:24.150309Z ERROR elementx: Accessed timeline item provider before subscribing for updates. | TimelineProxy.swift:32 | spans: root
2026-04-22T10:42:24.305124Z ERROR elementx: Accessed timeline item provider before subscribing for updates. | TimelineProxy.swift:32 | spans: root
2026-04-22T10:42:24.458262Z ERROR elementx: Accessed timeline item provider before subscribing for updates. | TimelineProxy.swift:32 | spans: root
2026-04-22T10:42:24.494732Z  INFO elementx: [CALL-END-TRACE][SENDER-BRIDGE-ENTRY] method=ElementCallWidgetDriver.handleMessage room_id=!jFGCYbgmpjrPGtgDqt:mertis.kz local_trace_id=unknown widget_id=CB4E4049-7611-43D0-AEEC-3D89225BBEC0 callkit_id=unknown message_type=send_event message_direction=fromWidget | ElementCallWidgetDriver.swift:196 | spans: root
2026-04-22T10:42:24.609245Z ERROR elementx: Accessed timeline item provider before subscribing for updates. | TimelineProxy.swift:32 | spans: root
2026-04-22T10:42:24.610153Z DEBUG matrix_sdk::http_client: Got response | crates/matrix-sdk/src/http_client/mod.rs:214 | spans: send{request_id="REQ-26" method=POST uri="https://matrix.mertis.kz/_matrix/client/v3/user/@test2:mertis.kz/openid/request_token" request_size="2B" status=200 response_size="116B" request_duration=948.546917ms}
2026-04-22T10:42:24.610233Z DEBUG matrix_sdk::http_client::native: Sending request num_attempt=1 | crates/matrix-sdk/src/http_client/native.rs:78 | spans: root > send{request_id="REQ-27" method=POST uri="https://matrix.mertis.kz/_matrix/client/v3/user/@test2:mertis.kz/openid/request_token" request_size="2B"}
2026-04-22T10:42:24.655676Z DEBUG matrix_sdk::http_client: Got response | crates/matrix-sdk/src/http_client/mod.rs:214 | spans: root > send{request_id="REQ-27" method=POST uri="https://matrix.mertis.kz/_matrix/client/v3/user/@test2:mertis.kz/openid/request_token" request_size="2B" status=200 response_size="116B" request_duration=45.271917ms}
2026-04-22T10:42:24.655885Z DEBUG matrix_sdk::http_client::native: Sending request num_attempt=1 | crates/matrix-sdk/src/http_client/native.rs:78 | spans: root > send{request_id="REQ-28" method=POST uri="https://matrix.mertis.kz/_matrix/client/v3/user/@test2:mertis.kz/openid/request_token" request_size="2B"}
2026-04-22T10:42:24.690572Z DEBUG matrix_sdk::http_client: Got response | crates/matrix-sdk/src/http_client/mod.rs:214 | spans: root > send{request_id="REQ-28" method=POST uri="https://matrix.mertis.kz/_matrix/client/v3/user/@test2:mertis.kz/openid/request_token" request_size="2B" status=200 response_size="116B" request_duration=33.865375ms}
2026-04-22T10:42:24.691922Z DEBUG matrix_sdk::http_client::native: Sending request num_attempt=1 | crates/matrix-sdk/src/http_client/native.rs:78 | spans: root > send{request_id="REQ-29" method=PUT uri="https://matrix.mertis.kz/_matrix/client/v3/rooms/!jFGCYbgmpjrPGtgDqt:mertis.kz/state/org.matrix.msc3401.call.member/_@test2:mertis.kz_Z4J1wfeukl_m.call" request_size="2B"}
2026-04-22T10:42:24.723627Z DEBUG matrix_sdk::http_client: Got response | crates/matrix-sdk/src/http_client/mod.rs:214 | spans: root > send{request_id="REQ-29" method=PUT uri="https://matrix.mertis.kz/_matrix/client/v3/rooms/!jFGCYbgmpjrPGtgDqt:mertis.kz/state/org.matrix.msc3401.call.member/_@test2:mertis.kz_Z4J1wfeukl_m.call" request_size="2B" status=200 response_size="39B" request_duration=31.593125ms}
2026-04-22T10:42:24.729104Z  INFO elementx: [CALL-END-TRACE][SENDER-BRIDGE-ENTRY] method=ElementCallWidgetDriver.handleMessage room_id=!jFGCYbgmpjrPGtgDqt:mertis.kz local_trace_id=unknown widget_id=CB4E4049-7611-43D0-AEEC-3D89225BBEC0 callkit_id=unknown message_type=openid_credentials message_direction=toWidget | ElementCallWidgetDriver.swift:196 | spans: root
2026-04-22T10:42:24.729158Z  INFO elementx: [CALL-END-TRACE][SENDER-BRIDGE-ENTRY] method=ElementCallWidgetDriver.handleMessage room_id=!jFGCYbgmpjrPGtgDqt:mertis.kz local_trace_id=unknown widget_id=CB4E4049-7611-43D0-AEEC-3D89225BBEC0 callkit_id=unknown message_type=openid_credentials message_direction=toWidget | ElementCallWidgetDriver.swift:196 | spans: root
2026-04-22T10:42:24.729182Z  INFO elementx: [CALL-END-TRACE][SENDER-BRIDGE-ENTRY] method=ElementCallWidgetDriver.handleMessage room_id=!jFGCYbgmpjrPGtgDqt:mertis.kz local_trace_id=unknown widget_id=CB4E4049-7611-43D0-AEEC-3D89225BBEC0 callkit_id=unknown message_type=openid_credentials message_direction=toWidget | ElementCallWidgetDriver.swift:196 | spans: root
2026-04-22T10:42:24.729530Z  INFO elementx: [CALL-END-TRACE][SENDER-BRIDGE-ENTRY] method=ElementCallWidgetDriver.handleMessage room_id=!jFGCYbgmpjrPGtgDqt:mertis.kz local_trace_id=unknown widget_id=CB4E4049-7611-43D0-AEEC-3D89225BBEC0 callkit_id=unknown message_type=send_event message_direction=fromWidget | ElementCallWidgetDriver.swift:196 | spans: root
2026-04-22T10:42:24.729757Z  INFO elementx: [CALL-END-TRACE][SENDER-BRIDGE-ENTRY] method=ElementCallWidgetDriver.handleMessage room_id=!jFGCYbgmpjrPGtgDqt:mertis.kz local_trace_id=unknown widget_id=CB4E4049-7611-43D0-AEEC-3D89225BBEC0 callkit_id=unknown message_type=get_openid message_direction=fromWidget | ElementCallWidgetDriver.swift:196 | spans: root
2026-04-22T10:42:24.730046Z DEBUG matrix_sdk::http_client::native: Sending request num_attempt=1 | crates/matrix-sdk/src/http_client/native.rs:78 | spans: root > send_state_event_raw > send{request_id="REQ-30" method=PUT uri="https://matrix.mertis.kz/_matrix/client/v3/rooms/!jFGCYbgmpjrPGtgDqt:mertis.kz/state/org.matrix.msc3401.call.member/_@test2:mertis.kz_Z4J1wfeukl_m.call" request_size="386B"}
2026-04-22T10:42:24.885051Z DEBUG matrix_sdk::http_client: Got response | crates/matrix-sdk/src/http_client/mod.rs:214 | spans: root > next_sync_with_lock{store_generation=9} > sync_once{conn_id="encryption" pos="0/s1127_6524_62_153_270_1_276_234_0_1_1_1" timeout=30000} > send{request_id="REQ-23" method=POST uri="https://matrix.mertis.kz/_matrix/client/unstable/org.matrix.simplified_msc3575/sync" request_size="106B" status=200 response_size="282B" request_duration=5.631611167s}
2026-04-22T10:42:24.887662Z DEBUG matrix_sdk::http_client: Got response | crates/matrix-sdk/src/http_client/mod.rs:214 | spans: root > send_state_event_raw > send{request_id="REQ-30" method=PUT uri="https://matrix.mertis.kz/_matrix/client/v3/rooms/!jFGCYbgmpjrPGtgDqt:mertis.kz/state/org.matrix.msc3401.call.member/_@test2:mertis.kz_Z4J1wfeukl_m.call" request_size="386B" status=200 response_size="59B" request_duration=157.519041ms}
2026-04-22T10:42:24.887854Z DEBUG matrix_sdk::http_client::native: Sending request num_attempt=1 | crates/matrix-sdk/src/http_client/native.rs:78 | spans: root > send{request_id="REQ-31" method=POST uri="https://matrix.mertis.kz/_matrix/client/v3/user/@test2:mertis.kz/openid/request_token" request_size="2B"}
2026-04-22T10:42:24.889064Z DEBUG matrix_sdk::http_client::native: Sending request num_attempt=1 | crates/matrix-sdk/src/http_client/native.rs:78 | spans: root > next_sync_with_lock{store_generation=9} > sync_once{conn_id="encryption" pos="0/s1128_6524_62_153_270_1_276_234_0_1_1_1" timeout=30000} > send{request_id="REQ-32" method=POST uri="https://matrix.mertis.kz/_matrix/client/unstable/org.matrix.simplified_msc3575/sync" request_size="106B"}
2026-04-22T10:42:24.889388Z DEBUG matrix_sdk_crypto::session_manager::sessions: Collected user/device pairs that are missing an Olm session missing_session_devices_by_user={} timed_out_devices_by_user={} | crates/matrix-sdk-crypto/src/session_manager/sessions.rs:285 | spans: root > next_sync_with_lock{store_generation=9} > sync_once{conn_id="encryption" pos="0/s1128_6524_62_153_270_1_276_234_0_1_1_1" timeout=30000} > send_outgoing_requests > get_missing_sessions
2026-04-22T10:42:24.931685Z DEBUG matrix_sdk::http_client: Got response | crates/matrix-sdk/src/http_client/mod.rs:214 | spans: root > sync_once{conn_id="room-list" pos="581/s1127_6524_62_153_270_1_276_234_0_1_1_1" timeout=30000} > send{request_id="REQ-24" method=POST uri="https://matrix.mertis.kz/_matrix/client/unstable/org.matrix.simplified_msc3575/sync" request_size="646B" status=200 response_size="2.1k" request_duration=5.657362083s}
2026-04-22T10:42:24.934553Z DEBUG matrix_sdk::http_client: Got response | crates/matrix-sdk/src/http_client/mod.rs:214 | spans: root > send{request_id="REQ-31" method=POST uri="https://matrix.mertis.kz/_matrix/client/v3/user/@test2:mertis.kz/openid/request_token" request_size="2B" status=200 response_size="116B" request_duration=46.450833ms}
2026-04-22T10:42:24.946002Z DEBUG matrix_sdk_base::response_processors::account_data::global: Found direct room data in the Store, applying it | crates/matrix-sdk-base/src/response_processors/account_data/global.rs:147 | spans: root > sync_once{conn_id="room-list" pos="581/s1127_6524_62_153_270_1_276_234_0_1_1_1" timeout=30000} > handle_response
2026-04-22T10:42:24.965178Z  INFO elementx: Received room list update: running | ClientProxy.swift:1143 | spans: root
2026-04-22T10:42:24.969013Z DEBUG matrix_sdk::http_client::native: Sending request num_attempt=1 | crates/matrix-sdk/src/http_client/native.rs:78 | spans: root > sync_once{conn_id="room-list" pos="581/s1128_6524_62_153_270_1_276_234_0_1_1_1" timeout=30000} > send{request_id="REQ-33" method=POST uri="https://matrix.mertis.kz/_matrix/client/unstable/org.matrix.simplified_msc3575/sync" request_size="646B"}
2026-04-22T10:42:24.986440Z ERROR elementx: Received background task early termination | ClientProxy.swift:247 | spans: root
2026-04-22T10:42:25.006307Z DEBUG matrix_sdk::http_client: Got response | crates/matrix-sdk/src/http_client/mod.rs:214 | spans: root > next_sync_with_lock{store_generation=9} > sync_once{conn_id="encryption" pos="0/s1128_6524_62_153_270_1_276_234_0_1_1_1" timeout=30000} > send{request_id="REQ-32" method=POST uri="https://matrix.mertis.kz/_matrix/client/unstable/org.matrix.simplified_msc3575/sync" request_size="106B" status=200 response_size="2.0k" request_duration=117.158125ms}
2026-04-22T10:42:25.008475Z DEBUG matrix_sdk_crypto::machine: Received a to-device event | crates/matrix-sdk-crypto/src/machine/mod.rs:1543 | spans: root > next_sync_with_lock{store_generation=9} > sync_once{conn_id="encryption" pos="0/s1128_6524_62_153_270_1_276_234_0_1_1_1" timeout=30000} > handle_response > receive_sync_changes > receive_to_device_event{sender="@aktau:mertis.kz" event_type="m.room.encrypted" message_id="01KPTCHCHY1N3ZDGWQA1B1BTAJ"}
2026-04-22T10:42:25.008671Z TRACE matrix_sdk_crypto::olm::account: Decrypting a to-device event | crates/matrix-sdk-crypto/src/olm/account.rs:1255 | spans: root > next_sync_with_lock{store_generation=9} > sync_once{conn_id="encryption" pos="0/s1128_6524_62_153_270_1_276_234_0_1_1_1" timeout=30000} > handle_response > receive_sync_changes > receive_to_device_event{sender="@aktau:mertis.kz" event_type="m.room.encrypted" message_id="01KPTCHCHY1N3ZDGWQA1B1BTAJ"} > decrypt_to_device_event{algorithm="m.olm.v1.curve25519-aes-sha2"}
2026-04-22T10:42:25.009763Z ERROR elementx: Received background task early termination | ClientProxy.swift:247 | spans: root
2026-04-22T10:42:25.009851Z DEBUG matrix_sdk_crypto::olm::session: Decrypted an Olm message session=Session { session_id: "e4xteb6ccZVjd6gxur3WLPnRrt7y40I9LxWK6GhDAuo", sending_ratchet: DoubleRatchet(InactiveDoubleRatchet { ratchet_count: 4, ratchet_key: "curve25519:YFyX/Kj/89s3Oz1axs6tnDn+XqIMLBFsDuE/eiEJSlg", .. }), receiving_chains: [ReceiverChain { ratchet_count: 0, ratchet_key: "curve25519:1cLwNER9sFLqFyIwS2Py0KoA5+OFx8fetHP0dfURKXQ", chain_index: 1, skipped_message_keys: [], .. }, ReceiverChain { ratchet_count: 2, ratchet_key: "curve25519:xGBHdLdDIvIxwfQ0pd9j9N+WlbZoQq+3rAxMT+DY/zE", chain_index: 2, skipped_message_keys: [], .. }, ReceiverChain { ratchet_count: 4, ratchet_key: "curve25519:YFyX/Kj/89s3Oz1axs6tnDn+XqIMLBFsDuE/eiEJSlg", chain_index: 1, skipped_message_keys: [], .. }], config: SessionConfig { version: V1 }, .. } | crates/matrix-sdk-crypto/src/olm/session.rs:86 | spans: root > next_sync_with_lock{store_generation=9} > sync_once{conn_id="encryption" pos="0/s1128_6524_62_153_270_1_276_234_0_1_1_1" timeout=30000} > handle_response > receive_sync_changes > receive_to_device_event{sender="@aktau:mertis.kz" event_type="m.room.encrypted" message_id="01KPTCHCHY1N3ZDGWQA1B1BTAJ"} > decrypt_to_device_event{algorithm="m.olm.v1.curve25519-aes-sha2"} > decrypt_olm_v1{sender_key="curve25519:54dZhOGAhy2Z7orO1H27pYAZS+XVS0Tc7Vrg2Rl3Pj8"} > decrypt_and_parse_olm_message{sender="@aktau:mertis.kz" sender_key="curve25519:54dZhOGAhy2Z7orO1H27pYAZS+XVS0Tc7Vrg2Rl3Pj8" Normal(Message { version: 3, ratchet_key: "curve25519:YFyX/Kj/89s3Oz1axs6tnDn+XqIMLBFsDuE/eiEJSlg", chain_index: 0, .. }) decryption_settings=DecryptionSettings { sender_device_trust_requirement: Untrusted } session_id="e4xteb6ccZVjd6gxur3WLPnRrt7y40I9LxWK6GhDAuo"}
2026-04-22T10:42:25.009948Z TRACE matrix_sdk_crypto::olm::account: Successfully decrypted an Olm message | crates/matrix-sdk-crypto/src/olm/account.rs:1430 | spans: root > next_sync_with_lock{store_generation=9} > sync_once{conn_id="encryption" pos="0/s1128_6524_62_153_270_1_276_234_0_1_1_1" timeout=30000} > handle_response > receive_sync_changes > receive_to_device_event{sender="@aktau:mertis.kz" event_type="m.room.encrypted" message_id="01KPTCHCHY1N3ZDGWQA1B1BTAJ"} > decrypt_to_device_event{algorithm="m.olm.v1.curve25519-aes-sha2"} > decrypt_olm_v1{sender_key="curve25519:54dZhOGAhy2Z7orO1H27pYAZS+XVS0Tc7Vrg2Rl3Pj8"} > decrypt_and_parse_olm_message{sender="@aktau:mertis.kz" sender_key="curve25519:54dZhOGAhy2Z7orO1H27pYAZS+XVS0Tc7Vrg2Rl3Pj8" Normal(Message { version: 3, ratchet_key: "curve25519:YFyX/Kj/89s3Oz1axs6tnDn+XqIMLBFsDuE/eiEJSlg", chain_index: 0, .. }) decryption_settings=DecryptionSettings { sender_device_trust_requirement: Untrusted } session_id="e4xteb6ccZVjd6gxur3WLPnRrt7y40I9LxWK6GhDAuo"}
2026-04-22T10:42:25.011071Z ERROR elementx: Received background task early termination | ClientProxy.swift:247 | spans: root
2026-04-22T10:42:25.013671Z TRACE matrix_sdk_crypto::olm::account: check_to_device_sender_trust_requirement verification_state=Unverified(UnsignedDevice) trust_requirement=Untrusted | crates/matrix-sdk-crypto/src/olm/account.rs:1877 | spans: root > next_sync_with_lock{store_generation=9} > sync_once{conn_id="encryption" pos="0/s1128_6524_62_153_270_1_276_234_0_1_1_1" timeout=30000} > handle_response > receive_sync_changes > receive_to_device_event{sender="@aktau:mertis.kz" event_type="m.room.encrypted" message_id="01KPTCHCHY1N3ZDGWQA1B1BTAJ"} > decrypt_to_device_event{algorithm="m.olm.v1.curve25519-aes-sha2"} > decrypt_olm_v1{sender_key="curve25519:54dZhOGAhy2Z7orO1H27pYAZS+XVS0Tc7Vrg2Rl3Pj8"} > decrypt_and_parse_olm_message{sender="@aktau:mertis.kz" sender_key="curve25519:54dZhOGAhy2Z7orO1H27pYAZS+XVS0Tc7Vrg2Rl3Pj8" Normal(Message { version: 3, ratchet_key: "curve25519:YFyX/Kj/89s3Oz1axs6tnDn+XqIMLBFsDuE/eiEJSlg", chain_index: 0, .. }) decryption_settings=DecryptionSettings { sender_device_trust_requirement: Untrusted } session_id="e4xteb6ccZVjd6gxur3WLPnRrt7y40I9LxWK6GhDAuo"}
2026-04-22T10:42:25.015115Z DEBUG matrix_sdk_crypto::machine: Received a decrypted to-device event sender_device_keys=(Some("curve25519:54dZhOGAhy2Z7orO1H27pYAZS+XVS0Tc7Vrg2Rl3Pj8"), Some("ed25519:s7D0eTcZXTwa1qL7V8PE8qhST3+zON3eDvC9qfgT2Ls")) | crates/matrix-sdk-crypto/src/machine/mod.rs:1361 | spans: root > next_sync_with_lock{store_generation=9} > sync_once{conn_id="encryption" pos="0/s1128_6524_62_153_270_1_276_234_0_1_1_1" timeout=30000} > handle_response > receive_sync_changes > receive_to_device_event{sender="@aktau:mertis.kz" event_type="m.room.encrypted" message_id="01KPTCHCHY1N3ZDGWQA1B1BTAJ"} > handle_decrypted_to_device_event{sender_key="curve25519:54dZhOGAhy2Z7orO1H27pYAZS+XVS0Tc7Vrg2Rl3Pj8" event_type="io.element.call.encryption_keys"}
2026-04-22T10:42:25.015129Z  WARN matrix_sdk_crypto::machine: Received an unexpected encrypted to-device event | crates/matrix-sdk-crypto/src/machine/mod.rs:1413 | spans: root > next_sync_with_lock{store_generation=9} > sync_once{conn_id="encryption" pos="0/s1128_6524_62_153_270_1_276_234_0_1_1_1" timeout=30000} > handle_response > receive_sync_changes > receive_to_device_event{sender="@aktau:mertis.kz" event_type="m.room.encrypted" message_id="01KPTCHCHY1N3ZDGWQA1B1BTAJ"} > handle_decrypted_to_device_event{sender_key="curve25519:54dZhOGAhy2Z7orO1H27pYAZS+XVS0Tc7Vrg2Rl3Pj8" event_type="io.element.call.encryption_keys"}
2026-04-22T10:42:25.022147Z DEBUG matrix_sdk::http_client::native: Sending request num_attempt=1 | crates/matrix-sdk/src/http_client/native.rs:78 | spans: root > next_sync_with_lock{store_generation=9} > sync_once{conn_id="encryption" pos="0/s1128_6524_62_153_270_1_277_234_0_1_1_1" timeout=30000} > send{request_id="REQ-34" method=POST uri="https://matrix.mertis.kz/_matrix/client/unstable/org.matrix.simplified_msc3575/sync" request_size="106B"}
2026-04-22T10:42:25.022345Z DEBUG matrix_sdk_crypto::session_manager::sessions: Collected user/device pairs that are missing an Olm session missing_session_devices_by_user={} timed_out_devices_by_user={} | crates/matrix-sdk-crypto/src/session_manager/sessions.rs:285 | spans: root > next_sync_with_lock{store_generation=9} > sync_once{conn_id="encryption" pos="0/s1128_6524_62_153_270_1_277_234_0_1_1_1" timeout=30000} > send_outgoing_requests > get_missing_sessions
2026-04-22T10:42:25.024085Z  INFO elementx: [CALL-END-TRACE][SENDER-BRIDGE-ENTRY] method=ElementCallWidgetDriver.handleMessage room_id=!jFGCYbgmpjrPGtgDqt:mertis.kz local_trace_id=unknown widget_id=CB4E4049-7611-43D0-AEEC-3D89225BBEC0 callkit_id=unknown message_type=org.matrix.msc4157.update_delayed_event message_direction=fromWidget | ElementCallWidgetDriver.swift:196 | spans: root
2026-04-22T10:42:25.024651Z DEBUG matrix_sdk::http_client::native: Sending request num_attempt=1 | crates/matrix-sdk/src/http_client/native.rs:78 | spans: root > send{request_id="REQ-35" method=POST uri="https://matrix.mertis.kz/_matrix/client/unstable/org.matrix.msc4140/delayed_events/syd_YMDIUiOqwmlDhmOOTDQi" request_size="20B"}
2026-04-22T10:42:25.026401Z  INFO elementx: [CALL-END-TRACE][SENDER-BRIDGE-ENTRY] method=ElementCallWidgetDriver.handleMessage room_id=!jFGCYbgmpjrPGtgDqt:mertis.kz local_trace_id=unknown widget_id=CB4E4049-7611-43D0-AEEC-3D89225BBEC0 callkit_id=unknown message_type=send_event message_direction=toWidget | ElementCallWidgetDriver.swift:196 | spans: root
2026-04-22T10:42:25.026793Z  INFO elementx: [CALL-END-TRACE][SENDER-BRIDGE-ENTRY] method=ElementCallWidgetDriver.handleMessage room_id=!jFGCYbgmpjrPGtgDqt:mertis.kz local_trace_id=unknown widget_id=CB4E4049-7611-43D0-AEEC-3D89225BBEC0 callkit_id=unknown message_type=openid_credentials message_direction=toWidget | ElementCallWidgetDriver.swift:196 | spans: root
2026-04-22T10:42:25.036344Z  INFO elementx: [CALL-END-TRACE][SENDER-BRIDGE-ENTRY] method=ElementCallWidgetDriver.handleMessage room_id=!jFGCYbgmpjrPGtgDqt:mertis.kz local_trace_id=unknown widget_id=CB4E4049-7611-43D0-AEEC-3D89225BBEC0 callkit_id=unknown message_type=update_state message_direction=toWidget | ElementCallWidgetDriver.swift:196 | spans: root
2026-04-22T10:42:25.036389Z  INFO elementx: [CALL-END-TRACE][SENDER-BRIDGE-ENTRY] method=ElementCallWidgetDriver.handleMessage room_id=!jFGCYbgmpjrPGtgDqt:mertis.kz local_trace_id=unknown widget_id=CB4E4049-7611-43D0-AEEC-3D89225BBEC0 callkit_id=unknown message_type=send_to_device message_direction=fromWidget | ElementCallWidgetDriver.swift:196 | spans: root
2026-04-22T10:42:25.054260Z  INFO elementx: [CALL-END-TRACE][SENDER-BRIDGE-ENTRY] method=ElementCallWidgetDriver.handleMessage room_id=!jFGCYbgmpjrPGtgDqt:mertis.kz local_trace_id=unknown widget_id=CB4E4049-7611-43D0-AEEC-3D89225BBEC0 callkit_id=unknown message_type=send_to_device message_direction=toWidget | ElementCallWidgetDriver.swift:196 | spans: root
2026-04-22T10:42:25.054608Z DEBUG matrix_sdk::http_client: Got response | crates/matrix-sdk/src/http_client/mod.rs:214 | spans: root > send{request_id="REQ-35" method=POST uri="https://matrix.mertis.kz/_matrix/client/unstable/org.matrix.msc4140/delayed_events/syd_YMDIUiOqwmlDhmOOTDQi" request_size="20B" status=200 response_size="2B" request_duration=29.929959ms}
2026-04-22T10:42:25.060295Z DEBUG matrix_sdk_crypto::session_manager::sessions: Collected user/device pairs that are missing an Olm session missing_session_devices_by_user={} timed_out_devices_by_user={} | crates/matrix-sdk-crypto/src/session_manager/sessions.rs:285 | spans: root > get_missing_sessions
2026-04-22T10:42:25.061132Z  INFO matrix_sdk_crypto::session_manager::group_sessions: Encrypting content of type io.element.call.encryption_keys recipients={"@aktau:mertis.kz": {"m43kXTw5aX"}} | crates/matrix-sdk-crypto/src/session_manager/group_sessions/mod.rs:892 | spans: root
2026-04-22T10:42:25.061641Z DEBUG matrix_sdk_crypto::olm::session: Successfully encrypted an event session=Session { session_id: "e4xteb6ccZVjd6gxur3WLPnRrt7y40I9LxWK6GhDAuo", sending_ratchet: DoubleRatchet(ActiveDoubleRatchet { ratchet_count: 5, parent_ratchet_key: Some("curve25519:YFyX/Kj/89s3Oz1axs6tnDn+XqIMLBFsDuE/eiEJSlg"), ratchet_key: RatchetPublicKey("curve25519:5N6DU4vB7r12sD47fJ1fHbKfD2A3C38y1wsDcG/H7Wg"), chain_index: 1, .. }), receiving_chains: [ReceiverChain { ratchet_count: 0, ratchet_key: "curve25519:1cLwNER9sFLqFyIwS2Py0KoA5+OFx8fetHP0dfURKXQ", chain_index: 1, skipped_message_keys: [], .. }, ReceiverChain { ratchet_count: 2, ratchet_key: "curve25519:xGBHdLdDIvIxwfQ0pd9j9N+WlbZoQq+3rAxMT+DY/zE", chain_index: 2, skipped_message_keys: [], .. }, ReceiverChain { ratchet_count: 4, ratchet_key: "curve25519:YFyX/Kj/89s3Oz1axs6tnDn+XqIMLBFsDuE/eiEJSlg", chain_index: 1, skipped_message_keys: [], .. }], config: SessionConfig { version: V1 }, .. } | crates/matrix-sdk-crypto/src/olm/session.rs:130 | spans: root > encrypt{recipient="@aktau:mertis.kz" recipient_device="m43kXTw5aX" recipient_key=Some("curve25519:54dZhOGAhy2Z7orO1H27pYAZS+XVS0Tc7Vrg2Rl3Pj8") message_id="01KPTCHCN5FVFKYVBE2BCY011V"}
2026-04-22T10:42:25.062808Z DEBUG matrix_sdk::http_client::native: Sending request num_attempt=1 | crates/matrix-sdk/src/http_client/native.rs:78 | spans: root > send{request_id="REQ-36" method=PUT uri="https://matrix.mertis.kz/_matrix/client/v3/sendToDevice/m.room.encrypted/853b0a1b1b534be5ab1e53adf681fda9" request_size="1.9k"}
2026-04-22T10:42:25.117843Z DEBUG matrix_sdk::http_client: Got response | crates/matrix-sdk/src/http_client/mod.rs:214 | spans: root > send{request_id="REQ-36" method=PUT uri="https://matrix.mertis.kz/_matrix/client/v3/sendToDevice/m.room.encrypted/853b0a1b1b534be5ab1e53adf681fda9" request_size="1.9k" status=200 response_size="2B" request_duration=54.963625ms}
2026-04-22T10:42:25.622082Z ERROR elementx: Accessed timeline item provider before subscribing for updates. | TimelineProxy.swift:32 | spans: root
2026-04-22T10:42:25.775977Z ERROR elementx: Accessed timeline item provider before subscribing for updates. | TimelineProxy.swift:32 | spans: root
2026-04-22T10:42:25.932527Z ERROR elementx: Accessed timeline item provider before subscribing for updates. | TimelineProxy.swift:32 | spans: root
2026-04-22T10:42:26.093088Z ERROR elementx: Accessed timeline item provider before subscribing for updates. | TimelineProxy.swift:32 | spans: root
2026-04-22T10:42:26.253790Z ERROR elementx: Accessed timeline item provider before subscribing for updates. | TimelineProxy.swift:32 | spans: root
2026-04-22T10:42:27.285310Z ERROR elementx: Accessed timeline item provider before subscribing for updates. | TimelineProxy.swift:32 | spans: root
2026-04-22T10:42:27.437368Z ERROR elementx: Accessed timeline item provider before subscribing for updates. | TimelineProxy.swift:32 | spans: root
2026-04-22T10:42:27.589940Z ERROR elementx: Accessed timeline item provider before subscribing for updates. | TimelineProxy.swift:32 | spans: root
2026-04-22T10:42:27.747287Z ERROR elementx: Accessed timeline item provider before subscribing for updates. | TimelineProxy.swift:32 | spans: root
2026-04-22T10:42:27.906105Z ERROR elementx: Accessed timeline item provider before subscribing for updates. | TimelineProxy.swift:32 | spans: root
2026-04-22T10:42:28.944596Z ERROR elementx: Accessed timeline item provider before subscribing for updates. | TimelineProxy.swift:32 | spans: root
2026-04-22T10:42:29.102175Z ERROR elementx: Accessed timeline item provider before subscribing for updates. | TimelineProxy.swift:32 | spans: root
2026-04-22T10:42:29.137206Z  INFO elementx: [CALL-END-TRACE][SENDER-BRIDGE-ENTRY] method=ElementCallWidgetDriver.handleMessage room_id=!jFGCYbgmpjrPGtgDqt:mertis.kz local_trace_id=unknown widget_id=CB4E4049-7611-43D0-AEEC-3D89225BBEC0 callkit_id=unknown message_type=org.matrix.msc4157.update_delayed_event message_direction=fromWidget | ElementCallWidgetDriver.swift:196 | spans: root
2026-04-22T10:42:29.139821Z DEBUG matrix_sdk::http_client::native: Sending request num_attempt=1 | crates/matrix-sdk/src/http_client/native.rs:78 | spans: root > send{request_id="REQ-37" method=POST uri="https://matrix.mertis.kz/_matrix/client/unstable/org.matrix.msc4140/delayed_events/syd_YMDIUiOqwmlDhmOOTDQi" request_size="20B"}
2026-04-22T10:42:29.178829Z DEBUG matrix_sdk::http_client: Got response | crates/matrix-sdk/src/http_client/mod.rs:214 | spans: root > send{request_id="REQ-37" method=POST uri="https://matrix.mertis.kz/_matrix/client/unstable/org.matrix.msc4140/delayed_events/syd_YMDIUiOqwmlDhmOOTDQi" request_size="20B" status=200 response_size="2B" request_duration=38.851416ms}
2026-04-22T10:42:29.255502Z ERROR elementx: Accessed timeline item provider before subscribing for updates. | TimelineProxy.swift:32 | spans: root
2026-04-22T10:42:29.413198Z ERROR elementx: Accessed timeline item provider before subscribing for updates. | TimelineProxy.swift:32 | spans: root
2026-04-22T10:42:29.567558Z ERROR elementx: Accessed timeline item provider before subscribing for updates. | TimelineProxy.swift:32 | spans: root
2026-04-22T10:42:30.588663Z ERROR elementx: Accessed timeline item provider before subscribing for updates. | TimelineProxy.swift:32 | spans: root
2026-04-22T10:42:30.747906Z ERROR elementx: Accessed timeline item provider before subscribing for updates. | TimelineProxy.swift:32 | spans: root
2026-04-22T10:42:30.908403Z ERROR elementx: Accessed timeline item provider before subscribing for updates. | TimelineProxy.swift:32 | spans: root
2026-04-22T10:42:31.064988Z ERROR elementx: Accessed timeline item provider before subscribing for updates. | TimelineProxy.swift:32 | spans: root
2026-04-22T10:42:31.218528Z ERROR elementx: Accessed timeline item provider before subscribing for updates. | TimelineProxy.swift:32 | spans: root
2026-04-22T10:42:32.287929Z ERROR elementx: Accessed timeline item provider before subscribing for updates. | TimelineProxy.swift:32 | spans: root
2026-04-22T10:42:32.448344Z ERROR elementx: Accessed timeline item provider before subscribing for updates. | TimelineProxy.swift:32 | spans: root
2026-04-22T10:42:32.606544Z ERROR elementx: Accessed timeline item provider before subscribing for updates. | TimelineProxy.swift:32 | spans: root
2026-04-22T10:42:32.766244Z ERROR elementx: Accessed timeline item provider before subscribing for updates. | TimelineProxy.swift:32 | spans: root
2026-04-22T10:42:32.926439Z ERROR elementx: Accessed timeline item provider before subscribing for updates. | TimelineProxy.swift:32 | spans: root
2026-04-22T10:42:33.183558Z  INFO elementx: [CALL-END-TRACE][SENDER-BRIDGE-ENTRY] method=ElementCallWidgetDriver.handleMessage room_id=!jFGCYbgmpjrPGtgDqt:mertis.kz local_trace_id=unknown widget_id=CB4E4049-7611-43D0-AEEC-3D89225BBEC0 callkit_id=unknown message_type=org.matrix.msc4157.update_delayed_event message_direction=fromWidget | ElementCallWidgetDriver.swift:196 | spans: root
2026-04-22T10:42:33.185244Z DEBUG matrix_sdk::http_client::native: Sending request num_attempt=1 | crates/matrix-sdk/src/http_client/native.rs:78 | spans: root > send{request_id="REQ-38" method=POST uri="https://matrix.mertis.kz/_matrix/client/unstable/org.matrix.msc4140/delayed_events/syd_YMDIUiOqwmlDhmOOTDQi" request_size="20B"}
2026-04-22T10:42:33.246030Z DEBUG matrix_sdk::http_client: Got response | crates/matrix-sdk/src/http_client/mod.rs:214 | spans: root > send{request_id="REQ-38" method=POST uri="https://matrix.mertis.kz/_matrix/client/unstable/org.matrix.msc4140/delayed_events/syd_YMDIUiOqwmlDhmOOTDQi" request_size="20B" status=200 response_size="2B" request_duration=60.556125ms}
2026-04-22T10:42:33.954888Z ERROR elementx: Accessed timeline item provider before subscribing for updates. | TimelineProxy.swift:32 | spans: root
2026-04-22T10:42:34.111875Z ERROR elementx: Accessed timeline item provider before subscribing for updates. | TimelineProxy.swift:32 | spans: root
2026-04-22T10:42:34.271515Z ERROR elementx: Accessed timeline item provider before subscribing for updates. | TimelineProxy.swift:32 | spans: root
2026-04-22T10:42:34.430058Z ERROR elementx: Accessed timeline item provider before subscribing for updates. | TimelineProxy.swift:32 | spans: root
2026-04-22T10:42:34.586249Z ERROR elementx: Accessed timeline item provider before subscribing for updates. | TimelineProxy.swift:32 | spans: root
2026-04-22T10:42:35.613929Z ERROR elementx: Accessed timeline item provider before subscribing for updates. | TimelineProxy.swift:32 | spans: root
2026-04-22T10:42:35.773665Z ERROR elementx: Accessed timeline item provider before subscribing for updates. | TimelineProxy.swift:32 | spans: root
2026-04-22T10:42:35.925178Z ERROR elementx: Accessed timeline item provider before subscribing for updates. | TimelineProxy.swift:32 | spans: root
2026-04-22T10:42:36.085348Z ERROR elementx: Accessed timeline item provider before subscribing for updates. | TimelineProxy.swift:32 | spans: root
2026-04-22T10:42:36.236643Z ERROR elementx: Accessed timeline item provider before subscribing for updates. | TimelineProxy.swift:32 | spans: root
2026-04-22T10:42:37.248001Z ERROR elementx: Accessed timeline item provider before subscribing for updates. | TimelineProxy.swift:32 | spans: root
2026-04-22T10:42:37.250513Z  INFO elementx: [CALL-END-TRACE][SENDER-BRIDGE-ENTRY] method=ElementCallWidgetDriver.handleMessage room_id=!jFGCYbgmpjrPGtgDqt:mertis.kz local_trace_id=unknown widget_id=CB4E4049-7611-43D0-AEEC-3D89225BBEC0 callkit_id=unknown message_type=org.matrix.msc4157.update_delayed_event message_direction=fromWidget | ElementCallWidgetDriver.swift:196 | spans: root
2026-04-22T10:42:37.252407Z DEBUG matrix_sdk::http_client::native: Sending request num_attempt=1 | crates/matrix-sdk/src/http_client/native.rs:78 | spans: root > send{request_id="REQ-39" method=POST uri="https://matrix.mertis.kz/_matrix/client/unstable/org.matrix.msc4140/delayed_events/syd_YMDIUiOqwmlDhmOOTDQi" request_size="20B"}
2026-04-22T10:42:37.405283Z ERROR elementx: Accessed timeline item provider before subscribing for updates. | TimelineProxy.swift:32 | spans: root
2026-04-22T10:42:37.439385Z DEBUG matrix_sdk::http_client: Got response | crates/matrix-sdk/src/http_client/mod.rs:214 | spans: root > send{request_id="REQ-39" method=POST uri="https://matrix.mertis.kz/_matrix/client/unstable/org.matrix.msc4140/delayed_events/syd_YMDIUiOqwmlDhmOOTDQi" request_size="20B" status=200 response_size="2B" request_duration=186.803917ms}
2026-04-22T10:42:37.556754Z ERROR elementx: Accessed timeline item provider before subscribing for updates. | TimelineProxy.swift:32 | spans: root
2026-04-22T10:42:37.715492Z ERROR elementx: Accessed timeline item provider before subscribing for updates. | TimelineProxy.swift:32 | spans: root
2026-04-22T10:42:37.869475Z ERROR elementx: Accessed timeline item provider before subscribing for updates. | TimelineProxy.swift:32 | spans: root
2026-04-22T10:42:38.874193Z ERROR elementx: Accessed timeline item provider before subscribing for updates. | TimelineProxy.swift:32 | spans: root
2026-04-22T10:42:39.031856Z ERROR elementx: Accessed timeline item provider before subscribing for updates. | TimelineProxy.swift:32 | spans: root
2026-04-22T10:42:39.191926Z ERROR elementx: Accessed timeline item provider before subscribing for updates. | TimelineProxy.swift:32 | spans: root
2026-04-22T10:42:39.349057Z ERROR elementx: Accessed timeline item provider before subscribing for updates. | TimelineProxy.swift:32 | spans: root
2026-04-22T10:42:39.507599Z ERROR elementx: Accessed timeline item provider before subscribing for updates. | TimelineProxy.swift:32 | spans: root
ERROR: Command timeout of 60.0 seconds exceeded. Assuming command got stuck and aborting.
