2026-04-21T14:37:55.390305Z  INFO matrix_sdk_ffi::platform: Logging has been set up env_filter="panic=error,hyper=warn,matrix_sdk_ffi=info,matrix_sdk=info,matrix_sdk::client=trace,matrix_sdk_crypto=debug,matrix_sdk_crypto::olm::account=trace,matrix_sdk::oidc=trace,matrix_sdk::http_client=debug,matrix_sdk::sliding_sync=info,matrix_sdk_base::sliding_sync=info,matrix_sdk_ui::timeline=info,matrix_sdk::send_queue=info,matrix_sdk::event_cache=info,matrix_sdk::latest_events=info,matrix_sdk_base::event_cache=info,matrix_sdk_sqlite::event_cache_store=info,matrix_sdk_common::cross_process_lock=warn,matrix_sdk_common::deserialized_responses=info,matrix_sdk_base::store::ambiguity_map=warn,matrix_sdk_ui::notification_client=info,matrix_sdk_base::response_processors=debug,elementx=info" | bindings/matrix-sdk-ffi/src/platform/mod.rs:602
2026-04-21T14:37:55.390513Z  INFO elementx: SalemX 26.03.4 (1) | AppCoordinator.swift:91 | spans: root
2026-04-21T14:37:55.412233Z  INFO elementx: NavigationRootCoordinator(SalemX.SplashScreenCoordinator Set root: SalemX.SplashScreenCoordinator | NavigationRootCoordinator.swift:153 | spans: root
2026-04-21T14:37:55.422826Z ERROR elementx: Biometrics error: Error Domain=com.apple.LocalAuthentication Code=-7 "No identities are enrolled." UserInfo={NSDebugDescription=No identities are enrolled., NSLocalizedDescription=Биометрическая регистрация не выполнялась.} | AppLockService.swift:172 | spans: root
2026-04-21T14:37:55.489994Z  INFO elementx: Sentry configured (enabled: false) | AppCoordinator.swift:1026 | spans: root
2026-04-21T14:37:55.493323Z  INFO elementx: App setting 'enableNotifications' is 'true' | NotificationManager.swift:51 | spans: root
2026-04-21T14:37:55.495776Z  INFO elementx: [CALL-END-TRACE][CANARY-APP-LAUNCH] local_trace_id=app_launch room_id=n/a widget_id=n/a callkit_id=n/a | AppCoordinator.swift:162 | spans: root
2026-04-21T14:37:55.498069Z  INFO elementx: Register background app refresh with result: true | AppCoordinator.swift:1205 | spans: root
2026-04-21T14:37:55.619258Z  INFO elementx: Network reachability changed to reachable | NetworkMonitor.swift:30 | spans: root
2026-04-21T14:37:55.626967Z  INFO elementx: Transitioning from `initial` to `signedOut` with event `startWithAuthentication` | AppCoordinatorStateMachine.swift:93 | spans: root
2026-04-21T14:37:55.634449Z  INFO elementx: NavigationStackCoordinator(SalemX.AuthenticationStartScreenCoordinator) Set root: SalemX.AuthenticationStartScreenCoordinator | NavigationCoordinators.swift:686 | spans: root
2026-04-21T14:37:55.636187Z  INFO elementx: NavigationRootCoordinator(NavigationStackCoordinator(SalemX.AuthenticationStartScreenCoordinator) Set root: NavigationStackCoordinator(SalemX.AuthenticationStartScreenCoordinator) | NavigationRootCoordinator.swift:153 | spans: root
2026-04-21T14:37:55.640467Z  INFO elementx: Transitioning from `initial` to `startScreen` with event `Optional(SalemX.AuthenticationFlowCoordinator.Event.start)`. | AuthenticationFlowCoordinator.swift:246 | spans: root
2026-04-21T14:37:55.737585Z  INFO elementx: Application did become active | AppCoordinator.swift:1178 | spans: root
2026-04-21T14:38:01.425125Z  INFO elementx: No global proxy configured. | URL.swift:113 | spans: root > Global proxy
spawning a multithreaded tokio runtime
2026-04-21T14:38:01.458252Z DEBUG matrix_sdk::client::builder: Starting to build the Client | crates/matrix-sdk/src/client/builder/mod.rs:533 | spans: root > build
2026-04-21T14:38:01.852527Z DEBUG matrix_sdk::client::builder::homeserver_config: Trying to discover the homeserver | crates/matrix-sdk/src/client/builder/homeserver_config.rs:172 | spans: root > build{homeserver=ServerNameOrHomeserverUrl("mertis.kz")}
2026-04-21T14:38:01.855149Z DEBUG matrix_sdk::http_client::native: Sending request num_attempt=1 | crates/matrix-sdk/src/http_client/native.rs:78 | spans: root > build{homeserver=ServerNameOrHomeserverUrl("mertis.kz")} > send{request_id="REQ-0" method=GET uri="https://mertis.kz/.well-known/matrix/client"}
2026-04-21T14:38:01.906310Z DEBUG matrix_sdk::http_client: Got response | crates/matrix-sdk/src/http_client/mod.rs:214 | spans: root > build{homeserver=ServerNameOrHomeserverUrl("mertis.kz")} > send{request_id="REQ-0" method=GET uri="https://mertis.kz/.well-known/matrix/client" status=200 response_size="324B" request_duration=46.427917ms}
2026-04-21T14:38:01.906629Z DEBUG matrix_sdk::client::builder::homeserver_config: Discovered the homeserver homeserver_url="https://matrix.mertis.kz" | crates/matrix-sdk/src/client/builder/homeserver_config.rs:194 | spans: root > build{homeserver=ServerNameOrHomeserverUrl("mertis.kz")}
2026-04-21T14:38:01.906925Z DEBUG matrix_sdk::http_client::native: Sending request num_attempt=1 | crates/matrix-sdk/src/http_client/native.rs:78 | spans: root > build{homeserver=ServerNameOrHomeserverUrl("mertis.kz")} > send{request_id="REQ-1" method=GET uri="https://matrix.mertis.kz/_matrix/client/versions"}
2026-04-21T14:38:01.917558Z DEBUG matrix_sdk::http_client: Got response | crates/matrix-sdk/src/http_client/mod.rs:214 | spans: root > build{homeserver=ServerNameOrHomeserverUrl("mertis.kz")} > send{request_id="REQ-1" method=GET uri="https://matrix.mertis.kz/_matrix/client/versions" status=200 response_size="1.2k" request_duration=9.73825ms}
2026-04-21T14:38:01.919422Z  INFO matrix_sdk::client::builder: selected sliding sync version version=Native | crates/matrix-sdk/src/client/builder/mod.rs:585 | spans: root > build{homeserver=ServerNameOrHomeserverUrl("mertis.kz")}
2026-04-21T14:38:01.925182Z DEBUG matrix_sdk::client::thread_subscriptions: Thread subscriptions catchup not enabled, not starting the catchup task | crates/matrix-sdk/src/client/thread_subscriptions.rs:161
2026-04-21T14:38:01.925199Z DEBUG matrix_sdk::client::builder: Done building the Client | crates/matrix-sdk/src/client/builder/mod.rs:637 | spans: root > build{homeserver=ServerNameOrHomeserverUrl("mertis.kz")}
2026-04-21T14:38:02.492461Z DEBUG matrix_sdk::http_client::native: Sending request num_attempt=1 | crates/matrix-sdk/src/http_client/native.rs:78 | spans: root > send{request_id="REQ-2" method=GET uri="https://matrix.mertis.kz/_matrix/client/versions"}
2026-04-21T14:38:02.495033Z DEBUG matrix_sdk::http_client: Got response | crates/matrix-sdk/src/http_client/mod.rs:214 | spans: root > send{request_id="REQ-2" method=GET uri="https://matrix.mertis.kz/_matrix/client/versions" status=200 response_size="1.2k" request_duration=2.511584ms}
2026-04-21T14:38:02.496686Z DEBUG matrix_sdk::http_client::native: Sending request num_attempt=1 | crates/matrix-sdk/src/http_client/native.rs:78 | spans: root > send{request_id="REQ-3" method=GET uri="https://matrix.mertis.kz/_matrix/client/unstable/org.matrix.msc2965/auth_metadata"}
2026-04-21T14:38:02.499412Z DEBUG matrix_sdk::http_client: Got response | crates/matrix-sdk/src/http_client/mod.rs:214 | spans: root > send{request_id="REQ-3" method=GET uri="https://matrix.mertis.kz/_matrix/client/unstable/org.matrix.msc2965/auth_metadata" status=200 response_size="2.6k" request_duration=2.439ms}
2026-04-21T14:38:02.503476Z DEBUG matrix_sdk::http_client::native: Sending request num_attempt=1 | crates/matrix-sdk/src/http_client/native.rs:78 | spans: root > send{request_id="REQ-4" method=GET uri="https://matrix.mertis.kz/_matrix/client/versions"}
2026-04-21T14:38:02.505478Z DEBUG matrix_sdk::http_client: Got response | crates/matrix-sdk/src/http_client/mod.rs:214 | spans: root > send{request_id="REQ-4" method=GET uri="https://matrix.mertis.kz/_matrix/client/versions" status=200 response_size="1.2k" request_duration=1.964792ms}
2026-04-21T14:38:02.506170Z DEBUG matrix_sdk::http_client::native: Sending request num_attempt=1 | crates/matrix-sdk/src/http_client/native.rs:78 | spans: root > send{request_id="REQ-5" method=GET uri="https://matrix.mertis.kz/_matrix/client/v3/login"}
2026-04-21T14:38:02.508348Z DEBUG matrix_sdk::http_client: Got response | crates/matrix-sdk/src/http_client/mod.rs:214 | spans: root > send{request_id="REQ-5" method=GET uri="https://matrix.mertis.kz/_matrix/client/v3/login" status=200 response_size="142B" request_duration=1.128083ms}
2026-04-21T14:38:02.517986Z DEBUG matrix_sdk::http_client::native: Sending request num_attempt=1 | crates/matrix-sdk/src/http_client/native.rs:78 | spans: root > build > send{request_id="REQ-6" method=GET uri="https://matrix.mertis.kz/_matrix/client/versions"}
2026-04-21T14:38:02.520393Z DEBUG matrix_sdk::http_client: Got response | crates/matrix-sdk/src/http_client/mod.rs:214 | spans: root > build > send{request_id="REQ-6" method=GET uri="https://matrix.mertis.kz/_matrix/client/versions" status=200 response_size="1.2k" request_duration=2.359167ms}
2026-04-21T14:38:02.520429Z DEBUG matrix_sdk::http_client::native: Sending request num_attempt=1 | crates/matrix-sdk/src/http_client/native.rs:78 | spans: root > build > send{request_id="REQ-7" method=GET uri="https://matrix.mertis.kz/_matrix/client/unstable/org.matrix.msc2965/auth_metadata"}
2026-04-21T14:38:02.522470Z DEBUG matrix_sdk::http_client: Got response | crates/matrix-sdk/src/http_client/mod.rs:214 | spans: root > build > send{request_id="REQ-7" method=GET uri="https://matrix.mertis.kz/_matrix/client/unstable/org.matrix.msc2965/auth_metadata" status=200 response_size="2.6k" request_duration=2.010667ms}
2026-04-21T14:38:02.534176Z  INFO matrix_sdk::authentication::oauth::auth_code_builder: Authorizing scope via the OAuth 2.0 Authorization Code flow issuer="https://auth.mertis.kz/" scopes=[Scope("urn:matrix:org.matrix.msc2967.client:api:*"), Scope("urn:matrix:org.matrix.msc2967.client:device:pHHotPZIkM")] | crates/matrix-sdk/src/authentication/oauth/auth_code_builder.rs:127 | spans: root > build
2026-04-21T14:38:02.536284Z  INFO elementx: Transitioning from `startScreen` to `oidcAuthentication` with event `Optional(SalemX.AuthenticationFlowCoordinator.Event.continueWithOIDC)`. | AuthenticationFlowCoordinator.swift:246 | spans: root
2026-04-21T14:38:03.236719Z  INFO elementx: Application will resign active | AppCoordinator.swift:1153 | spans: root
2026-04-21T14:38:03.251441Z ERROR elementx: Failed scheduling background app refresh with error :Error Domain=BGTaskSchedulerErrorDomain Code=1 "(null)" | AppCoordinator.swift:1218 | spans: root
2026-04-21T14:38:04.284968Z  INFO elementx: Application did become active | AppCoordinator.swift:1178 | spans: root
2026-04-21T14:38:04.285015Z  INFO elementx: Ending background task. | AppCoordinator.swift:1188 | spans: root
2026-04-21T14:38:07.830489Z DEBUG matrix_sdk::http_client::native: Sending request num_attempt=1 | crates/matrix-sdk/src/http_client/native.rs:78 | spans: root > send{request_id="REQ-8" method=GET uri="https://matrix.mertis.kz/_matrix/client/versions"}
2026-04-21T14:38:07.890579Z DEBUG matrix_sdk::http_client: Got response | crates/matrix-sdk/src/http_client/mod.rs:214 | spans: root > send{request_id="REQ-8" method=GET uri="https://matrix.mertis.kz/_matrix/client/versions" status=200 response_size="1.2k" request_duration=57.416292ms}
2026-04-21T14:38:07.896257Z DEBUG matrix_sdk::http_client::native: Sending request num_attempt=1 | crates/matrix-sdk/src/http_client/native.rs:78 | spans: root > send{request_id="REQ-9" method=GET uri="https://matrix.mertis.kz/_matrix/client/v3/account/whoami"}
2026-04-21T14:38:07.898766Z DEBUG matrix_sdk::http_client: Got response | crates/matrix-sdk/src/http_client/mod.rs:214 | spans: root > send{request_id="REQ-9" method=GET uri="https://matrix.mertis.kz/_matrix/client/v3/account/whoami" status=200 response_size="72B" request_duration=2.293292ms}
2026-04-21T14:38:07.917788Z DEBUG matrix_sdk_crypto::machine: Created a new Olm account | crates/matrix-sdk-crypto/src/machine/mod.rs:362 | spans: root > with_store{user_id="@aktau:mertis.kz" device_id="pHHotPZIkM" ed25519_key=M0mhG6UokHUP46hSMjDWKG61kmpw/2xLe+La75gin+s curve25519_key=pFaf/unMw0v17TGquqcrfbPxp7v3fGDpgJr8UDhiIXk}
2026-04-21T14:38:07.917861Z DEBUG matrix_sdk_crypto::machine: Creating an empty cross signing identity stub | crates/matrix-sdk-crypto/src/machine/mod.rs:378 | spans: root > with_store{user_id="@aktau:mertis.kz" device_id="pHHotPZIkM" ed25519_key=M0mhG6UokHUP46hSMjDWKG61kmpw/2xLe+La75gin+s curve25519_key=pFaf/unMw0v17TGquqcrfbPxp7v3fGDpgJr8UDhiIXk}
2026-04-21T14:38:07.934112Z DEBUG matrix_sdk::http_client::native: Sending request num_attempt=1 | crates/matrix-sdk/src/http_client/native.rs:78 | spans: keys_query{request_id="6b9acc8ef425487fba31fcb109c21773"} > send{request_id="REQ-10" method=POST uri="https://matrix.mertis.kz/_matrix/client/v3/keys/query" request_size="39B"}
2026-04-21T14:38:07.938162Z  INFO elementx: Checking if backup exists on the server | SecureBackupController.swift:196 | spans: root
2026-04-21T14:38:07.939121Z DEBUG matrix_sdk::http_client::native: Sending request num_attempt=1 | crates/matrix-sdk/src/http_client/native.rs:78 | spans: root > send{request_id="REQ-11" method=GET uri="https://matrix.mertis.kz/_matrix/client/v3/room_keys/version"}
2026-04-21T14:38:07.942242Z DEBUG matrix_sdk::http_client: Got response | crates/matrix-sdk/src/http_client/mod.rs:214 | spans: keys_query{request_id="6b9acc8ef425487fba31fcb109c21773"} > send{request_id="REQ-10" method=POST uri="https://matrix.mertis.kz/_matrix/client/v3/keys/query" request_size="39B" status=200 response_size="14.3k" request_duration=6.616625ms}
2026-04-21T14:38:07.943053Z DEBUG matrix_sdk_crypto::identities::manager: Handling a `/keys/query` response request_id="6b9acc8ef425487fba31fcb109c21773" users={"@aktau:mertis.kz"} failures={} | crates/matrix-sdk-crypto/src/identities/manager.rs:135 | spans: keys_query{request_id="6b9acc8ef425487fba31fcb109c21773"}
2026-04-21T14:38:07.948986Z  INFO elementx: Key backup state changed to: unknown, setting local state to unknown | SecureBackupController.swift:59 | spans: root
2026-04-21T14:38:07.949299Z  INFO elementx: Recovery state changed to: unknown, setting local state to unknown | SecureBackupController.swift:80 | spans: root
2026-04-21T14:38:07.949386Z DEBUG matrix_sdk::http_client: Got response | crates/matrix-sdk/src/http_client/mod.rs:214 | spans: root > send{request_id="REQ-11" method=GET uri="https://matrix.mertis.kz/_matrix/client/v3/room_keys/version" status=200 response_size="451B" request_duration=8.529625ms}
2026-04-21T14:38:07.949699Z  INFO elementx: Checking if backup exists on the server | SecureBackupController.swift:196 | spans: root
2026-04-21T14:38:07.949752Z DEBUG matrix_sdk::http_client::native: Sending request num_attempt=1 | crates/matrix-sdk/src/http_client/native.rs:78 | spans: root > send{request_id="REQ-12" method=GET uri="https://matrix.mertis.kz/_matrix/client/v3/room_keys/version"}
2026-04-21T14:38:07.953421Z DEBUG matrix_sdk::http_client: Got response | crates/matrix-sdk/src/http_client/mod.rs:214 | spans: root > send{request_id="REQ-12" method=GET uri="https://matrix.mertis.kz/_matrix/client/v3/room_keys/version" status=200 response_size="451B" request_duration=3.636208ms}
2026-04-21T14:38:07.953649Z DEBUG matrix_sdk_crypto::machine: Initialising crypto store generation at 0 | crates/matrix-sdk-crypto/src/machine/mod.rs:2852 | spans: root
2026-04-21T14:38:07.953936Z  WARN matrix_sdk_crypto::identities::manager: Our own device might have been deleted user_id="@aktau:mertis.kz" device_id="pHHotPZIkM" curve25519_key="curve25519:pFaf/unMw0v17TGquqcrfbPxp7v3fGDpgJr8UDhiIXk" ed25519_key="ed25519:M0mhG6UokHUP46hSMjDWKG61kmpw/2xLe+La75gin+s" | crates/matrix-sdk-crypto/src/identities/manager.rs:352
2026-04-21T14:38:07.958721Z  INFO elementx: AllRooms: Updating visible range: 0..<0 | RoomSummaryProvider.swift:166 | spans: root
2026-04-21T14:38:07.959108Z DEBUG matrix_sdk_crypto::store::crypto_store_wrapper: Stored our own identity master_key=Some("ed25519:PSnLuw3ar5JYXvr1IIz9AvhBfEMXdmto8h0EbE/OnLo") user_signing_key=Some("ed25519:DWYgSYu/HeAoUI8DUmMJkvWq0LbGifLZCWg5616ZNz8") self_signing_key=Some("ed25519:42bcETY6TQ56pkKdIaVRdnTh9DoC4EG76ymwPyw+Hxg") previously_verified=false verified=false | crates/matrix-sdk-crypto/src/store/crypto_store_wrapper.rs:149 | spans: keys_query{request_id="6b9acc8ef425487fba31fcb109c21773"}
2026-04-21T14:38:07.965097Z  INFO elementx: AlternateAllRooms: Updating visible range: 0..<0 | RoomSummaryProvider.swift:166 | spans: root
2026-04-21T14:38:07.965219Z  INFO elementx: StaticAllRooms: Updating visible range: 0..<0 | RoomSummaryProvider.swift:166 | spans: root
2026-04-21T14:38:07.966942Z  INFO elementx: Starting sync | ClientProxy.swift:442 | spans: root
2026-04-21T14:38:07.967504Z DEBUG matrix_sdk_crypto::identities::manager: Finished handling of the `/keys/query` response request_id="6b9acc8ef425487fba31fcb109c21773" new_devices={"@aktau:mertis.kz": {"24201cxcg2", "2fFRSN56EQ", "36cVbvJbOz", "BWjaGLgBcL", "DhnVP1QJmW", "FYktHikyZL", "K8n2GhfVzf", "LNY5wGStRr", "MLKdvAB3Hy", "QBux8Po03W", "QsFyqwZl0e", "SQStUlyD4C", "W0zah3ACFg", "WN5rnQytvy", "WX3jZdbvMw", "WrU4iR5eBX", "bhuGIeFJqq", "hUtqHiSq37", "lDka92MiyF", "m53ntGqSgq", "oqQ12dvZfP", "orJyJGvfRq", "pqoil9GXqf", "qoh9d6Fdof", "rUMY78WsAx"}} changed_devices={} deleted_devices={} new_identities={"@aktau:mertis.kz"} changed_identities={} | crates/matrix-sdk-crypto/src/identities/manager.rs:1205 | spans: keys_query{request_id="6b9acc8ef425487fba31fcb109c21773"}
2026-04-21T14:38:07.968102Z DEBUG matrix_sdk::http_client::native: Sending request num_attempt=1 | crates/matrix-sdk/src/http_client/native.rs:78 | spans: root > send{request_id="REQ-13" method=GET uri="https://matrix.mertis.kz/_matrix/client/unstable/org.matrix.msc2965/auth_metadata"}
2026-04-21T14:38:07.968929Z DEBUG matrix_sdk::http_client::native: Sending request num_attempt=1 | crates/matrix-sdk/src/http_client/native.rs:78 | spans: keys_query{request_id="6b9acc8ef425487fba31fcb109c21773"} > update_state_after_keys_query > send{request_id="REQ-14" method=GET uri="https://matrix.mertis.kz/_matrix/client/v3/user/@aktau:mertis.kz/account_data/m.secret_storage.default_key"}
2026-04-21T14:38:07.969882Z  INFO matrix_sdk::sliding_sync: Marking all tracked users as dirty | crates/matrix-sdk/src/sliding_sync/mod.rs:479 | spans: next_sync_with_lock{store_generation=0} > sync_once{conn_id="encryption"}
2026-04-21T14:38:07.970285Z  INFO elementx: AllRooms: Received state update: notLoaded | RoomSummaryProvider.swift:105 | spans: root
2026-04-21T14:38:07.970401Z  INFO elementx: StaticAllRooms: Received state update: notLoaded | RoomSummaryProvider.swift:105 | spans: root
2026-04-21T14:38:07.970508Z  INFO elementx: AlternateAllRooms: Received state update: notLoaded | RoomSummaryProvider.swift:105 | spans: root
2026-04-21T14:38:07.971776Z DEBUG matrix_sdk::http_client::native: Sending request num_attempt=1 | crates/matrix-sdk/src/http_client/native.rs:78 | spans: next_sync_with_lock{store_generation=0} > sync_once{conn_id="encryption"  timeout=30000} > send{request_id="REQ-15" method=POST uri="https://matrix.mertis.kz/_matrix/client/unstable/org.matrix.simplified_msc3575/sync" request_size="92B"}
2026-04-21T14:38:07.971826Z DEBUG matrix_sdk::http_client::native: Sending request num_attempt=1 | crates/matrix-sdk/src/http_client/native.rs:78 | spans: root > sync_once{conn_id="room-list"  timeout=0} > send{request_id="REQ-16" method=POST uri="https://matrix.mertis.kz/_matrix/client/unstable/org.matrix.simplified_msc3575/sync" request_size="647B"}
2026-04-21T14:38:07.972028Z DEBUG matrix_sdk::http_client: Got response | crates/matrix-sdk/src/http_client/mod.rs:214 | spans: root > send{request_id="REQ-13" method=GET uri="https://matrix.mertis.kz/_matrix/client/unstable/org.matrix.msc2965/auth_metadata" status=200 response_size="2.6k" request_duration=3.8265ms}
2026-04-21T14:38:07.972158Z DEBUG matrix_sdk_crypto::session_manager::sessions: Collected user/device pairs that are missing an Olm session missing_session_devices_by_user={} timed_out_devices_by_user={} | crates/matrix-sdk-crypto/src/session_manager/sessions.rs:285 | spans: next_sync_with_lock{store_generation=0} > sync_once{conn_id="encryption"  timeout=30000} > send_outgoing_requests > get_missing_sessions
2026-04-21T14:38:07.973623Z  INFO elementx: Received sync service update: running | ClientProxy.swift:1106 | spans: root
2026-04-21T14:38:07.973636Z ERROR matrix_sdk::http_client: Error while sending request: Api(Server(ClientApi(Error { status_code: 404, body: Standard(StandardErrorBody { kind: NotFound, message: "Account data not found" }) }))) | crates/matrix-sdk/src/http_client/mod.rs:218 | spans: keys_query{request_id="6b9acc8ef425487fba31fcb109c21773"} > update_state_after_keys_query > send{request_id="REQ-14" method=GET uri="https://matrix.mertis.kz/_matrix/client/v3/user/@aktau:mertis.kz/account_data/m.secret_storage.default_key" status=404 response_size="58B" request_duration=3.371375ms}
2026-04-21T14:38:07.973974Z  INFO matrix_sdk::encryption::recovery: Recovery state changed from Unknown to Disabled | crates/matrix-sdk/src/encryption/recovery/mod.rs:686 | spans: keys_query{request_id="6b9acc8ef425487fba31fcb109c21773"} > update_state_after_keys_query
2026-04-21T14:38:07.974363Z  INFO elementx: Recovery state changed to: disabled, setting local state to disabled | SecureBackupController.swift:80 | spans: root
2026-04-21T14:38:07.975419Z  INFO matrix_sdk::encryption::backups: Setting up secret listeners and trying to resume backups | crates/matrix-sdk/src/encryption/backups/mod.rs:752 | spans: root
2026-04-21T14:38:07.975632Z DEBUG matrix_sdk_crypto::identities::manager: Created a /keys/query request request_id="d1eb1bdbe47c4310b69b46a4f3b0e3a4" users=["@aktau:mertis.kz"] | crates/matrix-sdk-crypto/src/identities/manager.rs:877 | spans: next_sync_with_lock{store_generation=0} > sync_once{conn_id="encryption"  timeout=30000} > send_outgoing_requests
2026-04-21T14:38:07.975916Z  INFO matrix_sdk::encryption::recovery: Setting up account data listeners and trying to setup recovery | crates/matrix-sdk/src/encryption/recovery/mod.rs:610 | spans: root
2026-04-21T14:38:07.976326Z DEBUG matrix_sdk::http_client::native: Sending request num_attempt=1 | crates/matrix-sdk/src/http_client/native.rs:78 | spans: root > send{request_id="REQ-17" method=GET uri="https://matrix.mertis.kz/_matrix/client/v3/user/@aktau:mertis.kz/account_data/m.secret_storage.default_key"}
2026-04-21T14:38:07.976584Z DEBUG matrix_sdk::http_client::native: Sending request num_attempt=1 | crates/matrix-sdk/src/http_client/native.rs:78 | spans: next_sync_with_lock{store_generation=0} > sync_once{conn_id="encryption"  timeout=30000} > send_outgoing_requests > keys_upload{request_id="597e6a8242a445f0a112f740550a7099"} > send{request_id="REQ-18" method=POST uri="https://matrix.mertis.kz/_matrix/client/v3/keys/upload" request_size="12.1k"}
2026-04-21T14:38:07.976720Z DEBUG matrix_sdk::http_client::native: Sending request num_attempt=1 | crates/matrix-sdk/src/http_client/native.rs:78 | spans: next_sync_with_lock{store_generation=0} > sync_once{conn_id="encryption"  timeout=30000} > send_outgoing_requests > keys_query{request_id="d1eb1bdbe47c4310b69b46a4f3b0e3a4"} > send{request_id="REQ-19" method=POST uri="https://matrix.mertis.kz/_matrix/client/v3/keys/query" request_size="39B"}
2026-04-21T14:38:07.980414Z DEBUG matrix_sdk::http_client::native: Sending request num_attempt=1 | crates/matrix-sdk/src/http_client/native.rs:78 | spans: root > send{request_id="REQ-20" method=GET uri="https://matrix.mertis.kz/_matrix/client/v3/user/@aktau:mertis.kz/account_data/m.secret_storage.default_key"}
2026-04-21T14:38:07.981599Z DEBUG matrix_sdk::http_client: Got response | crates/matrix-sdk/src/http_client/mod.rs:214 | spans: next_sync_with_lock{store_generation=0} > sync_once{conn_id="encryption"  timeout=30000} > send{request_id="REQ-15" method=POST uri="https://matrix.mertis.kz/_matrix/client/unstable/org.matrix.simplified_msc3575/sync" request_size="92B" status=200 response_size="222B" request_duration=8.7765ms}
2026-04-21T14:38:07.983698Z  INFO elementx: Set up session for user @aktau:mertis.kz at: Data: /Users/aibattt/Library/Developer/CoreSimulator/Devices/183D9DAD-0CB6-49DE-ABFD-53BFA7B724CB/data/Containers/Shared/AppGroup/71965D2B-D443-4BFB-BFF2-C3FD0CFFF5BA/Library/Application Support/kz.salemx.msg/Sessions/38488D2C-5FE6-4066-8184-6C020A969615 Caches: /Users/aibattt/Library/Developer/CoreSimulator/Devices/183D9DAD-0CB6-49DE-ABFD-53BFA7B724CB/data/Containers/Shared/AppGroup/71965D2B-D443-4BFB-BFF2-C3FD0CFFF5BA/Library/Caches/kz.salemx.msg/Sessions/38488D2C-5FE6-4066-8184-6C020A969615 | UserSessionStore.swift:85 | spans: root
2026-04-21T14:38:07.994612Z  INFO elementx: Session security state changed, verificationState: unverified, recoveryState: disabled | UserSession.swift:48 | spans: root
2026-04-21T14:38:07.995957Z ERROR matrix_sdk::http_client: Error while sending request: Api(Server(ClientApi(Error { status_code: 404, body: Standard(StandardErrorBody { kind: NotFound, message: "Account data not found" }) }))) | crates/matrix-sdk/src/http_client/mod.rs:218 | spans: root > send{request_id="REQ-17" method=GET uri="https://matrix.mertis.kz/_matrix/client/v3/user/@aktau:mertis.kz/account_data/m.secret_storage.default_key" status=404 response_size="58B" request_duration=19.502041ms}
2026-04-21T14:38:07.997086Z DEBUG matrix_sdk::http_client::native: Sending request num_attempt=1 | crates/matrix-sdk/src/http_client/native.rs:78 | spans: root > send{request_id="REQ-21" method=GET uri="https://matrix.mertis.kz/_matrix/client/v3/room_keys/version"}
2026-04-21T14:38:07.997172Z  INFO elementx: Session security state changed, verificationState: unverified, recoveryState: disabled | UserSession.swift:48 | spans: root
2026-04-21T14:38:07.997217Z  INFO elementx: Recovery state changed to: disabled, setting local state to disabled | SecureBackupController.swift:80 | spans: root
2026-04-21T14:38:08.001281Z ERROR matrix_sdk::http_client: Error while sending request: Api(Server(ClientApi(Error { status_code: 404, body: Standard(StandardErrorBody { kind: NotFound, message: "Account data not found" }) }))) | crates/matrix-sdk/src/http_client/mod.rs:218 | spans: root > send{request_id="REQ-20" method=GET uri="https://matrix.mertis.kz/_matrix/client/v3/user/@aktau:mertis.kz/account_data/m.secret_storage.default_key" status=404 response_size="58B" request_duration=17.674917ms}
2026-04-21T14:38:08.002097Z  INFO elementx: Session security state changed, verificationState: unverified, recoveryState: disabled | UserSession.swift:48 | spans: root
2026-04-21T14:38:08.002146Z  INFO elementx: Recovery state changed to: disabled, setting local state to disabled | SecureBackupController.swift:80 | spans: root
2026-04-21T14:38:08.006532Z  INFO elementx: Starting sync | ClientProxy.swift:442 | spans: root
2026-04-21T14:38:08.010415Z  INFO elementx: Notification sound enabled: false | NotificationManager.swift:106 | spans: root
2026-04-21T14:38:08.013688Z  INFO elementx: Transitioning from `signedOut` to `signedIn` with event `createdUserSession` | AppCoordinatorStateMachine.swift:93 | spans: root
2026-04-21T14:38:08.019183Z  INFO elementx: NavigationRootCoordinator(NavigationTabCoordinator(Empty) Set root: NavigationTabCoordinator(Empty) | NavigationRootCoordinator.swift:153 | spans: root
2026-04-21T14:38:08.025252Z  INFO elementx: NavigationSplitCoordinator(NavigationStackCoordinator(Empty) | Empty) Set sidebar: NavigationStackCoordinator(Empty) | NavigationCoordinators.swift:302 | spans: root
2026-04-21T14:38:08.031119Z DEBUG matrix_sdk::http_client: Got response | crates/matrix-sdk/src/http_client/mod.rs:214 | spans: root > send{request_id="REQ-21" method=GET uri="https://matrix.mertis.kz/_matrix/client/v3/room_keys/version" status=200 response_size="451B" request_duration=33.964416ms}
2026-04-21T14:38:08.044962Z DEBUG matrix_sdk::http_client: Got response | crates/matrix-sdk/src/http_client/mod.rs:214 | spans: next_sync_with_lock{store_generation=0} > sync_once{conn_id="encryption"  timeout=30000} > send_outgoing_requests > keys_query{request_id="d1eb1bdbe47c4310b69b46a4f3b0e3a4"} > send{request_id="REQ-19" method=POST uri="https://matrix.mertis.kz/_matrix/client/v3/keys/query" request_size="39B" status=200 response_size="14.8k" request_duration=68.148208ms}
2026-04-21T14:38:08.044997Z DEBUG matrix_sdk_crypto::identities::manager: Handling a `/keys/query` response request_id="d1eb1bdbe47c4310b69b46a4f3b0e3a4" users={"@aktau:mertis.kz"} failures={} | crates/matrix-sdk-crypto/src/identities/manager.rs:135 | spans: next_sync_with_lock{store_generation=0} > sync_once{conn_id="encryption"  timeout=30000} > send_outgoing_requests > keys_query{request_id="d1eb1bdbe47c4310b69b46a4f3b0e3a4"}
2026-04-21T14:38:08.048650Z DEBUG matrix_sdk_crypto::identities::manager: Finished handling of the `/keys/query` response request_id="d1eb1bdbe47c4310b69b46a4f3b0e3a4" new_devices={} changed_devices={"@aktau:mertis.kz": {"pHHotPZIkM"}} deleted_devices={} new_identities={} changed_identities={} | crates/matrix-sdk-crypto/src/identities/manager.rs:1205 | spans: next_sync_with_lock{store_generation=0} > sync_once{conn_id="encryption"  timeout=30000} > send_outgoing_requests > keys_query{request_id="d1eb1bdbe47c4310b69b46a4f3b0e3a4"}
2026-04-21T14:38:08.048710Z DEBUG matrix_sdk::http_client::native: Sending request num_attempt=1 | crates/matrix-sdk/src/http_client/native.rs:78 | spans: next_sync_with_lock{store_generation=0} > sync_once{conn_id="encryption"  timeout=30000} > send_outgoing_requests > keys_query{request_id="d1eb1bdbe47c4310b69b46a4f3b0e3a4"} > update_state_after_keys_query > send{request_id="REQ-22" method=GET uri="https://matrix.mertis.kz/_matrix/client/v3/user/@aktau:mertis.kz/account_data/m.secret_storage.default_key"}
2026-04-21T14:38:08.049058Z  INFO elementx: Transitioning from `initial` to `roomList(detailState: nil)` with event `start` | ChatsTabFlowCoordinatorStateMachine.swift:229 | spans: root
2026-04-21T14:38:08.057278Z ERROR matrix_sdk::http_client: Error while sending request: Api(Server(ClientApi(Error { status_code: 404, body: Standard(StandardErrorBody { kind: NotFound, message: "Account data not found" }) }))) | crates/matrix-sdk/src/http_client/mod.rs:218 | spans: next_sync_with_lock{store_generation=0} > sync_once{conn_id="encryption"  timeout=30000} > send_outgoing_requests > keys_query{request_id="d1eb1bdbe47c4310b69b46a4f3b0e3a4"} > update_state_after_keys_query > send{request_id="REQ-22" method=GET uri="https://matrix.mertis.kz/_matrix/client/v3/user/@aktau:mertis.kz/account_data/m.secret_storage.default_key" status=404 response_size="58B" request_duration=8.499709ms}
2026-04-21T14:38:08.057373Z  INFO elementx: Session security state changed, verificationState: unverified, recoveryState: disabled | UserSession.swift:48 | spans: root
2026-04-21T14:38:08.057401Z  INFO elementx: Recovery state changed to: disabled, setting local state to disabled | SecureBackupController.swift:80 | spans: root
2026-04-21T14:38:08.058337Z  INFO elementx: Session security state changed, verificationState: unverified, recoveryState: disabled | UserSession.swift:48 | spans: root
2026-04-21T14:38:08.066254Z  INFO elementx: NavigationStackCoordinator(SalemX.HomeScreenCoordinator) Set root: SalemX.HomeScreenCoordinator | NavigationCoordinators.swift:686 | spans: root
2026-04-21T14:38:08.071925Z  INFO elementx: NavigationStackCoordinator(SalemX.CallsScreenCoordinator) Set root: SalemX.CallsScreenCoordinator | NavigationCoordinators.swift:686 | spans: root
2026-04-21T14:38:08.080806Z  INFO elementx: NavigationStackCoordinator(SalemX.StartChatScreenCoordinator) Set root: SalemX.StartChatScreenCoordinator | NavigationCoordinators.swift:686 | spans: root
2026-04-21T14:38:08.088118Z  INFO elementx: NavigationStackCoordinator(SalemX.SettingsScreenCoordinator) Set root: SalemX.SettingsScreenCoordinator | NavigationCoordinators.swift:686 | spans: root
2026-04-21T14:38:08.088160Z  WARN elementx: Recovery is disabled, skipping onboarding and opening chats directly | UserSessionFlowCoordinator.swift:399 | spans: root
2026-04-21T14:38:08.094299Z  INFO elementx: Transitioning from `oidcAuthentication` to `complete` with event `Optional(SalemX.AuthenticationFlowCoordinator.Event.signedIn)`. | AuthenticationFlowCoordinator.swift:246 | spans: root
2026-04-21T14:38:08.116996Z DEBUG matrix_sdk::http_client: Got response | crates/matrix-sdk/src/http_client/mod.rs:214 | spans: next_sync_with_lock{store_generation=0} > sync_once{conn_id="encryption"  timeout=30000} > send_outgoing_requests > keys_upload{request_id="597e6a8242a445f0a112f740550a7099"} > send{request_id="REQ-18" method=POST uri="https://matrix.mertis.kz/_matrix/client/v3/keys/upload" request_size="12.1k" status=200 response_size="48B" request_duration=140.34575ms}
2026-04-21T14:38:08.117287Z DEBUG matrix_sdk_crypto::olm::account: Marking account as shared | crates/matrix-sdk-crypto/src/olm/account.rs:1282 | spans: next_sync_with_lock{store_generation=0} > sync_once{conn_id="encryption"  timeout=30000} > send_outgoing_requests > keys_upload{request_id="597e6a8242a445f0a112f740550a7099"}
2026-04-21T14:38:08.117300Z DEBUG matrix_sdk_crypto::olm::account: Marking one-time keys as published | crates/matrix-sdk-crypto/src/olm/account.rs:1286 | spans: next_sync_with_lock{store_generation=0} > sync_once{conn_id="encryption"  timeout=30000} > send_outgoing_requests > keys_upload{request_id="597e6a8242a445f0a112f740550a7099"}
2026-04-21T14:38:08.117501Z DEBUG matrix_sdk_crypto::olm::account: Updated uploaded one-time key count 0 -> 50. | crates/matrix-sdk-crypto/src/olm/account.rs:546 | spans: next_sync_with_lock{store_generation=0} > sync_once{conn_id="encryption"  timeout=30000} > send_outgoing_requests > keys_upload{request_id="597e6a8242a445f0a112f740550a7099"}
2026-04-21T14:38:08.119077Z DEBUG matrix_sdk_crypto::olm::account: Updated uploaded one-time key count 50 -> 0. | crates/matrix-sdk-crypto/src/olm/account.rs:546 | spans: next_sync_with_lock{store_generation=0} > sync_once{conn_id="encryption"  timeout=30000} > handle_response > receive_sync_changes
2026-04-21T14:38:08.119958Z DEBUG matrix_sdk_crypto::olm::account: Generated new one-time keys count=50 discarded_keys=[] created_keys=["curve25519:wYRtIC7aeNChzjAFjzOarFLCW2ddAn+6+qZ+2smN+hg", "curve25519:ADmfg90qqEb8Kt/dBES0vQMbkL9cSsucEwEO3gO+7wk", "curve25519:qa+4v4egEFOi2MdDgfClHH67QlLfUASmnnkhGMp4tQU", "curve25519:uPTnm6mHUMN63hLf5QUgLQlZBJmF+a1Yd3gn5j3j5iI", "curve25519:jgHZyoffcykq5iok+PXu5wzZ1ZTOGz98Qy4z59gDq2Y", "curve25519:xSVbqp95yXC/nnyYGTKx3oufy8aZd13YRjIkRjH83j8", "curve25519:eciKbUb7CJ0DnUwoIGYgQ+wW7ivQrD5GbcpQ0O99oSU", "curve25519:yoe8CxGVc9XN/iBBxqC/bspqpMmryXxXoU8t789eky4", "curve25519:O1hopP4fohujucmxbcDDhWDHGeTZAZqM+uv9aqSVzwA", "curve25519:hbe1lGD3FgtWgNTwAicXEF8zgioLrjvbsENps0Rh5yM", "curve25519:OGxZL301/ZPifARzSQFy3FsncEklHQxrQJdjkamm8AQ", "curve25519:myk2oRk3btaqMZ19Km7exBQosGOXwL1gcEPfAjOAgHo", "curve25519:VlJ8Uwz/KE8XvXe4bh/oJcOlc/rzZ2jAk16GYsjFmXw", "curve25519:KiKIgGYtgOMxq/SXywdYQYsP2OHk9OJEyCoxnnbBpHU", "curve25519:mjaBvdD8pXxXL2y0mAt8p1Df8uTTyO4mY7Bj589J9CM", "curve25519:zS5HvvEfbIZBJloVGqbSTIOdYt9JXevL7raAVslfzTc", "curve25519:T1cPdQheZb0flwS/H3VtA5oFXJ93LrNE347Itsdl+Gw", "curve25519:JEE9WLY9LoZrV18eOfXhfYRUyk9bPi8+o/IKNdbSo04", "curve25519:TvbcV6IPtVSSmitt2QDWCPBKdeKj5JpbPVQrpVTO9i4", "curve25519:SkJz5yhFcnU5tWMx0dzAJJ2qfC9KWvIVvzlUXFysQHY", "curve25519:8t4y27GO96fVUPAT+5PFSZCObrcKhYdgHALOoyzA430", "curve25519:gUfnOvCJC2aKGrk9ELPvYavN1H8vxdFhMhOgl7/EvFA", "curve25519:T8XL27v9UV0c1/rSELAliwk8ts32Qo2aFDE1BGHuciI", "curve25519:5JkfQlF8tAnHq/OEPYdQq/ZP9iRtvipAKk3fXYjF+Bg", "curve25519:9/lLQiMiMxzOvgzcBnfMbVZE/Gc1o3qHV0U5eKvqYlU", "curve25519:9e/CuhZz1ocmN7lL49+6WMyteTsKI01TnxViytoHbCU", "curve25519:Uz/ye7q9xh0xnEOaNSjQcdoaJ86cyCAe+F79xEkWnEQ", "curve25519:RqQ2CjZqaUnxNDuLWdj9wt2PqnoqJlfayhX7PAj4exk", "curve25519:p+slfWcr6YKyth2M6MKzXZ50KnBzCc6XIZQwLRNDKUM", "curve25519:rwDo6bZ3pr6rnPuG/U7yLBzkGBVvnMWrcgXn1CAptig", "curve25519:5l3e+rZ69Nf2SbsLTGejiT8YmSy0Av+ESJ6DUFyjeGI", "curve25519:9RWpEksXhszh0waEPRXH4gV0kA3pYokcBvp9I1k3+ik", "curve25519:hJuSP6Bv6Zdlzk8B/OOYrt4uUOQlfhtqs60PN41K+1Q", "curve25519:xcABgQwR0uzsOHVoNtaQehR79u3nUXH1GOu90owo0Rg", "curve25519:QLMDNht49jYpyC+Nl5CBtCBzyeOSYq2CWfcNpPXQCFo", "curve25519:SyLxB3gZd8VJinFH3dYJv9UyWxzasyB43euPfQNR+wc", "curve25519:a81j7UXzDqnyLoRaoFZhTREJ9XgeI7vASXwskELI2FY", "curve25519:mEgYMZx830nY6siGSzHY+cGJvz/WOq2rwA2wHYTd3Dg", "curve25519:HkvJLUDGuNxA2kvOJp4i+uHRkknr9jhPTDW6lSdhmGs", "curve25519:bC9xNdrKZNLwoXKOPlovXsYDcnw0PU0C2afXJsIrjxg", "curve25519:1oUOIyjzi1HOSXszEaeCb8SUPtcE4egf07bGxJfsOy8", "curve25519:tAJwpNjvxLGNPUFGJPmOh46HahRwBVio5IpnVGQiqnY", "curve25519:NoBLTXpDycEPbgzEAg4YVvwIe/3jnrnchxhhb0TjuCA", "curve25519:+9LZNwKUnqgNnRK56obA9t34xP2puXeVNLmZAI5abDY", "curve25519:Z3NdRdTv/cnOK29QQ2sNp7/RGlirp3XNE6ltIycwjAk", "curve25519:HacfERwM8sCC/fhzCEEbOfyKWId3i6tlei9sZC0phxg", "curve25519:11rSJ9JKteQeMebOB9QaHC9cfX/g2CehTtKEc7OjYEU", "curve25519:IT+a+0nhdFKS5EtjYZXD28AFn5ygDgfG+0jPLTjtVHI", "curve25519:daIUIJCcoVLSPUBeYCSlolKQKpAjNJOj+BW9beP15gk", "curve25519:JTFh7B3+KE1gHCCX/ZRHXn8owCs2TgC0jttrpAgFOyg"] | crates/matrix-sdk-crypto/src/olm/account.rs:593 | spans: next_sync_with_lock{store_generation=0} > sync_once{conn_id="encryption"  timeout=30000} > handle_response > receive_sync_changes > generate_one_time_keys_if_needed
2026-04-21T14:38:08.120049Z DEBUG matrix_sdk_crypto::olm::account: The fallback key either expired or we didn't have one: generated a new fallback key. removed_fallback_key=None | crates/matrix-sdk-crypto/src/olm/account.rs:614 | spans: next_sync_with_lock{store_generation=0} > sync_once{conn_id="encryption"  timeout=30000} > handle_response > receive_sync_changes
2026-04-21T14:38:08.124369Z  WARN matrix_sdk_crypto::backups: Trying to backup room keys but no backup key was found | crates/matrix-sdk-crypto/src/backups/mod.rs:519 | spans: root
2026-04-21T14:38:08.125347Z DEBUG matrix_sdk::http_client::native: Sending request num_attempt=1 | crates/matrix-sdk/src/http_client/native.rs:78 | spans: root > next_sync_with_lock{store_generation=0} > sync_once{conn_id="encryption" pos="0/s1041_6501_62_143_248_1_254_224_0_1_1_1" timeout=30000} > send{request_id="REQ-23" method=POST uri="https://matrix.mertis.kz/_matrix/client/unstable/org.matrix.simplified_msc3575/sync" request_size="106B"}
2026-04-21T14:38:08.125413Z DEBUG matrix_sdk_crypto::session_manager::sessions: Collected user/device pairs that are missing an Olm session missing_session_devices_by_user={} timed_out_devices_by_user={} | crates/matrix-sdk-crypto/src/session_manager/sessions.rs:285 | spans: root > next_sync_with_lock{store_generation=0} > sync_once{conn_id="encryption" pos="0/s1041_6501_62_143_248_1_254_224_0_1_1_1" timeout=30000} > send_outgoing_requests > get_missing_sessions
2026-04-21T14:38:08.126585Z DEBUG matrix_sdk::http_client::native: Sending request num_attempt=1 | crates/matrix-sdk/src/http_client/native.rs:78 | spans: root > next_sync_with_lock{store_generation=0} > sync_once{conn_id="encryption" pos="0/s1041_6501_62_143_248_1_254_224_0_1_1_1" timeout=30000} > send_outgoing_requests > keys_upload{request_id="1275c529e93240c2a5bdfb50db5613e0"} > send{request_id="REQ-24" method=POST uri="https://matrix.mertis.kz/_matrix/client/v3/keys/upload" request_size="11.9k"}
2026-04-21T14:38:08.134874Z DEBUG matrix_sdk::http_client: Got response | crates/matrix-sdk/src/http_client/mod.rs:214 | spans: root > next_sync_with_lock{store_generation=0} > sync_once{conn_id="encryption" pos="0/s1041_6501_62_143_248_1_254_224_0_1_1_1" timeout=30000} > send{request_id="REQ-23" method=POST uri="https://matrix.mertis.kz/_matrix/client/unstable/org.matrix.simplified_msc3575/sync" request_size="106B" status=200 response_size="281B" request_duration=9.250417ms}
2026-04-21T14:38:08.136507Z DEBUG matrix_sdk::http_client: Got response | crates/matrix-sdk/src/http_client/mod.rs:214 | spans: root > sync_once{conn_id="room-list"  timeout=0} > send{request_id="REQ-16" method=POST uri="https://matrix.mertis.kz/_matrix/client/unstable/org.matrix.simplified_msc3575/sync" request_size="647B" status=200 response_size="17.5k" request_duration=162.73875ms}
2026-04-21T14:38:08.137544Z  INFO matrix_sdk::latest_events: Timer _Creating `RoomLatestEvents` for "!QFGbDPOoriEtcAxKeM:mertis.kz"_ finished in 8.791µs | crates/matrix-sdk/src/latest_events/mod.rs:342 | spans: root > sync_once{conn_id="room-list"  timeout=0} > handle_response > subscribe_to_room_latest_events
2026-04-21T14:38:08.137580Z  INFO matrix_sdk::latest_events: Timer _Creating `RoomLatestEvents` for "!diUpEzfoToUFjyhMzE:mertis.kz"_ finished in 2.958µs | crates/matrix-sdk/src/latest_events/mod.rs:342 | spans: root > sync_once{conn_id="room-list"  timeout=0} > handle_response > subscribe_to_room_latest_events
2026-04-21T14:38:08.137595Z  INFO matrix_sdk::latest_events: Timer _Creating `RoomLatestEvents` for "!jFGCYbgmpjrPGtgDqt:mertis.kz"_ finished in 1.209µs | crates/matrix-sdk/src/latest_events/mod.rs:342 | spans: root > sync_once{conn_id="room-list"  timeout=0} > handle_response > subscribe_to_room_latest_events
2026-04-21T14:38:08.148264Z  WARN matrix_sdk_base::room::room_info: Unable to get the room version rules, defaulting to rules for room version 11 | crates/matrix-sdk-base/src/room/room_info.rs:951 | spans: root
2026-04-21T14:38:08.154729Z ERROR matrix_sdk::latest_events::room_latest_events: Room is unknown room=WeakRoom { client: WeakClient { client: (Weak) }, room_id: "!diUpEzfoToUFjyhMzE:mertis.kz" } | crates/matrix-sdk/src/latest_events/room_latest_events.rs:158 | spans: root
2026-04-21T14:38:08.154747Z ERROR matrix_sdk::latest_events::room_latest_events: Room is unknown room=WeakRoom { client: WeakClient { client: (Weak) }, room_id: "!jFGCYbgmpjrPGtgDqt:mertis.kz" } | crates/matrix-sdk/src/latest_events/room_latest_events.rs:158 | spans: root
2026-04-21T14:38:08.162741Z DEBUG matrix_sdk::http_client: Got response | crates/matrix-sdk/src/http_client/mod.rs:214 | spans: root > next_sync_with_lock{store_generation=0} > sync_once{conn_id="encryption" pos="0/s1041_6501_62_143_248_1_254_224_0_1_1_1" timeout=30000} > send_outgoing_requests > keys_upload{request_id="1275c529e93240c2a5bdfb50db5613e0"} > send{request_id="REQ-24" method=POST uri="https://matrix.mertis.kz/_matrix/client/v3/keys/upload" request_size="11.9k" status=200 response_size="49B" request_duration=36.106333ms}
2026-04-21T14:38:08.162775Z DEBUG matrix_sdk_crypto::olm::account: Marking one-time keys as published | crates/matrix-sdk-crypto/src/olm/account.rs:1286 | spans: root > next_sync_with_lock{store_generation=0} > sync_once{conn_id="encryption" pos="0/s1041_6501_62_143_248_1_254_224_0_1_1_1" timeout=30000} > send_outgoing_requests > keys_upload{request_id="1275c529e93240c2a5bdfb50db5613e0"}
2026-04-21T14:38:08.162811Z DEBUG matrix_sdk_crypto::olm::account: Updated uploaded one-time key count 0 -> 100. | crates/matrix-sdk-crypto/src/olm/account.rs:546 | spans: root > next_sync_with_lock{store_generation=0} > sync_once{conn_id="encryption" pos="0/s1041_6501_62_143_248_1_254_224_0_1_1_1" timeout=30000} > send_outgoing_requests > keys_upload{request_id="1275c529e93240c2a5bdfb50db5613e0"}
2026-04-21T14:38:08.165079Z DEBUG matrix_sdk_base::response_processors::account_data::global: couldn't find room in state changes or store room=!XCYDoMZkcMWYQVRfHR:mertis.kz | crates/matrix-sdk-base/src/response_processors/account_data/global.rs:176 | spans: root > sync_once{conn_id="room-list"  timeout=0} > handle_response > process_direct_rooms
2026-04-21T14:38:08.183338Z DEBUG matrix_sdk_crypto::olm::account: Updated uploaded one-time key count 100 -> 50. | crates/matrix-sdk-crypto/src/olm/account.rs:546 | spans: root > next_sync_with_lock{store_generation=0} > sync_once{conn_id="encryption" pos="0/s1041_6501_62_143_248_1_254_224_0_1_1_1" timeout=30000} > handle_response > receive_sync_changes
2026-04-21T14:38:08.185658Z DEBUG matrix_sdk::http_client::native: Sending request num_attempt=1 | crates/matrix-sdk/src/http_client/native.rs:78 | spans: root > sync_once{conn_id="room-list" pos="553/s1041_6501_62_143_248_1_254_224_0_1_1_1" timeout=0} > send{request_id="REQ-25" method=POST uri="https://matrix.mertis.kz/_matrix/client/unstable/org.matrix.simplified_msc3575/sync" request_size="646B"}
2026-04-21T14:38:08.186534Z  WARN matrix_sdk_crypto::backups: Trying to backup room keys but no backup key was found | crates/matrix-sdk-crypto/src/backups/mod.rs:519 | spans: root
2026-04-21T14:38:08.187383Z DEBUG matrix_sdk::http_client::native: Sending request num_attempt=1 | crates/matrix-sdk/src/http_client/native.rs:78 | spans: root > next_sync_with_lock{store_generation=0} > sync_once{conn_id="encryption" pos="0/s1041_6501_62_143_248_1_254_225_0_1_1_1" timeout=30000} > send{request_id="REQ-26" method=POST uri="https://matrix.mertis.kz/_matrix/client/unstable/org.matrix.simplified_msc3575/sync" request_size="106B"}
2026-04-21T14:38:08.187594Z DEBUG matrix_sdk_crypto::session_manager::sessions: Collected user/device pairs that are missing an Olm session missing_session_devices_by_user={} timed_out_devices_by_user={} | crates/matrix-sdk-crypto/src/session_manager/sessions.rs:285 | spans: root > next_sync_with_lock{store_generation=0} > sync_once{conn_id="encryption" pos="0/s1041_6501_62_143_248_1_254_225_0_1_1_1" timeout=30000} > send_outgoing_requests > get_missing_sessions
2026-04-21T14:38:08.187700Z DEBUG matrix_sdk_crypto::identities::manager: Created a /keys/query request request_id="6bd00cc660b0484a83384ab187517b7b" users=["@aktau:mertis.kz"] | crates/matrix-sdk-crypto/src/identities/manager.rs:877 | spans: root > next_sync_with_lock{store_generation=0} > sync_once{conn_id="encryption" pos="0/s1041_6501_62_143_248_1_254_225_0_1_1_1" timeout=30000} > send_outgoing_requests
2026-04-21T14:38:08.187944Z DEBUG matrix_sdk::http_client::native: Sending request num_attempt=1 | crates/matrix-sdk/src/http_client/native.rs:78 | spans: root > next_sync_with_lock{store_generation=0} > sync_once{conn_id="encryption" pos="0/s1041_6501_62_143_248_1_254_225_0_1_1_1" timeout=30000} > send_outgoing_requests > keys_query{request_id="6bd00cc660b0484a83384ab187517b7b"} > send{request_id="REQ-27" method=POST uri="https://matrix.mertis.kz/_matrix/client/v3/keys/query" request_size="39B"}
2026-04-21T14:38:08.191517Z  INFO elementx: Received room list update: settingUp | ClientProxy.swift:1143 | spans: root
2026-04-21T14:38:08.191722Z DEBUG matrix_sdk::http_client::native: Sending request num_attempt=1 | crates/matrix-sdk/src/http_client/native.rs:78 | spans: root > send{request_id="REQ-28" method=GET uri="https://matrix.mertis.kz/_matrix/client/v3/user/@aktau:mertis.kz/account_data/m.ignored_user_list"}
2026-04-21T14:38:08.192358Z  INFO elementx: StaticAllRooms: Received state update: loaded(maximumNumberOfRooms: Optional(3)) | RoomSummaryProvider.swift:105 | spans: root
2026-04-21T14:38:08.192378Z  INFO elementx: AlternateAllRooms: Received state update: loaded(maximumNumberOfRooms: Optional(3)) | RoomSummaryProvider.swift:105 | spans: root
2026-04-21T14:38:08.192489Z  INFO elementx: AllRooms: Received state update: loaded(maximumNumberOfRooms: Optional(3)) | RoomSummaryProvider.swift:105 | spans: root
2026-04-21T14:38:08.194963Z DEBUG matrix_sdk::http_client: Got response | crates/matrix-sdk/src/http_client/mod.rs:214 | spans: root > sync_once{conn_id="room-list" pos="553/s1041_6501_62_143_248_1_254_224_0_1_1_1" timeout=0} > send{request_id="REQ-25" method=POST uri="https://matrix.mertis.kz/_matrix/client/unstable/org.matrix.simplified_msc3575/sync" request_size="646B" status=200 response_size="344B" request_duration=9.260958ms}
2026-04-21T14:38:08.195408Z  INFO elementx: Received room list update: running | ClientProxy.swift:1143 | spans: root
2026-04-21T14:38:08.195469Z DEBUG matrix_sdk::http_client::native: Sending request num_attempt=1 | crates/matrix-sdk/src/http_client/native.rs:78 | spans: root > send{request_id="REQ-29" method=GET uri="https://matrix.mertis.kz/_matrix/client/v3/user/@aktau:mertis.kz/account_data/m.ignored_user_list"}
2026-04-21T14:38:08.195487Z DEBUG matrix_sdk::http_client::native: Sending request num_attempt=1 | crates/matrix-sdk/src/http_client/native.rs:78 | spans: root > sync_once{conn_id="room-list" pos="553/s1041_6501_62_143_248_1_254_225_0_1_1_1" timeout=30000} > send{request_id="REQ-30" method=POST uri="https://matrix.mertis.kz/_matrix/client/unstable/org.matrix.simplified_msc3575/sync" request_size="646B"}
2026-04-21T14:38:08.197816Z DEBUG matrix_sdk::http_client: Got response | crates/matrix-sdk/src/http_client/mod.rs:214 | spans: root > next_sync_with_lock{store_generation=0} > sync_once{conn_id="encryption" pos="0/s1041_6501_62_143_248_1_254_225_0_1_1_1" timeout=30000} > send_outgoing_requests > keys_query{request_id="6bd00cc660b0484a83384ab187517b7b"} > send{request_id="REQ-27" method=POST uri="https://matrix.mertis.kz/_matrix/client/v3/keys/query" request_size="39B" status=200 response_size="14.8k" request_duration=9.826667ms}
2026-04-21T14:38:08.197835Z DEBUG matrix_sdk_crypto::identities::manager: Handling a `/keys/query` response request_id="6bd00cc660b0484a83384ab187517b7b" users={"@aktau:mertis.kz"} failures={} | crates/matrix-sdk-crypto/src/identities/manager.rs:135 | spans: root > next_sync_with_lock{store_generation=0} > sync_once{conn_id="encryption" pos="0/s1041_6501_62_143_248_1_254_225_0_1_1_1" timeout=30000} > send_outgoing_requests > keys_query{request_id="6bd00cc660b0484a83384ab187517b7b"}
2026-04-21T14:38:08.198080Z ERROR matrix_sdk::http_client: Error while sending request: Api(Server(ClientApi(Error { status_code: 404, body: Standard(StandardErrorBody { kind: NotFound, message: "Account data not found" }) }))) | crates/matrix-sdk/src/http_client/mod.rs:218 | spans: root > send{request_id="REQ-28" method=GET uri="https://matrix.mertis.kz/_matrix/client/v3/user/@aktau:mertis.kz/account_data/m.ignored_user_list" status=404 response_size="58B" request_duration=6.32325ms}
2026-04-21T14:38:08.199715Z ERROR matrix_sdk::http_client: Error while sending request: Api(Server(ClientApi(Error { status_code: 404, body: Standard(StandardErrorBody { kind: NotFound, message: "Account data not found" }) }))) | crates/matrix-sdk/src/http_client/mod.rs:218 | spans: root > send{request_id="REQ-29" method=GET uri="https://matrix.mertis.kz/_matrix/client/v3/user/@aktau:mertis.kz/account_data/m.ignored_user_list" status=404 response_size="58B" request_duration=4.138875ms}
2026-04-21T14:38:08.200729Z DEBUG matrix_sdk_crypto::identities::manager: Finished handling of the `/keys/query` response request_id="6bd00cc660b0484a83384ab187517b7b" new_devices={} changed_devices={} deleted_devices={} new_identities={} changed_identities={} | crates/matrix-sdk-crypto/src/identities/manager.rs:1205 | spans: root > next_sync_with_lock{store_generation=0} > sync_once{conn_id="encryption" pos="0/s1041_6501_62_143_248_1_254_225_0_1_1_1" timeout=30000} > send_outgoing_requests > keys_query{request_id="6bd00cc660b0484a83384ab187517b7b"}
2026-04-21T14:38:08.200766Z DEBUG matrix_sdk::http_client::native: Sending request num_attempt=1 | crates/matrix-sdk/src/http_client/native.rs:78 | spans: root > next_sync_with_lock{store_generation=0} > sync_once{conn_id="encryption" pos="0/s1041_6501_62_143_248_1_254_225_0_1_1_1" timeout=30000} > send_outgoing_requests > keys_query{request_id="6bd00cc660b0484a83384ab187517b7b"} > update_state_after_keys_query > send{request_id="REQ-31" method=GET uri="https://matrix.mertis.kz/_matrix/client/v3/user/@aktau:mertis.kz/account_data/m.secret_storage.default_key"}
2026-04-21T14:38:08.202993Z ERROR matrix_sdk::http_client: Error while sending request: Api(Server(ClientApi(Error { status_code: 404, body: Standard(StandardErrorBody { kind: NotFound, message: "Account data not found" }) }))) | crates/matrix-sdk/src/http_client/mod.rs:218 | spans: root > next_sync_with_lock{store_generation=0} > sync_once{conn_id="encryption" pos="0/s1041_6501_62_143_248_1_254_225_0_1_1_1" timeout=30000} > send_outgoing_requests > keys_query{request_id="6bd00cc660b0484a83384ab187517b7b"} > update_state_after_keys_query > send{request_id="REQ-31" method=GET uri="https://matrix.mertis.kz/_matrix/client/v3/user/@aktau:mertis.kz/account_data/m.secret_storage.default_key" status=404 response_size="58B" request_duration=2.179ms}
2026-04-21T14:38:08.203115Z  INFO elementx: Session security state changed, verificationState: unverified, recoveryState: disabled | UserSession.swift:48 | spans: root
2026-04-21T14:38:08.203139Z  INFO elementx: Recovery state changed to: disabled, setting local state to disabled | SecureBackupController.swift:80 | spans: root
2026-04-21T14:38:08.203330Z  INFO elementx: Session security state changed, verificationState: unverified, recoveryState: disabled | UserSession.swift:48 | spans: root
2026-04-21T14:38:08.434030Z  INFO elementx: Homeserver reachability: reachable | UserSessionFlowCoordinator.swift:275 | spans: root
2026-04-21T14:38:08.443815Z DEBUG matrix_sdk::http_client::native: Sending request num_attempt=1 | crates/matrix-sdk/src/http_client/native.rs:78 | spans: root > send{request_id="REQ-32" method=GET uri="https://matrix.mertis.kz/_matrix/client/v3/profile/@aktau:mertis.kz/avatar_url"}
2026-04-21T14:38:08.443846Z  INFO elementx: Received room summary provider update, setting view room list mode to "Showing rooms" | HomeScreenViewModel.swift:345 | spans: root
2026-04-21T14:38:08.447125Z DEBUG matrix_sdk::http_client: Got response | crates/matrix-sdk/src/http_client/mod.rs:214 | spans: root > send{request_id="REQ-32" method=GET uri="https://matrix.mertis.kz/_matrix/client/v3/profile/@aktau:mertis.kz/avatar_url" status=200 response_size="19B" request_duration=3.0575ms}
2026-04-21T14:38:08.628720Z DEBUG matrix_sdk::http_client::native: Sending request num_attempt=1 | crates/matrix-sdk/src/http_client/native.rs:78 | spans: root > send{request_id="REQ-33" method=GET uri="https://matrix.mertis.kz/_matrix/client/v3/profile/@aktau:mertis.kz/avatar_url"}
2026-04-21T14:38:08.629696Z DEBUG matrix_sdk::http_client::native: Sending request num_attempt=1 | crates/matrix-sdk/src/http_client/native.rs:78 | spans: root > send{request_id="REQ-34" method=GET uri="https://matrix.mertis.kz/_matrix/client/v3/profile/@aktau:mertis.kz/displayname"}
2026-04-21T14:38:08.633793Z DEBUG matrix_sdk::http_client: Got response | crates/matrix-sdk/src/http_client/mod.rs:214 | spans: root > send{request_id="REQ-34" method=GET uri="https://matrix.mertis.kz/_matrix/client/v3/profile/@aktau:mertis.kz/displayname" status=200 response_size="23B" request_duration=3.965583ms}
2026-04-21T14:38:08.633829Z DEBUG matrix_sdk::http_client: Got response | crates/matrix-sdk/src/http_client/mod.rs:214 | spans: root > send{request_id="REQ-33" method=GET uri="https://matrix.mertis.kz/_matrix/client/v3/profile/@aktau:mertis.kz/avatar_url" status=200 response_size="19B" request_duration=4.968917ms}
2026-04-21T14:38:08.701027Z DEBUG matrix_sdk::http_client::native: Sending request num_attempt=1 | crates/matrix-sdk/src/http_client/native.rs:78 | spans: root > send{request_id="REQ-35" method=GET uri="https://matrix.mertis.kz/_matrix/client/v3/profile/@aktau:mertis.kz/displayname"}
2026-04-21T14:38:08.703093Z DEBUG matrix_sdk::http_client::native: Sending request num_attempt=1 | crates/matrix-sdk/src/http_client/native.rs:78 | spans: send{request_id="REQ-36" method=GET uri="https://matrix.mertis.kz/_matrix/client/v1/media/thumbnail/mertis.kz/QWsgHRqMRHUCROVYIpCcqANR"}
2026-04-21T14:38:08.705886Z DEBUG matrix_sdk::http_client: Got response | crates/matrix-sdk/src/http_client/mod.rs:214 | spans: root > send{request_id="REQ-35" method=GET uri="https://matrix.mertis.kz/_matrix/client/v3/profile/@aktau:mertis.kz/displayname" status=200 response_size="23B" request_duration=4.799125ms}
2026-04-21T14:38:08.707911Z DEBUG matrix_sdk::http_client: Got response | crates/matrix-sdk/src/http_client/mod.rs:214 | spans: send{request_id="REQ-36" method=GET uri="https://matrix.mertis.kz/_matrix/client/v1/media/thumbnail/mertis.kz/QWsgHRqMRHUCROVYIpCcqANR" status=200 response_size="8.0k" request_duration=4.771125ms}
2026-04-21T14:38:08.977802Z  INFO elementx: Send queue status changed to enabled: false, homeserver reachability: reachable | ClientProxy.swift:295 | spans: root
2026-04-21T14:38:08.978034Z  INFO elementx: Enabling all send queues | ClientProxy.swift:298 | spans: root
2026-04-21T14:38:38.199249Z DEBUG matrix_sdk::http_client: Got response | crates/matrix-sdk/src/http_client/mod.rs:214 | spans: root > next_sync_with_lock{store_generation=0} > sync_once{conn_id="encryption" pos="0/s1041_6501_62_143_248_1_254_225_0_1_1_1" timeout=30000} > send{request_id="REQ-26" method=POST uri="https://matrix.mertis.kz/_matrix/client/unstable/org.matrix.simplified_msc3575/sync" request_size="106B" status=200 response_size="283B" request_duration=30.011303334s}
2026-04-21T14:38:38.199690Z DEBUG matrix_sdk_crypto::olm::account: Updated uploaded one-time key count 50 -> 100. | crates/matrix-sdk-crypto/src/olm/account.rs:546 | spans: root > next_sync_with_lock{store_generation=0} > sync_once{conn_id="encryption" pos="0/s1041_6501_62_143_248_1_254_225_0_1_1_1" timeout=30000} > handle_response > receive_sync_changes
2026-04-21T14:38:38.201260Z DEBUG matrix_sdk::http_client: Got response | crates/matrix-sdk/src/http_client/mod.rs:214 | spans: root > sync_once{conn_id="room-list" pos="553/s1041_6501_62_143_248_1_254_225_0_1_1_1" timeout=30000} > send{request_id="REQ-30" method=POST uri="https://matrix.mertis.kz/_matrix/client/unstable/org.matrix.simplified_msc3575/sync" request_size="646B" status=200 response_size="344B" request_duration=30.005609s}
2026-04-21T14:38:38.207214Z  WARN matrix_sdk_crypto::backups: Trying to backup room keys but no backup key was found | crates/matrix-sdk-crypto/src/backups/mod.rs:519 | spans: root
2026-04-21T14:38:38.208608Z DEBUG matrix_sdk::http_client::native: Sending request num_attempt=1 | crates/matrix-sdk/src/http_client/native.rs:78 | spans: root > sync_once{conn_id="room-list" pos="553/s1041_6501_62_143_248_1_254_225_0_1_1_1" timeout=30000} > send{request_id="REQ-38" method=POST uri="https://matrix.mertis.kz/_matrix/client/unstable/org.matrix.simplified_msc3575/sync" request_size="646B"}
2026-04-21T14:38:38.208647Z DEBUG matrix_sdk::http_client::native: Sending request num_attempt=1 | crates/matrix-sdk/src/http_client/native.rs:78 | spans: root > next_sync_with_lock{store_generation=0} > sync_once{conn_id="encryption" pos="0/s1041_6501_62_143_248_1_254_225_0_1_1_1" timeout=30000} > send{request_id="REQ-37" method=POST uri="https://matrix.mertis.kz/_matrix/client/unstable/org.matrix.simplified_msc3575/sync" request_size="106B"}
2026-04-21T14:38:38.208747Z DEBUG matrix_sdk_crypto::session_manager::sessions: Collected user/device pairs that are missing an Olm session missing_session_devices_by_user={} timed_out_devices_by_user={} | crates/matrix-sdk-crypto/src/session_manager/sessions.rs:285 | spans: root > next_sync_with_lock{store_generation=0} > sync_once{conn_id="encryption" pos="0/s1041_6501_62_143_248_1_254_225_0_1_1_1" timeout=30000} > send_outgoing_requests > get_missing_sessions
2026-04-21T14:38:38.228269Z  INFO elementx: Received room list update: running | ClientProxy.swift:1143 | spans: root
2026-04-21T14:39:08.242784Z DEBUG matrix_sdk::http_client: Got response | crates/matrix-sdk/src/http_client/mod.rs:214 | spans: root > next_sync_with_lock{store_generation=0} > sync_once{conn_id="encryption" pos="0/s1041_6501_62_143_248_1_254_225_0_1_1_1" timeout=30000} > send{request_id="REQ-37" method=POST uri="https://matrix.mertis.kz/_matrix/client/unstable/org.matrix.simplified_msc3575/sync" request_size="106B" status=200 response_size="283B" request_duration=30.019869333s}
2026-04-21T14:39:08.242739Z DEBUG matrix_sdk::http_client: Got response | crates/matrix-sdk/src/http_client/mod.rs:214 | spans: root > sync_once{conn_id="room-list" pos="553/s1041_6501_62_143_248_1_254_225_0_1_1_1" timeout=30000} > send{request_id="REQ-38" method=POST uri="https://matrix.mertis.kz/_matrix/client/unstable/org.matrix.simplified_msc3575/sync" request_size="646B" status=200 response_size="344B" request_duration=30.019905791s}
2026-04-21T14:39:08.279578Z  WARN matrix_sdk_crypto::backups: Trying to backup room keys but no backup key was found | crates/matrix-sdk-crypto/src/backups/mod.rs:519 | spans: root
2026-04-21T14:39:08.292974Z DEBUG matrix_sdk::http_client::native: Sending request num_attempt=1 | crates/matrix-sdk/src/http_client/native.rs:78 | spans: root > next_sync_with_lock{store_generation=0} > sync_once{conn_id="encryption" pos="0/s1041_6501_62_143_248_1_254_225_0_1_1_1" timeout=30000} > send{request_id="REQ-39" method=POST uri="https://matrix.mertis.kz/_matrix/client/unstable/org.matrix.simplified_msc3575/sync" request_size="106B"}
2026-04-21T14:39:08.294194Z DEBUG matrix_sdk::http_client::native: Sending request num_attempt=1 | crates/matrix-sdk/src/http_client/native.rs:78 | spans: root > sync_once{conn_id="room-list" pos="553/s1041_6501_62_143_248_1_254_225_0_1_1_1" timeout=30000} > send{request_id="REQ-40" method=POST uri="https://matrix.mertis.kz/_matrix/client/unstable/org.matrix.simplified_msc3575/sync" request_size="646B"}
2026-04-21T14:39:08.295392Z DEBUG matrix_sdk_crypto::session_manager::sessions: Collected user/device pairs that are missing an Olm session missing_session_devices_by_user={} timed_out_devices_by_user={} | crates/matrix-sdk-crypto/src/session_manager/sessions.rs:285 | spans: root > next_sync_with_lock{store_generation=0} > sync_once{conn_id="encryption" pos="0/s1041_6501_62_143_248_1_254_225_0_1_1_1" timeout=30000} > send_outgoing_requests > get_missing_sessions
2026-04-21T14:39:08.299857Z  INFO elementx: Received room list update: running | ClientProxy.swift:1143 | spans: root
2026-04-21T14:39:38.302647Z DEBUG matrix_sdk::http_client: Got response | crates/matrix-sdk/src/http_client/mod.rs:214 | spans: root > next_sync_with_lock{store_generation=0} > sync_once{conn_id="encryption" pos="0/s1041_6501_62_143_248_1_254_225_0_1_1_1" timeout=30000} > send{request_id="REQ-39" method=POST uri="https://matrix.mertis.kz/_matrix/client/unstable/org.matrix.simplified_msc3575/sync" request_size="106B" status=200 response_size="283B" request_duration=30.008906125s}
2026-04-21T14:39:38.302794Z DEBUG matrix_sdk::http_client: Got response | crates/matrix-sdk/src/http_client/mod.rs:214 | spans: root > sync_once{conn_id="room-list" pos="553/s1041_6501_62_143_248_1_254_225_0_1_1_1" timeout=30000} > send{request_id="REQ-40" method=POST uri="https://matrix.mertis.kz/_matrix/client/unstable/org.matrix.simplified_msc3575/sync" request_size="646B" status=200 response_size="344B" request_duration=30.007834125s}
2026-04-21T14:39:38.310452Z  WARN matrix_sdk_crypto::backups: Trying to backup room keys but no backup key was found | crates/matrix-sdk-crypto/src/backups/mod.rs:519 | spans: root
2026-04-21T14:39:38.311784Z DEBUG matrix_sdk::http_client::native: Sending request num_attempt=1 | crates/matrix-sdk/src/http_client/native.rs:78 | spans: root > next_sync_with_lock{store_generation=0} > sync_once{conn_id="encryption" pos="0/s1041_6501_62_143_248_1_254_225_0_1_1_1" timeout=30000} > send{request_id="REQ-41" method=POST uri="https://matrix.mertis.kz/_matrix/client/unstable/org.matrix.simplified_msc3575/sync" request_size="106B"}
2026-04-21T14:39:38.311821Z DEBUG matrix_sdk::http_client::native: Sending request num_attempt=1 | crates/matrix-sdk/src/http_client/native.rs:78 | spans: root > sync_once{conn_id="room-list" pos="553/s1041_6501_62_143_248_1_254_225_0_1_1_1" timeout=30000} > send{request_id="REQ-42" method=POST uri="https://matrix.mertis.kz/_matrix/client/unstable/org.matrix.simplified_msc3575/sync" request_size="646B"}
2026-04-21T14:39:38.311879Z  INFO elementx: Received room list update: running | ClientProxy.swift:1143 | spans: root
2026-04-21T14:39:38.311986Z DEBUG matrix_sdk_crypto::session_manager::sessions: Collected user/device pairs that are missing an Olm session missing_session_devices_by_user={} timed_out_devices_by_user={} | crates/matrix-sdk-crypto/src/session_manager/sessions.rs:285 | spans: root > next_sync_with_lock{store_generation=0} > sync_once{conn_id="encryption" pos="0/s1041_6501_62_143_248_1_254_225_0_1_1_1" timeout=30000} > send_outgoing_requests > get_missing_sessions
2026-04-21T14:40:08.350951Z DEBUG matrix_sdk::http_client: Got response | crates/matrix-sdk/src/http_client/mod.rs:214 | spans: root > sync_once{conn_id="room-list" pos="553/s1041_6501_62_143_248_1_254_225_0_1_1_1" timeout=30000} > send{request_id="REQ-42" method=POST uri="https://matrix.mertis.kz/_matrix/client/unstable/org.matrix.simplified_msc3575/sync" request_size="646B" status=200 response_size="344B" request_duration=30.026937917s}
2026-04-21T14:40:08.350892Z DEBUG matrix_sdk::http_client: Got response | crates/matrix-sdk/src/http_client/mod.rs:214 | spans: root > next_sync_with_lock{store_generation=0} > sync_once{conn_id="encryption" pos="0/s1041_6501_62_143_248_1_254_225_0_1_1_1" timeout=30000} > send{request_id="REQ-41" method=POST uri="https://matrix.mertis.kz/_matrix/client/unstable/org.matrix.simplified_msc3575/sync" request_size="106B" status=200 response_size="283B" request_duration=30.02697925s}
2026-04-21T14:40:08.381055Z  INFO elementx: Received room list update: running | ClientProxy.swift:1143 | spans: root
2026-04-21T14:40:08.382591Z DEBUG matrix_sdk::http_client::native: Sending request num_attempt=1 | crates/matrix-sdk/src/http_client/native.rs:78 | spans: root > sync_once{conn_id="room-list" pos="553/s1041_6501_62_143_248_1_254_225_0_1_1_1" timeout=30000} > send{request_id="REQ-43" method=POST uri="https://matrix.mertis.kz/_matrix/client/unstable/org.matrix.simplified_msc3575/sync" request_size="646B"}
2026-04-21T14:40:08.385774Z  WARN matrix_sdk_crypto::backups: Trying to backup room keys but no backup key was found | crates/matrix-sdk-crypto/src/backups/mod.rs:519 | spans: root
2026-04-21T14:40:08.386411Z DEBUG matrix_sdk::http_client::native: Sending request num_attempt=1 | crates/matrix-sdk/src/http_client/native.rs:78 | spans: root > next_sync_with_lock{store_generation=0} > sync_once{conn_id="encryption" pos="0/s1041_6501_62_143_248_1_254_225_0_1_1_1" timeout=30000} > send{request_id="REQ-44" method=POST uri="https://matrix.mertis.kz/_matrix/client/unstable/org.matrix.simplified_msc3575/sync" request_size="106B"}
2026-04-21T14:40:08.386840Z DEBUG matrix_sdk_crypto::session_manager::sessions: Collected user/device pairs that are missing an Olm session missing_session_devices_by_user={} timed_out_devices_by_user={} | crates/matrix-sdk-crypto/src/session_manager/sessions.rs:285 | spans: root > next_sync_with_lock{store_generation=0} > sync_once{conn_id="encryption" pos="0/s1041_6501_62_143_248_1_254_225_0_1_1_1" timeout=30000} > send_outgoing_requests > get_missing_sessions
2026-04-21T14:40:38.393323Z DEBUG matrix_sdk::http_client: Got response | crates/matrix-sdk/src/http_client/mod.rs:214 | spans: root > next_sync_with_lock{store_generation=0} > sync_once{conn_id="encryption" pos="0/s1041_6501_62_143_248_1_254_225_0_1_1_1" timeout=30000} > send{request_id="REQ-44" method=POST uri="https://matrix.mertis.kz/_matrix/client/unstable/org.matrix.simplified_msc3575/sync" request_size="106B" status=200 response_size="283B" request_duration=30.006267375s}
2026-04-21T14:40:38.393412Z DEBUG matrix_sdk::http_client: Got response | crates/matrix-sdk/src/http_client/mod.rs:214 | spans: root > sync_once{conn_id="room-list" pos="553/s1041_6501_62_143_248_1_254_225_0_1_1_1" timeout=30000} > send{request_id="REQ-43" method=POST uri="https://matrix.mertis.kz/_matrix/client/unstable/org.matrix.simplified_msc3575/sync" request_size="646B" status=200 response_size="344B" request_duration=30.010381458s}
2026-04-21T14:40:38.403048Z  WARN matrix_sdk_crypto::backups: Trying to backup room keys but no backup key was found | crates/matrix-sdk-crypto/src/backups/mod.rs:519 | spans: root
2026-04-21T14:40:38.404557Z  INFO elementx: Received room list update: running | ClientProxy.swift:1143 | spans: root
2026-04-21T14:40:38.404675Z DEBUG matrix_sdk::http_client::native: Sending request num_attempt=1 | crates/matrix-sdk/src/http_client/native.rs:78 | spans: root > sync_once{conn_id="room-list" pos="553/s1041_6501_62_143_248_1_254_225_0_1_1_1" timeout=30000} > send{request_id="REQ-46" method=POST uri="https://matrix.mertis.kz/_matrix/client/unstable/org.matrix.simplified_msc3575/sync" request_size="646B"}
2026-04-21T14:40:38.404776Z DEBUG matrix_sdk::http_client::native: Sending request num_attempt=1 | crates/matrix-sdk/src/http_client/native.rs:78 | spans: root > next_sync_with_lock{store_generation=0} > sync_once{conn_id="encryption" pos="0/s1041_6501_62_143_248_1_254_225_0_1_1_1" timeout=30000} > send{request_id="REQ-45" method=POST uri="https://matrix.mertis.kz/_matrix/client/unstable/org.matrix.simplified_msc3575/sync" request_size="106B"}
2026-04-21T14:40:38.405407Z DEBUG matrix_sdk_crypto::session_manager::sessions: Collected user/device pairs that are missing an Olm session missing_session_devices_by_user={} timed_out_devices_by_user={} | crates/matrix-sdk-crypto/src/session_manager/sessions.rs:285 | spans: root > next_sync_with_lock{store_generation=0} > sync_once{conn_id="encryption" pos="0/s1041_6501_62_143_248_1_254_225_0_1_1_1" timeout=30000} > send_outgoing_requests > get_missing_sessions
2026-04-21T14:41:08.441767Z DEBUG matrix_sdk::http_client: Got response | crates/matrix-sdk/src/http_client/mod.rs:214 | spans: root > next_sync_with_lock{store_generation=0} > sync_once{conn_id="encryption" pos="0/s1041_6501_62_143_248_1_254_225_0_1_1_1" timeout=30000} > send{request_id="REQ-45" method=POST uri="https://matrix.mertis.kz/_matrix/client/unstable/org.matrix.simplified_msc3575/sync" request_size="106B" status=200 response_size="283B" request_duration=30.026356833s}
2026-04-21T14:41:08.441793Z DEBUG matrix_sdk::http_client: Got response | crates/matrix-sdk/src/http_client/mod.rs:214 | spans: root > sync_once{conn_id="room-list" pos="553/s1041_6501_62_143_248_1_254_225_0_1_1_1" timeout=30000} > send{request_id="REQ-46" method=POST uri="https://matrix.mertis.kz/_matrix/client/unstable/org.matrix.simplified_msc3575/sync" request_size="646B" status=200 response_size="344B" request_duration=30.02645475s}
2026-04-21T14:41:08.477812Z DEBUG matrix_sdk::http_client::native: Sending request num_attempt=1 | crates/matrix-sdk/src/http_client/native.rs:78 | spans: root > sync_once{conn_id="room-list" pos="553/s1041_6501_62_143_248_1_254_225_0_1_1_1" timeout=30000} > send{request_id="REQ-47" method=POST uri="https://matrix.mertis.kz/_matrix/client/unstable/org.matrix.simplified_msc3575/sync" request_size="646B"}
2026-04-21T14:41:08.480804Z  INFO elementx: Received room list update: running | ClientProxy.swift:1143 | spans: root
2026-04-21T14:41:08.482852Z  WARN matrix_sdk_crypto::backups: Trying to backup room keys but no backup key was found | crates/matrix-sdk-crypto/src/backups/mod.rs:519 | spans: root
2026-04-21T14:41:08.483296Z DEBUG matrix_sdk::http_client::native: Sending request num_attempt=1 | crates/matrix-sdk/src/http_client/native.rs:78 | spans: root > next_sync_with_lock{store_generation=0} > sync_once{conn_id="encryption" pos="0/s1041_6501_62_143_248_1_254_225_0_1_1_1" timeout=30000} > send{request_id="REQ-48" method=POST uri="https://matrix.mertis.kz/_matrix/client/unstable/org.matrix.simplified_msc3575/sync" request_size="106B"}
2026-04-21T14:41:08.483727Z DEBUG matrix_sdk_crypto::session_manager::sessions: Collected user/device pairs that are missing an Olm session missing_session_devices_by_user={} timed_out_devices_by_user={} | crates/matrix-sdk-crypto/src/session_manager/sessions.rs:285 | spans: root > next_sync_with_lock{store_generation=0} > sync_once{conn_id="encryption" pos="0/s1041_6501_62_143_248_1_254_225_0_1_1_1" timeout=30000} > send_outgoing_requests > get_missing_sessions
2026-04-21T14:41:38.554293Z DEBUG matrix_sdk::http_client: Got response | crates/matrix-sdk/src/http_client/mod.rs:214 | spans: root > next_sync_with_lock{store_generation=0} > sync_once{conn_id="encryption" pos="0/s1041_6501_62_143_248_1_254_225_0_1_1_1" timeout=30000} > send{request_id="REQ-48" method=POST uri="https://matrix.mertis.kz/_matrix/client/unstable/org.matrix.simplified_msc3575/sync" request_size="106B" status=200 response_size="283B" request_duration=30.054111s}
2026-04-21T14:41:38.554317Z DEBUG matrix_sdk::http_client: Got response | crates/matrix-sdk/src/http_client/mod.rs:214 | spans: root > sync_once{conn_id="room-list" pos="553/s1041_6501_62_143_248_1_254_225_0_1_1_1" timeout=30000} > send{request_id="REQ-47" method=POST uri="https://matrix.mertis.kz/_matrix/client/unstable/org.matrix.simplified_msc3575/sync" request_size="646B" status=200 response_size="344B" request_duration=30.059585458s}
2026-04-21T14:41:38.591637Z DEBUG matrix_sdk::http_client::native: Sending request num_attempt=1 | crates/matrix-sdk/src/http_client/native.rs:78 | spans: root > sync_once{conn_id="room-list" pos="553/s1041_6501_62_143_248_1_254_225_0_1_1_1" timeout=30000} > send{request_id="REQ-49" method=POST uri="https://matrix.mertis.kz/_matrix/client/unstable/org.matrix.simplified_msc3575/sync" request_size="646B"}
2026-04-21T14:41:38.597369Z  WARN matrix_sdk_crypto::backups: Trying to backup room keys but no backup key was found | crates/matrix-sdk-crypto/src/backups/mod.rs:519 | spans: root
2026-04-21T14:41:38.597724Z DEBUG matrix_sdk::http_client::native: Sending request num_attempt=1 | crates/matrix-sdk/src/http_client/native.rs:78 | spans: root > next_sync_with_lock{store_generation=0} > sync_once{conn_id="encryption" pos="0/s1041_6501_62_143_248_1_254_225_0_1_1_1" timeout=30000} > send{request_id="REQ-50" method=POST uri="https://matrix.mertis.kz/_matrix/client/unstable/org.matrix.simplified_msc3575/sync" request_size="106B"}
2026-04-21T14:41:38.597996Z DEBUG matrix_sdk_crypto::session_manager::sessions: Collected user/device pairs that are missing an Olm session missing_session_devices_by_user={} timed_out_devices_by_user={} | crates/matrix-sdk-crypto/src/session_manager/sessions.rs:285 | spans: root > next_sync_with_lock{store_generation=0} > sync_once{conn_id="encryption" pos="0/s1041_6501_62_143_248_1_254_225_0_1_1_1" timeout=30000} > send_outgoing_requests > get_missing_sessions
2026-04-21T14:41:38.598431Z  INFO elementx: Received room list update: running | ClientProxy.swift:1143 | spans: root
2026-04-21T14:42:08.632645Z DEBUG matrix_sdk::http_client: Got response | crates/matrix-sdk/src/http_client/mod.rs:214 | spans: root > sync_once{conn_id="room-list" pos="553/s1041_6501_62_143_248_1_254_225_0_1_1_1" timeout=30000} > send{request_id="REQ-49" method=POST uri="https://matrix.mertis.kz/_matrix/client/unstable/org.matrix.simplified_msc3575/sync" request_size="646B" status=200 response_size="344B" request_duration=30.03036375s}
2026-04-21T14:42:08.632690Z DEBUG matrix_sdk::http_client: Got response | crates/matrix-sdk/src/http_client/mod.rs:214 | spans: root > next_sync_with_lock{store_generation=0} > sync_once{conn_id="encryption" pos="0/s1041_6501_62_143_248_1_254_225_0_1_1_1" timeout=30000} > send{request_id="REQ-50" method=POST uri="https://matrix.mertis.kz/_matrix/client/unstable/org.matrix.simplified_msc3575/sync" request_size="106B" status=200 response_size="283B" request_duration=30.024659084s}
2026-04-21T14:42:08.669669Z DEBUG matrix_sdk::http_client::native: Sending request num_attempt=1 | crates/matrix-sdk/src/http_client/native.rs:78 | spans: root > sync_once{conn_id="room-list" pos="553/s1041_6501_62_143_248_1_254_225_0_1_1_1" timeout=30000} > send{request_id="REQ-51" method=POST uri="https://matrix.mertis.kz/_matrix/client/unstable/org.matrix.simplified_msc3575/sync" request_size="646B"}
2026-04-21T14:42:08.672567Z  WARN matrix_sdk_crypto::backups: Trying to backup room keys but no backup key was found | crates/matrix-sdk-crypto/src/backups/mod.rs:519 | spans: root
2026-04-21T14:42:08.673193Z DEBUG matrix_sdk::http_client::native: Sending request num_attempt=1 | crates/matrix-sdk/src/http_client/native.rs:78 | spans: root > next_sync_with_lock{store_generation=0} > sync_once{conn_id="encryption" pos="0/s1041_6501_62_143_248_1_254_225_0_1_1_1" timeout=30000} > send{request_id="REQ-52" method=POST uri="https://matrix.mertis.kz/_matrix/client/unstable/org.matrix.simplified_msc3575/sync" request_size="106B"}
2026-04-21T14:42:08.673815Z DEBUG matrix_sdk_crypto::session_manager::sessions: Collected user/device pairs that are missing an Olm session missing_session_devices_by_user={} timed_out_devices_by_user={} | crates/matrix-sdk-crypto/src/session_manager/sessions.rs:285 | spans: root > next_sync_with_lock{store_generation=0} > sync_once{conn_id="encryption" pos="0/s1041_6501_62_143_248_1_254_225_0_1_1_1" timeout=30000} > send_outgoing_requests > get_missing_sessions
2026-04-21T14:42:08.675380Z  INFO elementx: Received room list update: running | ClientProxy.swift:1143 | spans: root
2026-04-21T14:42:38.711275Z DEBUG matrix_sdk::http_client: Got response | crates/matrix-sdk/src/http_client/mod.rs:214 | spans: root > next_sync_with_lock{store_generation=0} > sync_once{conn_id="encryption" pos="0/s1041_6501_62_143_248_1_254_225_0_1_1_1" timeout=30000} > send{request_id="REQ-52" method=POST uri="https://matrix.mertis.kz/_matrix/client/unstable/org.matrix.simplified_msc3575/sync" request_size="106B" status=200 response_size="283B" request_duration=30.025227084s}
2026-04-21T14:42:38.711333Z DEBUG matrix_sdk::http_client: Got response | crates/matrix-sdk/src/http_client/mod.rs:214 | spans: root > sync_once{conn_id="room-list" pos="553/s1041_6501_62_143_248_1_254_225_0_1_1_1" timeout=30000} > send{request_id="REQ-51" method=POST uri="https://matrix.mertis.kz/_matrix/client/unstable/org.matrix.simplified_msc3575/sync" request_size="646B" status=200 response_size="344B" request_duration=30.028751458s}
2026-04-21T14:42:38.750473Z DEBUG matrix_sdk::http_client::native: Sending request num_attempt=1 | crates/matrix-sdk/src/http_client/native.rs:78 | spans: root > sync_once{conn_id="room-list" pos="553/s1041_6501_62_143_248_1_254_225_0_1_1_1" timeout=30000} > send{request_id="REQ-53" method=POST uri="https://matrix.mertis.kz/_matrix/client/unstable/org.matrix.simplified_msc3575/sync" request_size="646B"}
2026-04-21T14:42:38.754133Z  INFO elementx: Received room list update: running | ClientProxy.swift:1143 | spans: root
2026-04-21T14:42:38.755345Z  WARN matrix_sdk_crypto::backups: Trying to backup room keys but no backup key was found | crates/matrix-sdk-crypto/src/backups/mod.rs:519 | spans: root
2026-04-21T14:42:38.756119Z DEBUG matrix_sdk::http_client::native: Sending request num_attempt=1 | crates/matrix-sdk/src/http_client/native.rs:78 | spans: root > next_sync_with_lock{store_generation=0} > sync_once{conn_id="encryption" pos="0/s1041_6501_62_143_248_1_254_225_0_1_1_1" timeout=30000} > send{request_id="REQ-54" method=POST uri="https://matrix.mertis.kz/_matrix/client/unstable/org.matrix.simplified_msc3575/sync" request_size="106B"}
2026-04-21T14:42:38.756552Z DEBUG matrix_sdk_crypto::session_manager::sessions: Collected user/device pairs that are missing an Olm session missing_session_devices_by_user={} timed_out_devices_by_user={} | crates/matrix-sdk-crypto/src/session_manager/sessions.rs:285 | spans: root > next_sync_with_lock{store_generation=0} > sync_once{conn_id="encryption" pos="0/s1041_6501_62_143_248_1_254_225_0_1_1_1" timeout=30000} > send_outgoing_requests > get_missing_sessions
2026-04-21T14:43:08.867936Z DEBUG matrix_sdk::http_client: Got response | crates/matrix-sdk/src/http_client/mod.rs:214 | spans: root > next_sync_with_lock{store_generation=0} > sync_once{conn_id="encryption" pos="0/s1041_6501_62_143_248_1_254_225_0_1_1_1" timeout=30000} > send{request_id="REQ-54" method=POST uri="https://matrix.mertis.kz/_matrix/client/unstable/org.matrix.simplified_msc3575/sync" request_size="106B" status=200 response_size="283B" request_duration=30.072761542s}
2026-04-21T14:43:08.868051Z DEBUG matrix_sdk::http_client: Got response | crates/matrix-sdk/src/http_client/mod.rs:214 | spans: root > sync_once{conn_id="room-list" pos="553/s1041_6501_62_143_248_1_254_225_0_1_1_1" timeout=30000} > send{request_id="REQ-53" method=POST uri="https://matrix.mertis.kz/_matrix/client/unstable/org.matrix.simplified_msc3575/sync" request_size="646B" status=200 response_size="344B" request_duration=30.077158917s}
2026-04-21T14:43:09.010648Z  WARN matrix_sdk_crypto::backups: Trying to backup room keys but no backup key was found | crates/matrix-sdk-crypto/src/backups/mod.rs:519 | spans: root
2026-04-21T14:43:09.054920Z DEBUG matrix_sdk::http_client::native: Sending request num_attempt=1 | crates/matrix-sdk/src/http_client/native.rs:78 | spans: root > next_sync_with_lock{store_generation=0} > sync_once{conn_id="encryption" pos="0/s1041_6501_62_143_248_1_254_225_0_1_1_1" timeout=30000} > send{request_id="REQ-55" method=POST uri="https://matrix.mertis.kz/_matrix/client/unstable/org.matrix.simplified_msc3575/sync" request_size="106B"}
2026-04-21T14:43:09.055961Z DEBUG matrix_sdk::http_client::native: Sending request num_attempt=1 | crates/matrix-sdk/src/http_client/native.rs:78 | spans: root > sync_once{conn_id="room-list" pos="553/s1041_6501_62_143_248_1_254_225_0_1_1_1" timeout=30000} > send{request_id="REQ-56" method=POST uri="https://matrix.mertis.kz/_matrix/client/unstable/org.matrix.simplified_msc3575/sync" request_size="646B"}
2026-04-21T14:43:09.060270Z DEBUG matrix_sdk_crypto::session_manager::sessions: Collected user/device pairs that are missing an Olm session missing_session_devices_by_user={} timed_out_devices_by_user={} | crates/matrix-sdk-crypto/src/session_manager/sessions.rs:285 | spans: root > next_sync_with_lock{store_generation=0} > sync_once{conn_id="encryption" pos="0/s1041_6501_62_143_248_1_254_225_0_1_1_1" timeout=30000} > send_outgoing_requests > get_missing_sessions
2026-04-21T14:43:09.069181Z ERROR matrix_sdk::http_client: Error while sending request: Api(Server(ClientApi(Error { status_code: 401, body: Standard(StandardErrorBody { kind: UnknownToken(UnknownTokenErrorData { soft_logout: false }), message: "Token is not active" }) }))) | crates/matrix-sdk/src/http_client/mod.rs:218 | spans: root > sync_once{conn_id="room-list" pos="553/s1041_6501_62_143_248_1_254_225_0_1_1_1" timeout=30000} > send{request_id="REQ-56" method=POST uri="https://matrix.mertis.kz/_matrix/client/unstable/org.matrix.simplified_msc3575/sync" request_size="646B" status=401 response_size="79B" request_duration=8.039959ms}
2026-04-21T14:43:09.069342Z  INFO elementx: Received room list update: running | ClientProxy.swift:1143 | spans: root
2026-04-21T14:43:09.069583Z ERROR matrix_sdk::http_client: Error while sending request: Api(Server(ClientApi(Error { status_code: 401, body: Standard(StandardErrorBody { kind: UnknownToken(UnknownTokenErrorData { soft_logout: false }), message: "Token is not active" }) }))) | crates/matrix-sdk/src/http_client/mod.rs:218 | spans: root > next_sync_with_lock{store_generation=0} > sync_once{conn_id="encryption" pos="0/s1041_6501_62_143_248_1_254_225_0_1_1_1" timeout=30000} > send{request_id="REQ-55" method=POST uri="https://matrix.mertis.kz/_matrix/client/unstable/org.matrix.simplified_msc3575/sync" request_size="106B" status=401 response_size="79B" request_duration=8.867208ms}
2026-04-21T14:43:09.069916Z TRACE matrix_sdk::client::futures: Token refresh: Unknown token error received. | crates/matrix-sdk/src/client/futures.rs:103 | spans: root > sync_once{conn_id="room-list" pos="553/s1041_6501_62_143_248_1_254_225_0_1_1_1" timeout=30000}
2026-04-21T14:43:09.071116Z TRACE matrix_sdk::client::futures: Token refresh: Unknown token error received. | crates/matrix-sdk/src/client/futures.rs:103 | spans: root > next_sync_with_lock{store_generation=0} > sync_once{conn_id="encryption" pos="0/s1041_6501_62_143_248_1_254_225_0_1_1_1" timeout=30000}
2026-04-21T14:43:09.071183Z TRACE matrix_sdk::client: Token refresh: Using OAuth 2.0. | crates/matrix-sdk/src/client/mod.rs:1479 | spans: root > next_sync_with_lock{store_generation=0} > sync_once{conn_id="encryption" pos="0/s1041_6501_62_143_248_1_254_225_0_1_1_1" timeout=30000}
2026-04-21T14:43:09.071295Z TRACE matrix_sdk::client: Token refresh: Using OAuth 2.0. | crates/matrix-sdk/src/client/mod.rs:1479 | spans: root > sync_once{conn_id="room-list" pos="553/s1041_6501_62_143_248_1_254_225_0_1_1_1" timeout=30000}
2026-04-21T14:43:09.078556Z DEBUG matrix_sdk::http_client::native: Sending request num_attempt=1 | crates/matrix-sdk/src/http_client/native.rs:78 | spans: root > sync_once{conn_id="room-list" pos="553/s1041_6501_62_143_248_1_254_225_0_1_1_1" timeout=30000} > refresh_access_token > send{request_id="REQ-57" method=GET uri="https://matrix.mertis.kz/_matrix/client/unstable/org.matrix.msc2965/auth_metadata"}
2026-04-21T14:43:09.084233Z DEBUG matrix_sdk::http_client: Got response | crates/matrix-sdk/src/http_client/mod.rs:214 | spans: root > sync_once{conn_id="room-list" pos="553/s1041_6501_62_143_248_1_254_225_0_1_1_1" timeout=30000} > refresh_access_token > send{request_id="REQ-57" method=GET uri="https://matrix.mertis.kz/_matrix/client/unstable/org.matrix.msc2965/auth_metadata" status=200 response_size="2.6k" request_duration=2.492375ms}
2026-04-21T14:43:09.445867Z  INFO elementx: Saving session changes in the keychain. | KeychainController.swift:111 | spans: root
2026-04-21T14:43:09.603621Z TRACE matrix_sdk::client::futures: Token refresh: Refresh succeeded, retrying request. | crates/matrix-sdk/src/client/futures.rs:155 | spans: root > sync_once{conn_id="room-list" pos="553/s1041_6501_62_143_248_1_254_225_0_1_1_1" timeout=30000}
2026-04-21T14:43:09.603687Z TRACE matrix_sdk::client::futures: Token refresh: Refresh succeeded, retrying request. | crates/matrix-sdk/src/client/futures.rs:155 | spans: root > next_sync_with_lock{store_generation=0} > sync_once{conn_id="encryption" pos="0/s1041_6501_62_143_248_1_254_225_0_1_1_1" timeout=30000}
2026-04-21T14:43:09.603705Z DEBUG matrix_sdk::http_client::native: Sending request num_attempt=1 | crates/matrix-sdk/src/http_client/native.rs:78 | spans: root > sync_once{conn_id="room-list" pos="553/s1041_6501_62_143_248_1_254_225_0_1_1_1" timeout=30000} > send{request_id="REQ-58" method=POST uri="https://matrix.mertis.kz/_matrix/client/unstable/org.matrix.simplified_msc3575/sync" request_size="646B"}
2026-04-21T14:43:09.603743Z DEBUG matrix_sdk::http_client::native: Sending request num_attempt=1 | crates/matrix-sdk/src/http_client/native.rs:78 | spans: root > next_sync_with_lock{store_generation=0} > sync_once{conn_id="encryption" pos="0/s1041_6501_62_143_248_1_254_225_0_1_1_1" timeout=30000} > send{request_id="REQ-59" method=POST uri="https://matrix.mertis.kz/_matrix/client/unstable/org.matrix.simplified_msc3575/sync" request_size="106B"}
2026-04-21T14:43:39.652580Z DEBUG matrix_sdk::http_client: Got response | crates/matrix-sdk/src/http_client/mod.rs:214 | spans: root > next_sync_with_lock{store_generation=0} > sync_once{conn_id="encryption" pos="0/s1041_6501_62_143_248_1_254_225_0_1_1_1" timeout=30000} > send{request_id="REQ-59" method=POST uri="https://matrix.mertis.kz/_matrix/client/unstable/org.matrix.simplified_msc3575/sync" request_size="106B" status=200 response_size="283B" request_duration=30.036371041s}
2026-04-21T14:43:39.652644Z DEBUG matrix_sdk::http_client: Got response | crates/matrix-sdk/src/http_client/mod.rs:214 | spans: root > sync_once{conn_id="room-list" pos="553/s1041_6501_62_143_248_1_254_225_0_1_1_1" timeout=30000} > send{request_id="REQ-58" method=POST uri="https://matrix.mertis.kz/_matrix/client/unstable/org.matrix.simplified_msc3575/sync" request_size="646B" status=200 response_size="344B" request_duration=30.036404458s}
2026-04-21T14:43:39.690531Z  INFO elementx: Received room list update: running | ClientProxy.swift:1143 | spans: root
2026-04-21T14:43:39.691107Z DEBUG matrix_sdk::http_client::native: Sending request num_attempt=1 | crates/matrix-sdk/src/http_client/native.rs:78 | spans: root > sync_once{conn_id="room-list" pos="553/s1041_6501_62_143_248_1_254_225_0_1_1_1" timeout=30000} > send{request_id="REQ-60" method=POST uri="https://matrix.mertis.kz/_matrix/client/unstable/org.matrix.simplified_msc3575/sync" request_size="646B"}
2026-04-21T14:43:39.698150Z  WARN matrix_sdk_crypto::backups: Trying to backup room keys but no backup key was found | crates/matrix-sdk-crypto/src/backups/mod.rs:519 | spans: root
2026-04-21T14:43:39.699259Z DEBUG matrix_sdk::http_client::native: Sending request num_attempt=1 | crates/matrix-sdk/src/http_client/native.rs:78 | spans: root > next_sync_with_lock{store_generation=0} > sync_once{conn_id="encryption" pos="0/s1041_6501_62_143_248_1_254_225_0_1_1_1" timeout=30000} > send{request_id="REQ-61" method=POST uri="https://matrix.mertis.kz/_matrix/client/unstable/org.matrix.simplified_msc3575/sync" request_size="106B"}
2026-04-21T14:43:39.699849Z DEBUG matrix_sdk_crypto::session_manager::sessions: Collected user/device pairs that are missing an Olm session missing_session_devices_by_user={} timed_out_devices_by_user={} | crates/matrix-sdk-crypto/src/session_manager/sessions.rs:285 | spans: root > next_sync_with_lock{store_generation=0} > sync_once{conn_id="encryption" pos="0/s1041_6501_62_143_248_1_254_225_0_1_1_1" timeout=30000} > send_outgoing_requests > get_missing_sessions
2026-04-21T14:44:09.758681Z DEBUG matrix_sdk::http_client: Got response | crates/matrix-sdk/src/http_client/mod.rs:214 | spans: root > next_sync_with_lock{store_generation=0} > sync_once{conn_id="encryption" pos="0/s1041_6501_62_143_248_1_254_225_0_1_1_1" timeout=30000} > send{request_id="REQ-61" method=POST uri="https://matrix.mertis.kz/_matrix/client/unstable/org.matrix.simplified_msc3575/sync" request_size="106B" status=200 response_size="283B" request_duration=30.023243458s}
2026-04-21T14:44:09.758955Z DEBUG matrix_sdk::http_client: Got response | crates/matrix-sdk/src/http_client/mod.rs:214 | spans: root > sync_once{conn_id="room-list" pos="553/s1041_6501_62_143_248_1_254_225_0_1_1_1" timeout=30000} > send{request_id="REQ-60" method=POST uri="https://matrix.mertis.kz/_matrix/client/unstable/org.matrix.simplified_msc3575/sync" request_size="646B" status=200 response_size="344B" request_duration=30.031307417s}
2026-04-21T14:44:09.839452Z  WARN matrix_sdk_crypto::backups: Trying to backup room keys but no backup key was found | crates/matrix-sdk-crypto/src/backups/mod.rs:519 | spans: root
2026-04-21T14:44:09.861708Z DEBUG matrix_sdk::http_client::native: Sending request num_attempt=1 | crates/matrix-sdk/src/http_client/native.rs:78 | spans: root > next_sync_with_lock{store_generation=0} > sync_once{conn_id="encryption" pos="0/s1041_6501_62_143_248_1_254_225_0_1_1_1" timeout=30000} > send{request_id="REQ-62" method=POST uri="https://matrix.mertis.kz/_matrix/client/unstable/org.matrix.simplified_msc3575/sync" request_size="106B"}
2026-04-21T14:44:09.861835Z DEBUG matrix_sdk::http_client::native: Sending request num_attempt=1 | crates/matrix-sdk/src/http_client/native.rs:78 | spans: root > sync_once{conn_id="room-list" pos="553/s1041_6501_62_143_248_1_254_225_0_1_1_1" timeout=30000} > send{request_id="REQ-63" method=POST uri="https://matrix.mertis.kz/_matrix/client/unstable/org.matrix.simplified_msc3575/sync" request_size="646B"}
2026-04-21T14:44:09.864886Z DEBUG matrix_sdk_crypto::session_manager::sessions: Collected user/device pairs that are missing an Olm session missing_session_devices_by_user={} timed_out_devices_by_user={} | crates/matrix-sdk-crypto/src/session_manager/sessions.rs:285 | spans: root > next_sync_with_lock{store_generation=0} > sync_once{conn_id="encryption" pos="0/s1041_6501_62_143_248_1_254_225_0_1_1_1" timeout=30000} > send_outgoing_requests > get_missing_sessions
2026-04-21T14:44:09.872021Z  INFO elementx: Received room list update: running | ClientProxy.swift:1143 | spans: root
